<!doctype html public "-//w3c//dtd html 4.0 transitional//en">
<html><head>
<title>Static Call Graph - [disMeasure_CM7\disMeasure_CM7.axf]</title></head>
<body><HR>
<H1>Static Call Graph for image disMeasure_CM7\disMeasure_CM7.axf</H1><HR>
<BR><P>#&#060CALLGRAPH&#062# ARM Linker, 5060960: Last Updated: Fri Jun 12 23:47:13 2026
<BR><P>
<H3>Maximum Stack Usage =       1436 bytes + Unknown(Functions without stacksize, Cycles, Untraceable Function Pointers)</H3><H3>
Call chain for Maximum Stack Depth:</H3>
__rt_entry_main &rArr; main &rArr; STM32CubeAI_Studio_AI_Process &rArr; main_loop &rArr; acquire_and_process_data &rArr; compute_hankel
<P>
<H3>
Functions with no stack information
</H3><UL>
 <LI><a href="#[11b]">__user_initial_stackheap</a>
</UL>
</UL>
<P>
<H3>
Mutually Recursive functions
</H3> <LI><a href="#[b7]">ADC3_IRQHandler</a>&nbsp;&nbsp;&nbsp;&rArr;&nbsp;&nbsp;&nbsp;<a href="#[b7]">ADC3_IRQHandler</a><BR>
 <LI><a href="#[36]">BusFault_Handler</a>&nbsp;&nbsp;&nbsp;&rArr;&nbsp;&nbsp;&nbsp;<a href="#[36]">BusFault_Handler</a><BR>
 <LI><a href="#[34]">HardFault_Handler</a>&nbsp;&nbsp;&nbsp;&rArr;&nbsp;&nbsp;&nbsp;<a href="#[34]">HardFault_Handler</a><BR>
 <LI><a href="#[35]">MemManage_Handler</a>&nbsp;&nbsp;&nbsp;&rArr;&nbsp;&nbsp;&nbsp;<a href="#[35]">MemManage_Handler</a><BR>
 <LI><a href="#[33]">NMI_Handler</a>&nbsp;&nbsp;&nbsp;&rArr;&nbsp;&nbsp;&nbsp;<a href="#[33]">NMI_Handler</a><BR>
 <LI><a href="#[37]">UsageFault_Handler</a>&nbsp;&nbsp;&nbsp;&rArr;&nbsp;&nbsp;&nbsp;<a href="#[37]">UsageFault_Handler</a><BR>
</UL>
<P>
<H3>
Function Pointers
</H3><UL>
 <LI><a href="#[b7]">ADC3_IRQHandler</a> from startup_stm32h747xx_cm7.o(.text) referenced from startup_stm32h747xx_cm7.o(RESET)
 <LI><a href="#[4e]">ADC_IRQHandler</a> from startup_stm32h747xx_cm7.o(.text) referenced from startup_stm32h747xx_cm7.o(RESET)
 <LI><a href="#[b9]">BDMA_Channel0_IRQHandler</a> from startup_stm32h747xx_cm7.o(.text) referenced from startup_stm32h747xx_cm7.o(RESET)
 <LI><a href="#[ba]">BDMA_Channel1_IRQHandler</a> from startup_stm32h747xx_cm7.o(.text) referenced from startup_stm32h747xx_cm7.o(RESET)
 <LI><a href="#[bb]">BDMA_Channel2_IRQHandler</a> from startup_stm32h747xx_cm7.o(.text) referenced from startup_stm32h747xx_cm7.o(RESET)
 <LI><a href="#[bc]">BDMA_Channel3_IRQHandler</a> from startup_stm32h747xx_cm7.o(.text) referenced from startup_stm32h747xx_cm7.o(RESET)
 <LI><a href="#[bd]">BDMA_Channel4_IRQHandler</a> from startup_stm32h747xx_cm7.o(.text) referenced from startup_stm32h747xx_cm7.o(RESET)
 <LI><a href="#[be]">BDMA_Channel5_IRQHandler</a> from startup_stm32h747xx_cm7.o(.text) referenced from startup_stm32h747xx_cm7.o(RESET)
 <LI><a href="#[bf]">BDMA_Channel6_IRQHandler</a> from startup_stm32h747xx_cm7.o(.text) referenced from startup_stm32h747xx_cm7.o(RESET)
 <LI><a href="#[c0]">BDMA_Channel7_IRQHandler</a> from startup_stm32h747xx_cm7.o(.text) referenced from startup_stm32h747xx_cm7.o(RESET)
 <LI><a href="#[d3]">BSP_GetTick</a> from stm32h747i_discovery_bus.o(i.BSP_GetTick) referenced from stm32h747i_discovery_lcd.o(i.NT35510_Probe)
 <LI><a href="#[d3]">BSP_GetTick</a> from stm32h747i_discovery_bus.o(i.BSP_GetTick) referenced from stm32h747i_discovery_lcd.o(i.OTM8009A_Probe)
 <LI><a href="#[db]">BSP_LCD_DrawBitmap</a> from stm32h747i_discovery_lcd.o(i.BSP_LCD_DrawBitmap) referenced from stm32h747i_discovery_lcd.o(.constdata)
 <LI><a href="#[dd]">BSP_LCD_DrawHLine</a> from stm32h747i_discovery_lcd.o(i.BSP_LCD_DrawHLine) referenced from stm32h747i_discovery_lcd.o(.constdata)
 <LI><a href="#[de]">BSP_LCD_DrawVLine</a> from stm32h747i_discovery_lcd.o(i.BSP_LCD_DrawVLine) referenced from stm32h747i_discovery_lcd.o(.constdata)
 <LI><a href="#[dc]">BSP_LCD_FillRGBRect</a> from stm32h747i_discovery_lcd.o(i.BSP_LCD_FillRGBRect) referenced from stm32h747i_discovery_lcd.o(.constdata)
 <LI><a href="#[df]">BSP_LCD_FillRect</a> from stm32h747i_discovery_lcd.o(i.BSP_LCD_FillRect) referenced from stm32h747i_discovery_lcd.o(.constdata)
 <LI><a href="#[e5]">BSP_LCD_GetPixelFormat</a> from stm32h747i_discovery_lcd.o(i.BSP_LCD_GetPixelFormat) referenced from stm32h747i_discovery_lcd.o(.constdata)
 <LI><a href="#[e2]">BSP_LCD_GetXSize</a> from stm32h747i_discovery_lcd.o(i.BSP_LCD_GetXSize) referenced from stm32h747i_discovery_lcd.o(.constdata)
 <LI><a href="#[e3]">BSP_LCD_GetYSize</a> from stm32h747i_discovery_lcd.o(i.BSP_LCD_GetYSize) referenced from stm32h747i_discovery_lcd.o(.constdata)
 <LI><a href="#[e0]">BSP_LCD_ReadPixel</a> from stm32h747i_discovery_lcd.o(i.BSP_LCD_ReadPixel) referenced from stm32h747i_discovery_lcd.o(.constdata)
 <LI><a href="#[e4]">BSP_LCD_SetActiveLayer</a> from stm32h747i_discovery_lcd.o(i.BSP_LCD_SetActiveLayer) referenced from stm32h747i_discovery_lcd.o(.constdata)
 <LI><a href="#[e1]">BSP_LCD_WritePixel</a> from stm32h747i_discovery_lcd.o(i.BSP_LCD_WritePixel) referenced from stm32h747i_discovery_lcd.o(.constdata)
 <LI><a href="#[36]">BusFault_Handler</a> from stm32h7xx_it_1.o(i.BusFault_Handler) referenced from startup_stm32h747xx_cm7.o(RESET)
 <LI><a href="#[96]">CEC_IRQHandler</a> from startup_stm32h747xx_cm7.o(.text) referenced from startup_stm32h747xx_cm7.o(RESET)
 <LI><a href="#[7c]">CM4_SEV_IRQHandler</a> from startup_stm32h747xx_cm7.o(.text) referenced from startup_stm32h747xx_cm7.o(RESET)
 <LI><a href="#[7b]">CM7_SEV_IRQHandler</a> from startup_stm32h747xx_cm7.o(.text) referenced from startup_stm32h747xx_cm7.o(RESET)
 <LI><a href="#[c1]">COMP1_IRQHandler</a> from startup_stm32h747xx_cm7.o(.text) referenced from startup_stm32h747xx_cm7.o(RESET)
 <LI><a href="#[c8]">CRS_IRQHandler</a> from startup_stm32h747xx_cm7.o(.text) referenced from startup_stm32h747xx_cm7.o(RESET)
 <LI><a href="#[87]">DCMI_IRQHandler</a> from startup_stm32h747xx_cm7.o(.text) referenced from startup_stm32h747xx_cm7.o(RESET)
 <LI><a href="#[a6]">DFSDM1_FLT0_IRQHandler</a> from startup_stm32h747xx_cm7.o(.text) referenced from startup_stm32h747xx_cm7.o(RESET)
 <LI><a href="#[a7]">DFSDM1_FLT1_IRQHandler</a> from startup_stm32h747xx_cm7.o(.text) referenced from startup_stm32h747xx_cm7.o(RESET)
 <LI><a href="#[a8]">DFSDM1_FLT2_IRQHandler</a> from startup_stm32h747xx_cm7.o(.text) referenced from startup_stm32h747xx_cm7.o(RESET)
 <LI><a href="#[a9]">DFSDM1_FLT3_IRQHandler</a> from startup_stm32h747xx_cm7.o(.text) referenced from startup_stm32h747xx_cm7.o(RESET)
 <LI><a href="#[47]">DMA1_Stream0_IRQHandler</a> from startup_stm32h747xx_cm7.o(.text) referenced from startup_stm32h747xx_cm7.o(RESET)
 <LI><a href="#[48]">DMA1_Stream1_IRQHandler</a> from startup_stm32h747xx_cm7.o(.text) referenced from startup_stm32h747xx_cm7.o(RESET)
 <LI><a href="#[49]">DMA1_Stream2_IRQHandler</a> from startup_stm32h747xx_cm7.o(.text) referenced from startup_stm32h747xx_cm7.o(RESET)
 <LI><a href="#[4a]">DMA1_Stream3_IRQHandler</a> from startup_stm32h747xx_cm7.o(.text) referenced from startup_stm32h747xx_cm7.o(RESET)
 <LI><a href="#[4b]">DMA1_Stream4_IRQHandler</a> from startup_stm32h747xx_cm7.o(.text) referenced from startup_stm32h747xx_cm7.o(RESET)
 <LI><a href="#[4c]">DMA1_Stream5_IRQHandler</a> from startup_stm32h747xx_cm7.o(.text) referenced from startup_stm32h747xx_cm7.o(RESET)
 <LI><a href="#[4d]">DMA1_Stream6_IRQHandler</a> from startup_stm32h747xx_cm7.o(.text) referenced from startup_stm32h747xx_cm7.o(RESET)
 <LI><a href="#[6a]">DMA1_Stream7_IRQHandler</a> from startup_stm32h747xx_cm7.o(.text) referenced from startup_stm32h747xx_cm7.o(RESET)
 <LI><a href="#[92]">DMA2D_IRQHandler</a> from startup_stm32h747xx_cm7.o(.text) referenced from startup_stm32h747xx_cm7.o(RESET)
 <LI><a href="#[73]">DMA2_Stream0_IRQHandler</a> from startup_stm32h747xx_cm7.o(.text) referenced from startup_stm32h747xx_cm7.o(RESET)
 <LI><a href="#[74]">DMA2_Stream1_IRQHandler</a> from startup_stm32h747xx_cm7.o(.text) referenced from startup_stm32h747xx_cm7.o(RESET)
 <LI><a href="#[75]">DMA2_Stream2_IRQHandler</a> from startup_stm32h747xx_cm7.o(.text) referenced from startup_stm32h747xx_cm7.o(RESET)
 <LI><a href="#[76]">DMA2_Stream3_IRQHandler</a> from startup_stm32h747xx_cm7.o(.text) referenced from startup_stm32h747xx_cm7.o(RESET)
 <LI><a href="#[77]">DMA2_Stream4_IRQHandler</a> from startup_stm32h747xx_cm7.o(.text) referenced from startup_stm32h747xx_cm7.o(RESET)
 <LI><a href="#[7d]">DMA2_Stream5_IRQHandler</a> from startup_stm32h747xx_cm7.o(.text) referenced from startup_stm32h747xx_cm7.o(RESET)
 <LI><a href="#[7e]">DMA2_Stream6_IRQHandler</a> from startup_stm32h747xx_cm7.o(.text) referenced from startup_stm32h747xx_cm7.o(RESET)
 <LI><a href="#[7f]">DMA2_Stream7_IRQHandler</a> from startup_stm32h747xx_cm7.o(.text) referenced from startup_stm32h747xx_cm7.o(RESET)
 <LI><a href="#[9e]">DMAMUX1_OVR_IRQHandler</a> from startup_stm32h747xx_cm7.o(.text) referenced from startup_stm32h747xx_cm7.o(RESET)
 <LI><a href="#[b8]">DMAMUX2_OVR_IRQHandler</a> from startup_stm32h747xx_cm7.o(.text) referenced from startup_stm32h747xx_cm7.o(RESET)
 <LI><a href="#[d5]">DSI_IO_Read</a> from stm32h747i_discovery_lcd.o(i.DSI_IO_Read) referenced from stm32h747i_discovery_lcd.o(i.NT35510_Probe)
 <LI><a href="#[d5]">DSI_IO_Read</a> from stm32h747i_discovery_lcd.o(i.DSI_IO_Read) referenced from stm32h747i_discovery_lcd.o(i.OTM8009A_Probe)
 <LI><a href="#[d4]">DSI_IO_Write</a> from stm32h747i_discovery_lcd.o(i.DSI_IO_Write) referenced from stm32h747i_discovery_lcd.o(i.NT35510_Probe)
 <LI><a href="#[d4]">DSI_IO_Write</a> from stm32h747i_discovery_lcd.o(i.DSI_IO_Write) referenced from stm32h747i_discovery_lcd.o(i.OTM8009A_Probe)
 <LI><a href="#[b3]">DSI_IRQHandler</a> from startup_stm32h747xx_cm7.o(.text) referenced from startup_stm32h747xx_cm7.o(RESET)
 <LI><a href="#[39]">DebugMon_Handler</a> from stm32h7xx_it_1.o(i.DebugMon_Handler) referenced from startup_stm32h747xx_cm7.o(RESET)
 <LI><a href="#[c9]">ECC_IRQHandler</a> from startup_stm32h747xx_cm7.o(.text) referenced from startup_stm32h747xx_cm7.o(RESET)
 <LI><a href="#[78]">ETH_IRQHandler</a> from startup_stm32h747xx_cm7.o(.text) referenced from startup_stm32h747xx_cm7.o(RESET)
 <LI><a href="#[79]">ETH_WKUP_IRQHandler</a> from startup_stm32h747xx_cm7.o(.text) referenced from startup_stm32h747xx_cm7.o(RESET)
 <LI><a href="#[42]">EXTI0_IRQHandler</a> from startup_stm32h747xx_cm7.o(.text) referenced from startup_stm32h747xx_cm7.o(RESET)
 <LI><a href="#[64]">EXTI15_10_IRQHandler</a> from startup_stm32h747xx_cm7.o(.text) referenced from startup_stm32h747xx_cm7.o(RESET)
 <LI><a href="#[43]">EXTI1_IRQHandler</a> from startup_stm32h747xx_cm7.o(.text) referenced from startup_stm32h747xx_cm7.o(RESET)
 <LI><a href="#[44]">EXTI2_IRQHandler</a> from startup_stm32h747xx_cm7.o(.text) referenced from startup_stm32h747xx_cm7.o(RESET)
 <LI><a href="#[45]">EXTI3_IRQHandler</a> from startup_stm32h747xx_cm7.o(.text) referenced from startup_stm32h747xx_cm7.o(RESET)
 <LI><a href="#[46]">EXTI4_IRQHandler</a> from startup_stm32h747xx_cm7.o(.text) referenced from startup_stm32h747xx_cm7.o(RESET)
 <LI><a href="#[53]">EXTI9_5_IRQHandler</a> from startup_stm32h747xx_cm7.o(.text) referenced from startup_stm32h747xx_cm7.o(RESET)
 <LI><a href="#[cd]">ExitRun0Mode</a> from system_stm32h7xx_dualcore_boot_cm4_cm7.o(i.ExitRun0Mode) referenced from startup_stm32h747xx_cm7.o(.text)
 <LI><a href="#[4f]">FDCAN1_IT0_IRQHandler</a> from startup_stm32h747xx_cm7.o(.text) referenced from startup_stm32h747xx_cm7.o(RESET)
 <LI><a href="#[51]">FDCAN1_IT1_IRQHandler</a> from startup_stm32h747xx_cm7.o(.text) referenced from startup_stm32h747xx_cm7.o(RESET)
 <LI><a href="#[50]">FDCAN2_IT0_IRQHandler</a> from startup_stm32h747xx_cm7.o(.text) referenced from startup_stm32h747xx_cm7.o(RESET)
 <LI><a href="#[52]">FDCAN2_IT1_IRQHandler</a> from startup_stm32h747xx_cm7.o(.text) referenced from startup_stm32h747xx_cm7.o(RESET)
 <LI><a href="#[7a]">FDCAN_CAL_IRQHandler</a> from startup_stm32h747xx_cm7.o(.text) referenced from startup_stm32h747xx_cm7.o(RESET)
 <LI><a href="#[40]">FLASH_IRQHandler</a> from startup_stm32h747xx_cm7.o(.text) referenced from startup_stm32h747xx_cm7.o(RESET)
 <LI><a href="#[6b]">FMC_IRQHandler</a> from startup_stm32h747xx_cm7.o(.text) referenced from startup_stm32h747xx_cm7.o(RESET)
 <LI><a href="#[89]">FPU_IRQHandler</a> from startup_stm32h747xx_cm7.o(.text) referenced from startup_stm32h747xx_cm7.o(RESET)
 <LI><a href="#[cb]">HOLD_CORE_IRQHandler</a> from startup_stm32h747xx_cm7.o(.text) referenced from startup_stm32h747xx_cm7.o(RESET)
 <LI><a href="#[a5]">HRTIM1_FLT_IRQHandler</a> from startup_stm32h747xx_cm7.o(.text) referenced from startup_stm32h747xx_cm7.o(RESET)
 <LI><a href="#[9f]">HRTIM1_Master_IRQHandler</a> from startup_stm32h747xx_cm7.o(.text) referenced from startup_stm32h747xx_cm7.o(RESET)
 <LI><a href="#[a0]">HRTIM1_TIMA_IRQHandler</a> from startup_stm32h747xx_cm7.o(.text) referenced from startup_stm32h747xx_cm7.o(RESET)
 <LI><a href="#[a1]">HRTIM1_TIMB_IRQHandler</a> from startup_stm32h747xx_cm7.o(.text) referenced from startup_stm32h747xx_cm7.o(RESET)
 <LI><a href="#[a2]">HRTIM1_TIMC_IRQHandler</a> from startup_stm32h747xx_cm7.o(.text) referenced from startup_stm32h747xx_cm7.o(RESET)
 <LI><a href="#[a3]">HRTIM1_TIMD_IRQHandler</a> from startup_stm32h747xx_cm7.o(.text) referenced from startup_stm32h747xx_cm7.o(RESET)
 <LI><a href="#[a4]">HRTIM1_TIME_IRQHandler</a> from startup_stm32h747xx_cm7.o(.text) referenced from startup_stm32h747xx_cm7.o(RESET)
 <LI><a href="#[b5]">HSEM1_IRQHandler</a> from startup_stm32h747xx_cm7.o(.text) referenced from startup_stm32h747xx_cm7.o(RESET)
 <LI><a href="#[b6]">HSEM2_IRQHandler</a> from startup_stm32h747xx_cm7.o(.text) referenced from startup_stm32h747xx_cm7.o(RESET)
 <LI><a href="#[34]">HardFault_Handler</a> from stm32h7xx_it_1.o(i.HardFault_Handler) referenced from startup_stm32h747xx_cm7.o(RESET)
 <LI><a href="#[5c]">I2C1_ER_IRQHandler</a> from startup_stm32h747xx_cm7.o(.text) referenced from startup_stm32h747xx_cm7.o(RESET)
 <LI><a href="#[5b]">I2C1_EV_IRQHandler</a> from startup_stm32h747xx_cm7.o(.text) referenced from startup_stm32h747xx_cm7.o(RESET)
 <LI><a href="#[5e]">I2C2_ER_IRQHandler</a> from startup_stm32h747xx_cm7.o(.text) referenced from startup_stm32h747xx_cm7.o(RESET)
 <LI><a href="#[5d]">I2C2_EV_IRQHandler</a> from startup_stm32h747xx_cm7.o(.text) referenced from startup_stm32h747xx_cm7.o(RESET)
 <LI><a href="#[82]">I2C3_ER_IRQHandler</a> from startup_stm32h747xx_cm7.o(.text) referenced from startup_stm32h747xx_cm7.o(RESET)
 <LI><a href="#[81]">I2C3_EV_IRQHandler</a> from startup_stm32h747xx_cm7.o(.text) referenced from startup_stm32h747xx_cm7.o(RESET)
 <LI><a href="#[98]">I2C4_ER_IRQHandler</a> from startup_stm32h747xx_cm7.o(.text) referenced from startup_stm32h747xx_cm7.o(RESET)
 <LI><a href="#[97]">I2C4_EV_IRQHandler</a> from startup_stm32h747xx_cm7.o(.text) referenced from startup_stm32h747xx_cm7.o(RESET)
 <LI><a href="#[b1]">JPEG_IRQHandler</a> from startup_stm32h747xx_cm7.o(.text) referenced from startup_stm32h747xx_cm7.o(RESET)
 <LI><a href="#[95]">LPTIM1_IRQHandler</a> from startup_stm32h747xx_cm7.o(.text) referenced from startup_stm32h747xx_cm7.o(RESET)
 <LI><a href="#[c2]">LPTIM2_IRQHandler</a> from startup_stm32h747xx_cm7.o(.text) referenced from startup_stm32h747xx_cm7.o(RESET)
 <LI><a href="#[c3]">LPTIM3_IRQHandler</a> from startup_stm32h747xx_cm7.o(.text) referenced from startup_stm32h747xx_cm7.o(RESET)
 <LI><a href="#[c4]">LPTIM4_IRQHandler</a> from startup_stm32h747xx_cm7.o(.text) referenced from startup_stm32h747xx_cm7.o(RESET)
 <LI><a href="#[c5]">LPTIM5_IRQHandler</a> from startup_stm32h747xx_cm7.o(.text) referenced from startup_stm32h747xx_cm7.o(RESET)
 <LI><a href="#[c6]">LPUART1_IRQHandler</a> from startup_stm32h747xx_cm7.o(.text) referenced from startup_stm32h747xx_cm7.o(RESET)
 <LI><a href="#[91]">LTDC_ER_IRQHandler</a> from startup_stm32h747xx_cm7.o(.text) referenced from startup_stm32h747xx_cm7.o(RESET)
 <LI><a href="#[90]">LTDC_IRQHandler</a> from startup_stm32h747xx_cm7.o(.text) referenced from startup_stm32h747xx_cm7.o(RESET)
 <LI><a href="#[b0]">MDIOS_IRQHandler</a> from startup_stm32h747xx_cm7.o(.text) referenced from startup_stm32h747xx_cm7.o(RESET)
 <LI><a href="#[af]">MDIOS_WKUP_IRQHandler</a> from startup_stm32h747xx_cm7.o(.text) referenced from startup_stm32h747xx_cm7.o(RESET)
 <LI><a href="#[b2]">MDMA_IRQHandler</a> from startup_stm32h747xx_cm7.o(.text) referenced from startup_stm32h747xx_cm7.o(RESET)
 <LI><a href="#[35]">MemManage_Handler</a> from stm32h7xx_it_1.o(i.MemManage_Handler) referenced from startup_stm32h747xx_cm7.o(RESET)
 <LI><a href="#[33]">NMI_Handler</a> from stm32h7xx_it_1.o(i.NMI_Handler) referenced from startup_stm32h747xx_cm7.o(RESET)
 <LI><a href="#[20]">NT35510_DeInit</a> from nt35510.o(i.NT35510_DeInit) referenced 2 times from nt35510.o(.data)
 <LI><a href="#[23]">NT35510_DisplayOff</a> from nt35510.o(i.NT35510_DisplayOff) referenced 2 times from nt35510.o(.data)
 <LI><a href="#[22]">NT35510_DisplayOn</a> from nt35510.o(i.NT35510_DisplayOn) referenced 2 times from nt35510.o(.data)
 <LI><a href="#[29]">NT35510_DrawBitmap</a> from nt35510.o(i.NT35510_DrawBitmap) referenced 2 times from nt35510.o(.data)
 <LI><a href="#[2b]">NT35510_DrawHLine</a> from nt35510.o(i.NT35510_DrawHLine) referenced 2 times from nt35510.o(.data)
 <LI><a href="#[2c]">NT35510_DrawVLine</a> from nt35510.o(i.NT35510_DrawVLine) referenced 2 times from nt35510.o(.data)
 <LI><a href="#[2a]">NT35510_FillRGBRect</a> from nt35510.o(i.NT35510_FillRGBRect) referenced 2 times from nt35510.o(.data)
 <LI><a href="#[2d]">NT35510_FillRect</a> from nt35510.o(i.NT35510_FillRect) referenced 2 times from nt35510.o(.data)
 <LI><a href="#[25]">NT35510_GetBrightness</a> from nt35510.o(i.NT35510_GetBrightness) referenced 2 times from nt35510.o(.data)
 <LI><a href="#[27]">NT35510_GetOrientation</a> from nt35510.o(i.NT35510_GetOrientation) referenced 2 times from nt35510.o(.data)
 <LI><a href="#[2e]">NT35510_GetPixel</a> from nt35510.o(i.NT35510_GetPixel) referenced 2 times from nt35510.o(.data)
 <LI><a href="#[30]">NT35510_GetXSize</a> from nt35510.o(i.NT35510_GetXSize) referenced 2 times from nt35510.o(.data)
 <LI><a href="#[31]">NT35510_GetYSize</a> from nt35510.o(i.NT35510_GetYSize) referenced 2 times from nt35510.o(.data)
 <LI><a href="#[1f]">NT35510_Init</a> from nt35510.o(i.NT35510_Init) referenced 2 times from nt35510.o(.data)
 <LI><a href="#[21]">NT35510_ReadID</a> from nt35510.o(i.NT35510_ReadID) referenced 2 times from nt35510.o(.data)
 <LI><a href="#[d6]">NT35510_ReadRegWrap</a> from nt35510.o(i.NT35510_ReadRegWrap) referenced from nt35510.o(i.NT35510_RegisterBusIO)
 <LI><a href="#[24]">NT35510_SetBrightness</a> from nt35510.o(i.NT35510_SetBrightness) referenced 2 times from nt35510.o(.data)
 <LI><a href="#[28]">NT35510_SetCursor</a> from nt35510.o(i.NT35510_SetCursor) referenced 2 times from nt35510.o(.data)
 <LI><a href="#[26]">NT35510_SetOrientation</a> from nt35510.o(i.NT35510_SetOrientation) referenced 2 times from nt35510.o(.data)
 <LI><a href="#[2f]">NT35510_SetPixel</a> from nt35510.o(i.NT35510_SetPixel) referenced 2 times from nt35510.o(.data)
 <LI><a href="#[d7]">NT35510_WriteRegWrap</a> from nt35510.o(i.NT35510_WriteRegWrap) referenced from nt35510.o(i.NT35510_RegisterBusIO)
 <LI><a href="#[9b]">OTG_FS_EP1_IN_IRQHandler</a> from startup_stm32h747xx_cm7.o(.text) referenced from startup_stm32h747xx_cm7.o(RESET)
 <LI><a href="#[9a]">OTG_FS_EP1_OUT_IRQHandler</a> from startup_stm32h747xx_cm7.o(.text) referenced from startup_stm32h747xx_cm7.o(RESET)
 <LI><a href="#[9d]">OTG_FS_IRQHandler</a> from startup_stm32h747xx_cm7.o(.text) referenced from startup_stm32h747xx_cm7.o(RESET)
 <LI><a href="#[9c]">OTG_FS_WKUP_IRQHandler</a> from startup_stm32h747xx_cm7.o(.text) referenced from startup_stm32h747xx_cm7.o(RESET)
 <LI><a href="#[84]">OTG_HS_EP1_IN_IRQHandler</a> from startup_stm32h747xx_cm7.o(.text) referenced from startup_stm32h747xx_cm7.o(RESET)
 <LI><a href="#[83]">OTG_HS_EP1_OUT_IRQHandler</a> from startup_stm32h747xx_cm7.o(.text) referenced from startup_stm32h747xx_cm7.o(RESET)
 <LI><a href="#[86]">OTG_HS_IRQHandler</a> from startup_stm32h747xx_cm7.o(.text) referenced from startup_stm32h747xx_cm7.o(RESET)
 <LI><a href="#[85]">OTG_HS_WKUP_IRQHandler</a> from startup_stm32h747xx_cm7.o(.text) referenced from startup_stm32h747xx_cm7.o(RESET)
 <LI><a href="#[d]">OTM8009A_DeInit</a> from otm8009a.o(i.OTM8009A_DeInit) referenced 2 times from otm8009a.o(.data)
 <LI><a href="#[10]">OTM8009A_DisplayOff</a> from otm8009a.o(i.OTM8009A_DisplayOff) referenced 2 times from otm8009a.o(.data)
 <LI><a href="#[f]">OTM8009A_DisplayOn</a> from otm8009a.o(i.OTM8009A_DisplayOn) referenced 2 times from otm8009a.o(.data)
 <LI><a href="#[16]">OTM8009A_DrawBitmap</a> from otm8009a.o(i.OTM8009A_DrawBitmap) referenced 2 times from otm8009a.o(.data)
 <LI><a href="#[18]">OTM8009A_DrawHLine</a> from otm8009a.o(i.OTM8009A_DrawHLine) referenced 2 times from otm8009a.o(.data)
 <LI><a href="#[19]">OTM8009A_DrawVLine</a> from otm8009a.o(i.OTM8009A_DrawVLine) referenced 2 times from otm8009a.o(.data)
 <LI><a href="#[17]">OTM8009A_FillRGBRect</a> from otm8009a.o(i.OTM8009A_FillRGBRect) referenced 2 times from otm8009a.o(.data)
 <LI><a href="#[1a]">OTM8009A_FillRect</a> from otm8009a.o(i.OTM8009A_FillRect) referenced 2 times from otm8009a.o(.data)
 <LI><a href="#[12]">OTM8009A_GetBrightness</a> from otm8009a.o(i.OTM8009A_GetBrightness) referenced 2 times from otm8009a.o(.data)
 <LI><a href="#[14]">OTM8009A_GetOrientation</a> from otm8009a.o(i.OTM8009A_GetOrientation) referenced 2 times from otm8009a.o(.data)
 <LI><a href="#[1b]">OTM8009A_GetPixel</a> from otm8009a.o(i.OTM8009A_GetPixel) referenced 2 times from otm8009a.o(.data)
 <LI><a href="#[1d]">OTM8009A_GetXSize</a> from otm8009a.o(i.OTM8009A_GetXSize) referenced 2 times from otm8009a.o(.data)
 <LI><a href="#[1e]">OTM8009A_GetYSize</a> from otm8009a.o(i.OTM8009A_GetYSize) referenced 2 times from otm8009a.o(.data)
 <LI><a href="#[c]">OTM8009A_Init</a> from otm8009a.o(i.OTM8009A_Init) referenced 2 times from otm8009a.o(.data)
 <LI><a href="#[e]">OTM8009A_ReadID</a> from otm8009a.o(i.OTM8009A_ReadID) referenced 2 times from otm8009a.o(.data)
 <LI><a href="#[d8]">OTM8009A_ReadRegWrap</a> from otm8009a.o(i.OTM8009A_ReadRegWrap) referenced from otm8009a.o(i.OTM8009A_RegisterBusIO)
 <LI><a href="#[11]">OTM8009A_SetBrightness</a> from otm8009a.o(i.OTM8009A_SetBrightness) referenced 2 times from otm8009a.o(.data)
 <LI><a href="#[15]">OTM8009A_SetCursor</a> from otm8009a.o(i.OTM8009A_SetCursor) referenced 2 times from otm8009a.o(.data)
 <LI><a href="#[13]">OTM8009A_SetOrientation</a> from otm8009a.o(i.OTM8009A_SetOrientation) referenced 2 times from otm8009a.o(.data)
 <LI><a href="#[1c]">OTM8009A_SetPixel</a> from otm8009a.o(i.OTM8009A_SetPixel) referenced 2 times from otm8009a.o(.data)
 <LI><a href="#[d9]">OTM8009A_WriteRegWrap</a> from otm8009a.o(i.OTM8009A_WriteRegWrap) referenced from otm8009a.o(i.OTM8009A_RegisterBusIO)
 <LI><a href="#[3d]">PVD_AVD_IRQHandler</a> from startup_stm32h747xx_cm7.o(.text) referenced from startup_stm32h747xx_cm7.o(RESET)
 <LI><a href="#[3a]">PendSV_Handler</a> from stm32h7xx_it_1.o(i.PendSV_Handler) referenced from startup_stm32h747xx_cm7.o(RESET)
 <LI><a href="#[94]">QUADSPI_IRQHandler</a> from startup_stm32h747xx_cm7.o(.text) referenced from startup_stm32h747xx_cm7.o(RESET)
 <LI><a href="#[41]">RCC_IRQHandler</a> from startup_stm32h747xx_cm7.o(.text) referenced from startup_stm32h747xx_cm7.o(RESET)
 <LI><a href="#[88]">RNG_IRQHandler</a> from startup_stm32h747xx_cm7.o(.text) referenced from startup_stm32h747xx_cm7.o(RESET)
 <LI><a href="#[65]">RTC_Alarm_IRQHandler</a> from startup_stm32h747xx_cm7.o(.text) referenced from startup_stm32h747xx_cm7.o(RESET)
 <LI><a href="#[3f]">RTC_WKUP_IRQHandler</a> from startup_stm32h747xx_cm7.o(.text) referenced from startup_stm32h747xx_cm7.o(RESET)
 <LI><a href="#[32]">Reset_Handler</a> from startup_stm32h747xx_cm7.o(.text) referenced from startup_stm32h747xx_cm7.o(RESET)
 <LI><a href="#[8f]">SAI1_IRQHandler</a> from startup_stm32h747xx_cm7.o(.text) referenced from startup_stm32h747xx_cm7.o(RESET)
 <LI><a href="#[93]">SAI2_IRQHandler</a> from startup_stm32h747xx_cm7.o(.text) referenced from startup_stm32h747xx_cm7.o(RESET)
 <LI><a href="#[aa]">SAI3_IRQHandler</a> from startup_stm32h747xx_cm7.o(.text) referenced from startup_stm32h747xx_cm7.o(RESET)
 <LI><a href="#[ca]">SAI4_IRQHandler</a> from startup_stm32h747xx_cm7.o(.text) referenced from startup_stm32h747xx_cm7.o(RESET)
 <LI><a href="#[6c]">SDMMC1_IRQHandler</a> from startup_stm32h747xx_cm7.o(.text) referenced from startup_stm32h747xx_cm7.o(RESET)
 <LI><a href="#[b4]">SDMMC2_IRQHandler</a> from startup_stm32h747xx_cm7.o(.text) referenced from startup_stm32h747xx_cm7.o(RESET)
 <LI><a href="#[99]">SPDIF_RX_IRQHandler</a> from startup_stm32h747xx_cm7.o(.text) referenced from startup_stm32h747xx_cm7.o(RESET)
 <LI><a href="#[5f]">SPI1_IRQHandler</a> from startup_stm32h747xx_cm7.o(.text) referenced from startup_stm32h747xx_cm7.o(RESET)
 <LI><a href="#[60]">SPI2_IRQHandler</a> from startup_stm32h747xx_cm7.o(.text) referenced from startup_stm32h747xx_cm7.o(RESET)
 <LI><a href="#[6e]">SPI3_IRQHandler</a> from startup_stm32h747xx_cm7.o(.text) referenced from startup_stm32h747xx_cm7.o(RESET)
 <LI><a href="#[8c]">SPI4_IRQHandler</a> from startup_stm32h747xx_cm7.o(.text) referenced from startup_stm32h747xx_cm7.o(RESET)
 <LI><a href="#[8d]">SPI5_IRQHandler</a> from startup_stm32h747xx_cm7.o(.text) referenced from startup_stm32h747xx_cm7.o(RESET)
 <LI><a href="#[8e]">SPI6_IRQHandler</a> from startup_stm32h747xx_cm7.o(.text) referenced from startup_stm32h747xx_cm7.o(RESET)
 <LI><a href="#[38]">SVC_Handler</a> from stm32h7xx_it_1.o(i.SVC_Handler) referenced from startup_stm32h747xx_cm7.o(RESET)
 <LI><a href="#[ab]">SWPMI1_IRQHandler</a> from startup_stm32h747xx_cm7.o(.text) referenced from startup_stm32h747xx_cm7.o(RESET)
 <LI><a href="#[3b]">SysTick_Handler</a> from stm32h7xx_it_1.o(i.SysTick_Handler) referenced from startup_stm32h747xx_cm7.o(RESET)
 <LI><a href="#[ce]">SystemInit</a> from system_stm32h7xx_dualcore_boot_cm4_cm7.o(i.SystemInit) referenced from startup_stm32h747xx_cm7.o(.text)
 <LI><a href="#[3e]">TAMP_STAMP_IRQHandler</a> from startup_stm32h747xx_cm7.o(.text) referenced from startup_stm32h747xx_cm7.o(RESET)
 <LI><a href="#[ac]">TIM15_IRQHandler</a> from startup_stm32h747xx_cm7.o(.text) referenced from startup_stm32h747xx_cm7.o(RESET)
 <LI><a href="#[ad]">TIM16_IRQHandler</a> from startup_stm32h747xx_cm7.o(.text) referenced from startup_stm32h747xx_cm7.o(RESET)
 <LI><a href="#[ae]">TIM17_IRQHandler</a> from startup_stm32h747xx_cm7.o(.text) referenced from startup_stm32h747xx_cm7.o(RESET)
 <LI><a href="#[54]">TIM1_BRK_IRQHandler</a> from startup_stm32h747xx_cm7.o(.text) referenced from startup_stm32h747xx_cm7.o(RESET)
 <LI><a href="#[57]">TIM1_CC_IRQHandler</a> from startup_stm32h747xx_cm7.o(.text) referenced from startup_stm32h747xx_cm7.o(RESET)
 <LI><a href="#[56]">TIM1_TRG_COM_IRQHandler</a> from startup_stm32h747xx_cm7.o(.text) referenced from startup_stm32h747xx_cm7.o(RESET)
 <LI><a href="#[55]">TIM1_UP_IRQHandler</a> from startup_stm32h747xx_cm7.o(.text) referenced from startup_stm32h747xx_cm7.o(RESET)
 <LI><a href="#[58]">TIM2_IRQHandler</a> from startup_stm32h747xx_cm7.o(.text) referenced from startup_stm32h747xx_cm7.o(RESET)
 <LI><a href="#[59]">TIM3_IRQHandler</a> from startup_stm32h747xx_cm7.o(.text) referenced from startup_stm32h747xx_cm7.o(RESET)
 <LI><a href="#[5a]">TIM4_IRQHandler</a> from startup_stm32h747xx_cm7.o(.text) referenced from startup_stm32h747xx_cm7.o(RESET)
 <LI><a href="#[6d]">TIM5_IRQHandler</a> from startup_stm32h747xx_cm7.o(.text) referenced from startup_stm32h747xx_cm7.o(RESET)
 <LI><a href="#[71]">TIM6_DAC_IRQHandler</a> from stm32h7xx_it_1.o(i.TIM6_DAC_IRQHandler) referenced from startup_stm32h747xx_cm7.o(RESET)
 <LI><a href="#[72]">TIM7_IRQHandler</a> from startup_stm32h747xx_cm7.o(.text) referenced from startup_stm32h747xx_cm7.o(RESET)
 <LI><a href="#[66]">TIM8_BRK_TIM12_IRQHandler</a> from startup_stm32h747xx_cm7.o(.text) referenced from startup_stm32h747xx_cm7.o(RESET)
 <LI><a href="#[69]">TIM8_CC_IRQHandler</a> from startup_stm32h747xx_cm7.o(.text) referenced from startup_stm32h747xx_cm7.o(RESET)
 <LI><a href="#[68]">TIM8_TRG_COM_TIM14_IRQHandler</a> from startup_stm32h747xx_cm7.o(.text) referenced from startup_stm32h747xx_cm7.o(RESET)
 <LI><a href="#[67]">TIM8_UP_TIM13_IRQHandler</a> from startup_stm32h747xx_cm7.o(.text) referenced from startup_stm32h747xx_cm7.o(RESET)
 <LI><a href="#[6f]">UART4_IRQHandler</a> from startup_stm32h747xx_cm7.o(.text) referenced from startup_stm32h747xx_cm7.o(RESET)
 <LI><a href="#[70]">UART5_IRQHandler</a> from startup_stm32h747xx_cm7.o(.text) referenced from startup_stm32h747xx_cm7.o(RESET)
 <LI><a href="#[8a]">UART7_IRQHandler</a> from startup_stm32h747xx_cm7.o(.text) referenced from startup_stm32h747xx_cm7.o(RESET)
 <LI><a href="#[8b]">UART8_IRQHandler</a> from stm32h7xx_it_1.o(i.UART8_IRQHandler) referenced from startup_stm32h747xx_cm7.o(RESET)
 <LI><a href="#[d2]">UART_DMAAbortOnError</a> from stm32h7xx_hal_uart.o(i.UART_DMAAbortOnError) referenced from stm32h7xx_hal_uart.o(i.HAL_UART_IRQHandler)
 <LI><a href="#[61]">USART1_IRQHandler</a> from stm32h7xx_it_1.o(i.USART1_IRQHandler) referenced from startup_stm32h747xx_cm7.o(RESET)
 <LI><a href="#[62]">USART2_IRQHandler</a> from startup_stm32h747xx_cm7.o(.text) referenced from startup_stm32h747xx_cm7.o(RESET)
 <LI><a href="#[63]">USART3_IRQHandler</a> from startup_stm32h747xx_cm7.o(.text) referenced from startup_stm32h747xx_cm7.o(RESET)
 <LI><a href="#[80]">USART6_IRQHandler</a> from startup_stm32h747xx_cm7.o(.text) referenced from startup_stm32h747xx_cm7.o(RESET)
 <LI><a href="#[37]">UsageFault_Handler</a> from stm32h7xx_it_1.o(i.UsageFault_Handler) referenced from startup_stm32h747xx_cm7.o(RESET)
 <LI><a href="#[cc]">WAKEUP_PIN_IRQHandler</a> from startup_stm32h747xx_cm7.o(.text) referenced from startup_stm32h747xx_cm7.o(RESET)
 <LI><a href="#[3c]">WWDG_IRQHandler</a> from startup_stm32h747xx_cm7.o(.text) referenced from startup_stm32h747xx_cm7.o(RESET)
 <LI><a href="#[c7]">WWDG_RST_IRQHandler</a> from startup_stm32h747xx_cm7.o(.text) referenced from startup_stm32h747xx_cm7.o(RESET)
 <LI><a href="#[e6]">__main</a> from __main.o(!!!main) referenced from startup_stm32h747xx_cm7.o(.text)
 <LI><a href="#[d1]">_printf_input_char</a> from _printf_char_common.o(.text) referenced from _printf_char_common.o(.text)
 <LI><a href="#[da]">_put_c_driver</a> from aitestutility.o(i._put_c_driver) referenced from aitestutility.o(i.lc_print)
 <LI><a href="#[d0]">_snputc</a> from _snputc.o(.text) referenced from noretval__2snprintf.o(.text)
 <LI><a href="#[b]">forward_ap</a> from layers_pool_generic_float.o(i.forward_ap) referenced 6 times from network.o(.data)
 <LI><a href="#[a]">forward_concat</a> from layers_generic_float.o(i.forward_concat) referenced 2 times from network.o(.data)
 <LI><a href="#[9]">forward_transpose</a> from layers_generic_float.o(i.forward_transpose) referenced 2 times from network.o(.data)
</UL>
<P>
<H3>
Global Symbols
</H3>
<P><STRONG><a name="[e6]"></a>__main</STRONG> (Thumb, 8 bytes, Stack size 0 bytes, __main.o(!!!main))
<BR><BR>[Calls]<UL><LI><a href="#[e8]">&gt;&gt;</a>&nbsp;&nbsp;&nbsp;__rt_entry
<LI><a href="#[e7]">&gt;&gt;</a>&nbsp;&nbsp;&nbsp;__scatterload
</UL>

<P><STRONG><a name="[e7]"></a>__scatterload</STRONG> (Thumb, 0 bytes, Stack size unknown bytes, __scatter.o(!!!scatter))
<BR><BR>[Called By]<UL><LI><a href="#[e6]">&gt;&gt;</a>&nbsp;&nbsp;&nbsp;__main
</UL>

<P><STRONG><a name="[e9]"></a>__scatterload_rt2</STRONG> (Thumb, 44 bytes, Stack size unknown bytes, __scatter.o(!!!scatter), UNUSED)
<BR><BR>[Calls]<UL><LI><a href="#[e8]">&gt;&gt;</a>&nbsp;&nbsp;&nbsp;__rt_entry
</UL>

<P><STRONG><a name="[202]"></a>__scatterload_rt2_thumb_only</STRONG> (Thumb, 0 bytes, Stack size unknown bytes, __scatter.o(!!!scatter), UNUSED)

<P><STRONG><a name="[203]"></a>__scatterload_null</STRONG> (Thumb, 0 bytes, Stack size unknown bytes, __scatter.o(!!!scatter), UNUSED)

<P><STRONG><a name="[204]"></a>__decompress</STRONG> (Thumb, 90 bytes, Stack size unknown bytes, __dczerorl2.o(!!dczerorl2), UNUSED)

<P><STRONG><a name="[205]"></a>__decompress1</STRONG> (Thumb, 0 bytes, Stack size unknown bytes, __dczerorl2.o(!!dczerorl2), UNUSED)

<P><STRONG><a name="[206]"></a>__scatterload_zeroinit</STRONG> (Thumb, 28 bytes, Stack size unknown bytes, __scatter_zi.o(!!handler_zi), UNUSED)

<P><STRONG><a name="[ea]"></a>_printf_f</STRONG> (Thumb, 0 bytes, Stack size unknown bytes, _printf_f.o(.ARM.Collect$$_printf_percent$$00000003))
<BR><BR>[Stack]<UL><LI>Max Depth = 324 + Unknown Stack Size
<LI>Call Chain = _printf_f &rArr; _printf_fp_dec &rArr; _printf_fp_dec_real &rArr; _fp_digits &rArr; _btod_etento &rArr; _btod_emul &rArr; _e2e
</UL>
<BR>[Calls]<UL><LI><a href="#[eb]">&gt;&gt;</a>&nbsp;&nbsp;&nbsp;_printf_fp_dec
</UL>

<P><STRONG><a name="[108]"></a>_printf_percent</STRONG> (Thumb, 0 bytes, Stack size unknown bytes, _printf_percent.o(.ARM.Collect$$_printf_percent$$00000000))
<BR><BR>[Called By]<UL><LI><a href="#[106]">&gt;&gt;</a>&nbsp;&nbsp;&nbsp;__printf
</UL>

<P><STRONG><a name="[ec]"></a>_printf_d</STRONG> (Thumb, 0 bytes, Stack size unknown bytes, _printf_d.o(.ARM.Collect$$_printf_percent$$00000009))
<BR><BR>[Stack]<UL><LI>Max Depth = 56 + Unknown Stack Size
<LI>Call Chain = _printf_d &rArr; _printf_int_dec &rArr; _printf_int_common
</UL>
<BR>[Calls]<UL><LI><a href="#[ed]">&gt;&gt;</a>&nbsp;&nbsp;&nbsp;_printf_int_dec
</UL>

<P><STRONG><a name="[ee]"></a>_printf_u</STRONG> (Thumb, 0 bytes, Stack size unknown bytes, _printf_u.o(.ARM.Collect$$_printf_percent$$0000000A))
<BR><BR>[Stack]<UL><LI>Max Depth = 56 + Unknown Stack Size
<LI>Call Chain = _printf_u &rArr; _printf_int_dec &rArr; _printf_int_common
</UL>
<BR>[Calls]<UL><LI><a href="#[ed]">&gt;&gt;</a>&nbsp;&nbsp;&nbsp;_printf_int_dec
</UL>

<P><STRONG><a name="[ef]"></a>_printf_s</STRONG> (Thumb, 0 bytes, Stack size unknown bytes, _printf_s.o(.ARM.Collect$$_printf_percent$$00000014))
<BR><BR>[Stack]<UL><LI>Max Depth = 24 + Unknown Stack Size
<LI>Call Chain = _printf_s &rArr; _printf_string &rArr; _printf_cs_common &rArr; _printf_str
</UL>
<BR>[Calls]<UL><LI><a href="#[f0]">&gt;&gt;</a>&nbsp;&nbsp;&nbsp;_printf_string
</UL>

<P><STRONG><a name="[207]"></a>_printf_percent_end</STRONG> (Thumb, 0 bytes, Stack size unknown bytes, _printf_percent_end.o(.ARM.Collect$$_printf_percent$$00000017))

<P><STRONG><a name="[fa]"></a>__rt_lib_init</STRONG> (Thumb, 0 bytes, Stack size unknown bytes, libinit.o(.ARM.Collect$$libinit$$00000000))
<BR><BR>[Called By]<UL><LI><a href="#[f9]">&gt;&gt;</a>&nbsp;&nbsp;&nbsp;__rt_entry_li
</UL>

<P><STRONG><a name="[f1]"></a>__rt_lib_init_fp_1</STRONG> (Thumb, 0 bytes, Stack size unknown bytes, libinit2.o(.ARM.Collect$$libinit$$00000001))
<BR><BR>[Calls]<UL><LI><a href="#[f2]">&gt;&gt;</a>&nbsp;&nbsp;&nbsp;_fp_init
</UL>

<P><STRONG><a name="[208]"></a>__rt_lib_init_heap_1</STRONG> (Thumb, 0 bytes, Stack size unknown bytes, libinit2.o(.ARM.Collect$$libinit$$0000000A))

<P><STRONG><a name="[f3]"></a>__rt_lib_init_lc_common</STRONG> (Thumb, 0 bytes, Stack size unknown bytes, libinit2.o(.ARM.Collect$$libinit$$0000000F))
<BR><BR>[Calls]<UL><LI><a href="#[f4]">&gt;&gt;</a>&nbsp;&nbsp;&nbsp;__rt_locale
</UL>

<P><STRONG><a name="[209]"></a>__rt_lib_init_preinit_1</STRONG> (Thumb, 0 bytes, Stack size unknown bytes, libinit2.o(.ARM.Collect$$libinit$$00000004))

<P><STRONG><a name="[20a]"></a>__rt_lib_init_rand_1</STRONG> (Thumb, 0 bytes, Stack size unknown bytes, libinit2.o(.ARM.Collect$$libinit$$0000000E))

<P><STRONG><a name="[20b]"></a>__rt_lib_init_user_alloc_1</STRONG> (Thumb, 0 bytes, Stack size unknown bytes, libinit2.o(.ARM.Collect$$libinit$$0000000C))

<P><STRONG><a name="[20c]"></a>__rt_lib_init_lc_collate_1</STRONG> (Thumb, 0 bytes, Stack size unknown bytes, libinit2.o(.ARM.Collect$$libinit$$00000011))

<P><STRONG><a name="[20d]"></a>__rt_lib_init_lc_ctype_1</STRONG> (Thumb, 0 bytes, Stack size unknown bytes, libinit2.o(.ARM.Collect$$libinit$$00000013))

<P><STRONG><a name="[20e]"></a>__rt_lib_init_lc_monetary_1</STRONG> (Thumb, 0 bytes, Stack size unknown bytes, libinit2.o(.ARM.Collect$$libinit$$00000015))

<P><STRONG><a name="[f5]"></a>__rt_lib_init_lc_numeric_2</STRONG> (Thumb, 0 bytes, Stack size unknown bytes, libinit2.o(.ARM.Collect$$libinit$$00000016))
<BR><BR>[Stack]<UL><LI>Max Depth = 8 + Unknown Stack Size
<LI>Call Chain = __rt_lib_init_lc_numeric_2 &rArr; _get_lc_numeric
</UL>
<BR>[Calls]<UL><LI><a href="#[f6]">&gt;&gt;</a>&nbsp;&nbsp;&nbsp;_get_lc_numeric
</UL>

<P><STRONG><a name="[20f]"></a>__rt_lib_init_alloca_1</STRONG> (Thumb, 0 bytes, Stack size unknown bytes, libinit2.o(.ARM.Collect$$libinit$$0000002E))

<P><STRONG><a name="[210]"></a>__rt_lib_init_argv_1</STRONG> (Thumb, 0 bytes, Stack size unknown bytes, libinit2.o(.ARM.Collect$$libinit$$0000002C))

<P><STRONG><a name="[211]"></a>__rt_lib_init_atexit_1</STRONG> (Thumb, 0 bytes, Stack size unknown bytes, libinit2.o(.ARM.Collect$$libinit$$0000001B))

<P><STRONG><a name="[212]"></a>__rt_lib_init_clock_1</STRONG> (Thumb, 0 bytes, Stack size unknown bytes, libinit2.o(.ARM.Collect$$libinit$$00000021))

<P><STRONG><a name="[213]"></a>__rt_lib_init_cpp_1</STRONG> (Thumb, 0 bytes, Stack size unknown bytes, libinit2.o(.ARM.Collect$$libinit$$00000032))

<P><STRONG><a name="[214]"></a>__rt_lib_init_exceptions_1</STRONG> (Thumb, 0 bytes, Stack size unknown bytes, libinit2.o(.ARM.Collect$$libinit$$00000030))

<P><STRONG><a name="[215]"></a>__rt_lib_init_fp_trap_1</STRONG> (Thumb, 0 bytes, Stack size unknown bytes, libinit2.o(.ARM.Collect$$libinit$$0000001F))

<P><STRONG><a name="[216]"></a>__rt_lib_init_getenv_1</STRONG> (Thumb, 0 bytes, Stack size unknown bytes, libinit2.o(.ARM.Collect$$libinit$$00000023))

<P><STRONG><a name="[217]"></a>__rt_lib_init_lc_numeric_1</STRONG> (Thumb, 0 bytes, Stack size unknown bytes, libinit2.o(.ARM.Collect$$libinit$$00000017))

<P><STRONG><a name="[218]"></a>__rt_lib_init_lc_time_1</STRONG> (Thumb, 0 bytes, Stack size unknown bytes, libinit2.o(.ARM.Collect$$libinit$$00000019))

<P><STRONG><a name="[219]"></a>__rt_lib_init_return</STRONG> (Thumb, 0 bytes, Stack size unknown bytes, libinit2.o(.ARM.Collect$$libinit$$00000033))

<P><STRONG><a name="[21a]"></a>__rt_lib_init_signal_1</STRONG> (Thumb, 0 bytes, Stack size unknown bytes, libinit2.o(.ARM.Collect$$libinit$$0000001D))

<P><STRONG><a name="[21b]"></a>__rt_lib_init_stdio_1</STRONG> (Thumb, 0 bytes, Stack size unknown bytes, libinit2.o(.ARM.Collect$$libinit$$00000025))

<P><STRONG><a name="[ff]"></a>__rt_lib_shutdown</STRONG> (Thumb, 0 bytes, Stack size unknown bytes, libshutdown.o(.ARM.Collect$$libshutdown$$00000000))
<BR><BR>[Called By]<UL><LI><a href="#[fe]">&gt;&gt;</a>&nbsp;&nbsp;&nbsp;__rt_exit_ls
</UL>

<P><STRONG><a name="[21c]"></a>__rt_lib_shutdown_cpp_1</STRONG> (Thumb, 0 bytes, Stack size unknown bytes, libshutdown2.o(.ARM.Collect$$libshutdown$$00000004))

<P><STRONG><a name="[21d]"></a>__rt_lib_shutdown_fini_1</STRONG> (Thumb, 0 bytes, Stack size unknown bytes, libshutdown2.o(.ARM.Collect$$libshutdown$$00000002))

<P><STRONG><a name="[21e]"></a>__rt_lib_shutdown_fp_trap_1</STRONG> (Thumb, 0 bytes, Stack size unknown bytes, libshutdown2.o(.ARM.Collect$$libshutdown$$00000009))

<P><STRONG><a name="[21f]"></a>__rt_lib_shutdown_heap_1</STRONG> (Thumb, 0 bytes, Stack size unknown bytes, libshutdown2.o(.ARM.Collect$$libshutdown$$00000011))

<P><STRONG><a name="[220]"></a>__rt_lib_shutdown_return</STRONG> (Thumb, 0 bytes, Stack size unknown bytes, libshutdown2.o(.ARM.Collect$$libshutdown$$00000012))

<P><STRONG><a name="[221]"></a>__rt_lib_shutdown_signal_1</STRONG> (Thumb, 0 bytes, Stack size unknown bytes, libshutdown2.o(.ARM.Collect$$libshutdown$$0000000C))

<P><STRONG><a name="[222]"></a>__rt_lib_shutdown_stdio_1</STRONG> (Thumb, 0 bytes, Stack size unknown bytes, libshutdown2.o(.ARM.Collect$$libshutdown$$00000006))

<P><STRONG><a name="[223]"></a>__rt_lib_shutdown_user_alloc_1</STRONG> (Thumb, 0 bytes, Stack size unknown bytes, libshutdown2.o(.ARM.Collect$$libshutdown$$0000000E))

<P><STRONG><a name="[e8]"></a>__rt_entry</STRONG> (Thumb, 0 bytes, Stack size unknown bytes, __rtentry.o(.ARM.Collect$$rtentry$$00000000))
<BR><BR>[Called By]<UL><LI><a href="#[e6]">&gt;&gt;</a>&nbsp;&nbsp;&nbsp;__main
<LI><a href="#[e9]">&gt;&gt;</a>&nbsp;&nbsp;&nbsp;__scatterload_rt2
</UL>

<P><STRONG><a name="[224]"></a>__rt_entry_presh_1</STRONG> (Thumb, 0 bytes, Stack size unknown bytes, __rtentry2.o(.ARM.Collect$$rtentry$$00000002))

<P><STRONG><a name="[f7]"></a>__rt_entry_sh</STRONG> (Thumb, 0 bytes, Stack size unknown bytes, __rtentry4.o(.ARM.Collect$$rtentry$$00000004))
<BR><BR>[Stack]<UL><LI>Max Depth = 8 + Unknown Stack Size
<LI>Call Chain = __rt_entry_sh &rArr; __user_setup_stackheap
</UL>
<BR>[Calls]<UL><LI><a href="#[f8]">&gt;&gt;</a>&nbsp;&nbsp;&nbsp;__user_setup_stackheap
</UL>

<P><STRONG><a name="[f9]"></a>__rt_entry_li</STRONG> (Thumb, 0 bytes, Stack size unknown bytes, __rtentry2.o(.ARM.Collect$$rtentry$$0000000A))
<BR><BR>[Calls]<UL><LI><a href="#[fa]">&gt;&gt;</a>&nbsp;&nbsp;&nbsp;__rt_lib_init
</UL>

<P><STRONG><a name="[225]"></a>__rt_entry_postsh_1</STRONG> (Thumb, 0 bytes, Stack size unknown bytes, __rtentry2.o(.ARM.Collect$$rtentry$$00000009))

<P><STRONG><a name="[fb]"></a>__rt_entry_main</STRONG> (Thumb, 0 bytes, Stack size unknown bytes, __rtentry2.o(.ARM.Collect$$rtentry$$0000000D))
<BR><BR>[Stack]<UL><LI>Max Depth = 1436 + Unknown Stack Size
<LI>Call Chain = __rt_entry_main &rArr; main &rArr; STM32CubeAI_Studio_AI_Process &rArr; main_loop &rArr; acquire_and_process_data &rArr; compute_hankel
</UL>
<BR>[Calls]<UL><LI><a href="#[fc]">&gt;&gt;</a>&nbsp;&nbsp;&nbsp;main
<LI><a href="#[fd]">&gt;&gt;</a>&nbsp;&nbsp;&nbsp;exit
</UL>

<P><STRONG><a name="[226]"></a>__rt_entry_postli_1</STRONG> (Thumb, 0 bytes, Stack size unknown bytes, __rtentry2.o(.ARM.Collect$$rtentry$$0000000C))

<P><STRONG><a name="[11c]"></a>__rt_exit</STRONG> (Thumb, 0 bytes, Stack size unknown bytes, rtexit.o(.ARM.Collect$$rtexit$$00000000))
<BR><BR>[Called By]<UL><LI><a href="#[fd]">&gt;&gt;</a>&nbsp;&nbsp;&nbsp;exit
</UL>

<P><STRONG><a name="[fe]"></a>__rt_exit_ls</STRONG> (Thumb, 0 bytes, Stack size unknown bytes, rtexit2.o(.ARM.Collect$$rtexit$$00000003))
<BR><BR>[Calls]<UL><LI><a href="#[ff]">&gt;&gt;</a>&nbsp;&nbsp;&nbsp;__rt_lib_shutdown
</UL>

<P><STRONG><a name="[227]"></a>__rt_exit_prels_1</STRONG> (Thumb, 0 bytes, Stack size unknown bytes, rtexit2.o(.ARM.Collect$$rtexit$$00000002))

<P><STRONG><a name="[100]"></a>__rt_exit_exit</STRONG> (Thumb, 0 bytes, Stack size unknown bytes, rtexit2.o(.ARM.Collect$$rtexit$$00000004))
<BR><BR>[Calls]<UL><LI><a href="#[101]">&gt;&gt;</a>&nbsp;&nbsp;&nbsp;_sys_exit
</UL>

<P><STRONG><a name="[32]"></a>Reset_Handler</STRONG> (Thumb, 12 bytes, Stack size 0 bytes, startup_stm32h747xx_cm7.o(.text))
<BR>[Address Reference Count : 1]<UL><LI> startup_stm32h747xx_cm7.o(RESET)
</UL>
<P><STRONG><a name="[b7]"></a>ADC3_IRQHandler</STRONG> (Thumb, 0 bytes, Stack size 0 bytes, startup_stm32h747xx_cm7.o(.text))
<BR><BR>[Calls]<UL><LI><a href="#[b7]">&gt;&gt;</a>&nbsp;&nbsp;&nbsp;ADC3_IRQHandler
</UL>
<BR>[Called By]<UL><LI><a href="#[b7]">&gt;&gt;</a>&nbsp;&nbsp;&nbsp;ADC3_IRQHandler
</UL>
<BR>[Address Reference Count : 1]<UL><LI> startup_stm32h747xx_cm7.o(RESET)
</UL>
<P><STRONG><a name="[4e]"></a>ADC_IRQHandler</STRONG> (Thumb, 0 bytes, Stack size 0 bytes, startup_stm32h747xx_cm7.o(.text))
<BR>[Address Reference Count : 1]<UL><LI> startup_stm32h747xx_cm7.o(RESET)
</UL>
<P><STRONG><a name="[b9]"></a>BDMA_Channel0_IRQHandler</STRONG> (Thumb, 0 bytes, Stack size 0 bytes, startup_stm32h747xx_cm7.o(.text))
<BR>[Address Reference Count : 1]<UL><LI> startup_stm32h747xx_cm7.o(RESET)
</UL>
<P><STRONG><a name="[ba]"></a>BDMA_Channel1_IRQHandler</STRONG> (Thumb, 0 bytes, Stack size 0 bytes, startup_stm32h747xx_cm7.o(.text))
<BR>[Address Reference Count : 1]<UL><LI> startup_stm32h747xx_cm7.o(RESET)
</UL>
<P><STRONG><a name="[bb]"></a>BDMA_Channel2_IRQHandler</STRONG> (Thumb, 0 bytes, Stack size 0 bytes, startup_stm32h747xx_cm7.o(.text))
<BR>[Address Reference Count : 1]<UL><LI> startup_stm32h747xx_cm7.o(RESET)
</UL>
<P><STRONG><a name="[bc]"></a>BDMA_Channel3_IRQHandler</STRONG> (Thumb, 0 bytes, Stack size 0 bytes, startup_stm32h747xx_cm7.o(.text))
<BR>[Address Reference Count : 1]<UL><LI> startup_stm32h747xx_cm7.o(RESET)
</UL>
<P><STRONG><a name="[bd]"></a>BDMA_Channel4_IRQHandler</STRONG> (Thumb, 0 bytes, Stack size 0 bytes, startup_stm32h747xx_cm7.o(.text))
<BR>[Address Reference Count : 1]<UL><LI> startup_stm32h747xx_cm7.o(RESET)
</UL>
<P><STRONG><a name="[be]"></a>BDMA_Channel5_IRQHandler</STRONG> (Thumb, 0 bytes, Stack size 0 bytes, startup_stm32h747xx_cm7.o(.text))
<BR>[Address Reference Count : 1]<UL><LI> startup_stm32h747xx_cm7.o(RESET)
</UL>
<P><STRONG><a name="[bf]"></a>BDMA_Channel6_IRQHandler</STRONG> (Thumb, 0 bytes, Stack size 0 bytes, startup_stm32h747xx_cm7.o(.text))
<BR>[Address Reference Count : 1]<UL><LI> startup_stm32h747xx_cm7.o(RESET)
</UL>
<P><STRONG><a name="[c0]"></a>BDMA_Channel7_IRQHandler</STRONG> (Thumb, 0 bytes, Stack size 0 bytes, startup_stm32h747xx_cm7.o(.text))
<BR>[Address Reference Count : 1]<UL><LI> startup_stm32h747xx_cm7.o(RESET)
</UL>
<P><STRONG><a name="[96]"></a>CEC_IRQHandler</STRONG> (Thumb, 0 bytes, Stack size 0 bytes, startup_stm32h747xx_cm7.o(.text))
<BR>[Address Reference Count : 1]<UL><LI> startup_stm32h747xx_cm7.o(RESET)
</UL>
<P><STRONG><a name="[7c]"></a>CM4_SEV_IRQHandler</STRONG> (Thumb, 0 bytes, Stack size 0 bytes, startup_stm32h747xx_cm7.o(.text))
<BR>[Address Reference Count : 1]<UL><LI> startup_stm32h747xx_cm7.o(RESET)
</UL>
<P><STRONG><a name="[7b]"></a>CM7_SEV_IRQHandler</STRONG> (Thumb, 0 bytes, Stack size 0 bytes, startup_stm32h747xx_cm7.o(.text))
<BR>[Address Reference Count : 1]<UL><LI> startup_stm32h747xx_cm7.o(RESET)
</UL>
<P><STRONG><a name="[c1]"></a>COMP1_IRQHandler</STRONG> (Thumb, 0 bytes, Stack size 0 bytes, startup_stm32h747xx_cm7.o(.text))
<BR>[Address Reference Count : 1]<UL><LI> startup_stm32h747xx_cm7.o(RESET)
</UL>
<P><STRONG><a name="[c8]"></a>CRS_IRQHandler</STRONG> (Thumb, 0 bytes, Stack size 0 bytes, startup_stm32h747xx_cm7.o(.text))
<BR>[Address Reference Count : 1]<UL><LI> startup_stm32h747xx_cm7.o(RESET)
</UL>
<P><STRONG><a name="[87]"></a>DCMI_IRQHandler</STRONG> (Thumb, 0 bytes, Stack size 0 bytes, startup_stm32h747xx_cm7.o(.text))
<BR>[Address Reference Count : 1]<UL><LI> startup_stm32h747xx_cm7.o(RESET)
</UL>
<P><STRONG><a name="[a6]"></a>DFSDM1_FLT0_IRQHandler</STRONG> (Thumb, 0 bytes, Stack size 0 bytes, startup_stm32h747xx_cm7.o(.text))
<BR>[Address Reference Count : 1]<UL><LI> startup_stm32h747xx_cm7.o(RESET)
</UL>
<P><STRONG><a name="[a7]"></a>DFSDM1_FLT1_IRQHandler</STRONG> (Thumb, 0 bytes, Stack size 0 bytes, startup_stm32h747xx_cm7.o(.text))
<BR>[Address Reference Count : 1]<UL><LI> startup_stm32h747xx_cm7.o(RESET)
</UL>
<P><STRONG><a name="[a8]"></a>DFSDM1_FLT2_IRQHandler</STRONG> (Thumb, 0 bytes, Stack size 0 bytes, startup_stm32h747xx_cm7.o(.text))
<BR>[Address Reference Count : 1]<UL><LI> startup_stm32h747xx_cm7.o(RESET)
</UL>
<P><STRONG><a name="[a9]"></a>DFSDM1_FLT3_IRQHandler</STRONG> (Thumb, 0 bytes, Stack size 0 bytes, startup_stm32h747xx_cm7.o(.text))
<BR>[Address Reference Count : 1]<UL><LI> startup_stm32h747xx_cm7.o(RESET)
</UL>
<P><STRONG><a name="[47]"></a>DMA1_Stream0_IRQHandler</STRONG> (Thumb, 0 bytes, Stack size 0 bytes, startup_stm32h747xx_cm7.o(.text))
<BR>[Address Reference Count : 1]<UL><LI> startup_stm32h747xx_cm7.o(RESET)
</UL>
<P><STRONG><a name="[48]"></a>DMA1_Stream1_IRQHandler</STRONG> (Thumb, 0 bytes, Stack size 0 bytes, startup_stm32h747xx_cm7.o(.text))
<BR>[Address Reference Count : 1]<UL><LI> startup_stm32h747xx_cm7.o(RESET)
</UL>
<P><STRONG><a name="[49]"></a>DMA1_Stream2_IRQHandler</STRONG> (Thumb, 0 bytes, Stack size 0 bytes, startup_stm32h747xx_cm7.o(.text))
<BR>[Address Reference Count : 1]<UL><LI> startup_stm32h747xx_cm7.o(RESET)
</UL>
<P><STRONG><a name="[4a]"></a>DMA1_Stream3_IRQHandler</STRONG> (Thumb, 0 bytes, Stack size 0 bytes, startup_stm32h747xx_cm7.o(.text))
<BR>[Address Reference Count : 1]<UL><LI> startup_stm32h747xx_cm7.o(RESET)
</UL>
<P><STRONG><a name="[4b]"></a>DMA1_Stream4_IRQHandler</STRONG> (Thumb, 0 bytes, Stack size 0 bytes, startup_stm32h747xx_cm7.o(.text))
<BR>[Address Reference Count : 1]<UL><LI> startup_stm32h747xx_cm7.o(RESET)
</UL>
<P><STRONG><a name="[4c]"></a>DMA1_Stream5_IRQHandler</STRONG> (Thumb, 0 bytes, Stack size 0 bytes, startup_stm32h747xx_cm7.o(.text))
<BR>[Address Reference Count : 1]<UL><LI> startup_stm32h747xx_cm7.o(RESET)
</UL>
<P><STRONG><a name="[4d]"></a>DMA1_Stream6_IRQHandler</STRONG> (Thumb, 0 bytes, Stack size 0 bytes, startup_stm32h747xx_cm7.o(.text))
<BR>[Address Reference Count : 1]<UL><LI> startup_stm32h747xx_cm7.o(RESET)
</UL>
<P><STRONG><a name="[6a]"></a>DMA1_Stream7_IRQHandler</STRONG> (Thumb, 0 bytes, Stack size 0 bytes, startup_stm32h747xx_cm7.o(.text))
<BR>[Address Reference Count : 1]<UL><LI> startup_stm32h747xx_cm7.o(RESET)
</UL>
<P><STRONG><a name="[92]"></a>DMA2D_IRQHandler</STRONG> (Thumb, 0 bytes, Stack size 0 bytes, startup_stm32h747xx_cm7.o(.text))
<BR>[Address Reference Count : 1]<UL><LI> startup_stm32h747xx_cm7.o(RESET)
</UL>
<P><STRONG><a name="[73]"></a>DMA2_Stream0_IRQHandler</STRONG> (Thumb, 0 bytes, Stack size 0 bytes, startup_stm32h747xx_cm7.o(.text))
<BR>[Address Reference Count : 1]<UL><LI> startup_stm32h747xx_cm7.o(RESET)
</UL>
<P><STRONG><a name="[74]"></a>DMA2_Stream1_IRQHandler</STRONG> (Thumb, 0 bytes, Stack size 0 bytes, startup_stm32h747xx_cm7.o(.text))
<BR>[Address Reference Count : 1]<UL><LI> startup_stm32h747xx_cm7.o(RESET)
</UL>
<P><STRONG><a name="[75]"></a>DMA2_Stream2_IRQHandler</STRONG> (Thumb, 0 bytes, Stack size 0 bytes, startup_stm32h747xx_cm7.o(.text))
<BR>[Address Reference Count : 1]<UL><LI> startup_stm32h747xx_cm7.o(RESET)
</UL>
<P><STRONG><a name="[76]"></a>DMA2_Stream3_IRQHandler</STRONG> (Thumb, 0 bytes, Stack size 0 bytes, startup_stm32h747xx_cm7.o(.text))
<BR>[Address Reference Count : 1]<UL><LI> startup_stm32h747xx_cm7.o(RESET)
</UL>
<P><STRONG><a name="[77]"></a>DMA2_Stream4_IRQHandler</STRONG> (Thumb, 0 bytes, Stack size 0 bytes, startup_stm32h747xx_cm7.o(.text))
<BR>[Address Reference Count : 1]<UL><LI> startup_stm32h747xx_cm7.o(RESET)
</UL>
<P><STRONG><a name="[7d]"></a>DMA2_Stream5_IRQHandler</STRONG> (Thumb, 0 bytes, Stack size 0 bytes, startup_stm32h747xx_cm7.o(.text))
<BR>[Address Reference Count : 1]<UL><LI> startup_stm32h747xx_cm7.o(RESET)
</UL>
<P><STRONG><a name="[7e]"></a>DMA2_Stream6_IRQHandler</STRONG> (Thumb, 0 bytes, Stack size 0 bytes, startup_stm32h747xx_cm7.o(.text))
<BR>[Address Reference Count : 1]<UL><LI> startup_stm32h747xx_cm7.o(RESET)
</UL>
<P><STRONG><a name="[7f]"></a>DMA2_Stream7_IRQHandler</STRONG> (Thumb, 0 bytes, Stack size 0 bytes, startup_stm32h747xx_cm7.o(.text))
<BR>[Address Reference Count : 1]<UL><LI> startup_stm32h747xx_cm7.o(RESET)
</UL>
<P><STRONG><a name="[9e]"></a>DMAMUX1_OVR_IRQHandler</STRONG> (Thumb, 0 bytes, Stack size 0 bytes, startup_stm32h747xx_cm7.o(.text))
<BR>[Address Reference Count : 1]<UL><LI> startup_stm32h747xx_cm7.o(RESET)
</UL>
<P><STRONG><a name="[b8]"></a>DMAMUX2_OVR_IRQHandler</STRONG> (Thumb, 0 bytes, Stack size 0 bytes, startup_stm32h747xx_cm7.o(.text))
<BR>[Address Reference Count : 1]<UL><LI> startup_stm32h747xx_cm7.o(RESET)
</UL>
<P><STRONG><a name="[b3]"></a>DSI_IRQHandler</STRONG> (Thumb, 0 bytes, Stack size 0 bytes, startup_stm32h747xx_cm7.o(.text))
<BR>[Address Reference Count : 1]<UL><LI> startup_stm32h747xx_cm7.o(RESET)
</UL>
<P><STRONG><a name="[c9]"></a>ECC_IRQHandler</STRONG> (Thumb, 0 bytes, Stack size 0 bytes, startup_stm32h747xx_cm7.o(.text))
<BR>[Address Reference Count : 1]<UL><LI> startup_stm32h747xx_cm7.o(RESET)
</UL>
<P><STRONG><a name="[78]"></a>ETH_IRQHandler</STRONG> (Thumb, 0 bytes, Stack size 0 bytes, startup_stm32h747xx_cm7.o(.text))
<BR>[Address Reference Count : 1]<UL><LI> startup_stm32h747xx_cm7.o(RESET)
</UL>
<P><STRONG><a name="[79]"></a>ETH_WKUP_IRQHandler</STRONG> (Thumb, 0 bytes, Stack size 0 bytes, startup_stm32h747xx_cm7.o(.text))
<BR>[Address Reference Count : 1]<UL><LI> startup_stm32h747xx_cm7.o(RESET)
</UL>
<P><STRONG><a name="[42]"></a>EXTI0_IRQHandler</STRONG> (Thumb, 0 bytes, Stack size 0 bytes, startup_stm32h747xx_cm7.o(.text))
<BR>[Address Reference Count : 1]<UL><LI> startup_stm32h747xx_cm7.o(RESET)
</UL>
<P><STRONG><a name="[64]"></a>EXTI15_10_IRQHandler</STRONG> (Thumb, 0 bytes, Stack size 0 bytes, startup_stm32h747xx_cm7.o(.text))
<BR>[Address Reference Count : 1]<UL><LI> startup_stm32h747xx_cm7.o(RESET)
</UL>
<P><STRONG><a name="[43]"></a>EXTI1_IRQHandler</STRONG> (Thumb, 0 bytes, Stack size 0 bytes, startup_stm32h747xx_cm7.o(.text))
<BR>[Address Reference Count : 1]<UL><LI> startup_stm32h747xx_cm7.o(RESET)
</UL>
<P><STRONG><a name="[44]"></a>EXTI2_IRQHandler</STRONG> (Thumb, 0 bytes, Stack size 0 bytes, startup_stm32h747xx_cm7.o(.text))
<BR>[Address Reference Count : 1]<UL><LI> startup_stm32h747xx_cm7.o(RESET)
</UL>
<P><STRONG><a name="[45]"></a>EXTI3_IRQHandler</STRONG> (Thumb, 0 bytes, Stack size 0 bytes, startup_stm32h747xx_cm7.o(.text))
<BR>[Address Reference Count : 1]<UL><LI> startup_stm32h747xx_cm7.o(RESET)
</UL>
<P><STRONG><a name="[46]"></a>EXTI4_IRQHandler</STRONG> (Thumb, 0 bytes, Stack size 0 bytes, startup_stm32h747xx_cm7.o(.text))
<BR>[Address Reference Count : 1]<UL><LI> startup_stm32h747xx_cm7.o(RESET)
</UL>
<P><STRONG><a name="[53]"></a>EXTI9_5_IRQHandler</STRONG> (Thumb, 0 bytes, Stack size 0 bytes, startup_stm32h747xx_cm7.o(.text))
<BR>[Address Reference Count : 1]<UL><LI> startup_stm32h747xx_cm7.o(RESET)
</UL>
<P><STRONG><a name="[4f]"></a>FDCAN1_IT0_IRQHandler</STRONG> (Thumb, 0 bytes, Stack size 0 bytes, startup_stm32h747xx_cm7.o(.text))
<BR>[Address Reference Count : 1]<UL><LI> startup_stm32h747xx_cm7.o(RESET)
</UL>
<P><STRONG><a name="[51]"></a>FDCAN1_IT1_IRQHandler</STRONG> (Thumb, 0 bytes, Stack size 0 bytes, startup_stm32h747xx_cm7.o(.text))
<BR>[Address Reference Count : 1]<UL><LI> startup_stm32h747xx_cm7.o(RESET)
</UL>
<P><STRONG><a name="[50]"></a>FDCAN2_IT0_IRQHandler</STRONG> (Thumb, 0 bytes, Stack size 0 bytes, startup_stm32h747xx_cm7.o(.text))
<BR>[Address Reference Count : 1]<UL><LI> startup_stm32h747xx_cm7.o(RESET)
</UL>
<P><STRONG><a name="[52]"></a>FDCAN2_IT1_IRQHandler</STRONG> (Thumb, 0 bytes, Stack size 0 bytes, startup_stm32h747xx_cm7.o(.text))
<BR>[Address Reference Count : 1]<UL><LI> startup_stm32h747xx_cm7.o(RESET)
</UL>
<P><STRONG><a name="[7a]"></a>FDCAN_CAL_IRQHandler</STRONG> (Thumb, 0 bytes, Stack size 0 bytes, startup_stm32h747xx_cm7.o(.text))
<BR>[Address Reference Count : 1]<UL><LI> startup_stm32h747xx_cm7.o(RESET)
</UL>
<P><STRONG><a name="[40]"></a>FLASH_IRQHandler</STRONG> (Thumb, 0 bytes, Stack size 0 bytes, startup_stm32h747xx_cm7.o(.text))
<BR>[Address Reference Count : 1]<UL><LI> startup_stm32h747xx_cm7.o(RESET)
</UL>
<P><STRONG><a name="[6b]"></a>FMC_IRQHandler</STRONG> (Thumb, 0 bytes, Stack size 0 bytes, startup_stm32h747xx_cm7.o(.text))
<BR>[Address Reference Count : 1]<UL><LI> startup_stm32h747xx_cm7.o(RESET)
</UL>
<P><STRONG><a name="[89]"></a>FPU_IRQHandler</STRONG> (Thumb, 0 bytes, Stack size 0 bytes, startup_stm32h747xx_cm7.o(.text))
<BR>[Address Reference Count : 1]<UL><LI> startup_stm32h747xx_cm7.o(RESET)
</UL>
<P><STRONG><a name="[cb]"></a>HOLD_CORE_IRQHandler</STRONG> (Thumb, 0 bytes, Stack size 0 bytes, startup_stm32h747xx_cm7.o(.text))
<BR>[Address Reference Count : 1]<UL><LI> startup_stm32h747xx_cm7.o(RESET)
</UL>
<P><STRONG><a name="[a5]"></a>HRTIM1_FLT_IRQHandler</STRONG> (Thumb, 0 bytes, Stack size 0 bytes, startup_stm32h747xx_cm7.o(.text))
<BR>[Address Reference Count : 1]<UL><LI> startup_stm32h747xx_cm7.o(RESET)
</UL>
<P><STRONG><a name="[9f]"></a>HRTIM1_Master_IRQHandler</STRONG> (Thumb, 0 bytes, Stack size 0 bytes, startup_stm32h747xx_cm7.o(.text))
<BR>[Address Reference Count : 1]<UL><LI> startup_stm32h747xx_cm7.o(RESET)
</UL>
<P><STRONG><a name="[a0]"></a>HRTIM1_TIMA_IRQHandler</STRONG> (Thumb, 0 bytes, Stack size 0 bytes, startup_stm32h747xx_cm7.o(.text))
<BR>[Address Reference Count : 1]<UL><LI> startup_stm32h747xx_cm7.o(RESET)
</UL>
<P><STRONG><a name="[a1]"></a>HRTIM1_TIMB_IRQHandler</STRONG> (Thumb, 0 bytes, Stack size 0 bytes, startup_stm32h747xx_cm7.o(.text))
<BR>[Address Reference Count : 1]<UL><LI> startup_stm32h747xx_cm7.o(RESET)
</UL>
<P><STRONG><a name="[a2]"></a>HRTIM1_TIMC_IRQHandler</STRONG> (Thumb, 0 bytes, Stack size 0 bytes, startup_stm32h747xx_cm7.o(.text))
<BR>[Address Reference Count : 1]<UL><LI> startup_stm32h747xx_cm7.o(RESET)
</UL>
<P><STRONG><a name="[a3]"></a>HRTIM1_TIMD_IRQHandler</STRONG> (Thumb, 0 bytes, Stack size 0 bytes, startup_stm32h747xx_cm7.o(.text))
<BR>[Address Reference Count : 1]<UL><LI> startup_stm32h747xx_cm7.o(RESET)
</UL>
<P><STRONG><a name="[a4]"></a>HRTIM1_TIME_IRQHandler</STRONG> (Thumb, 0 bytes, Stack size 0 bytes, startup_stm32h747xx_cm7.o(.text))
<BR>[Address Reference Count : 1]<UL><LI> startup_stm32h747xx_cm7.o(RESET)
</UL>
<P><STRONG><a name="[b5]"></a>HSEM1_IRQHandler</STRONG> (Thumb, 0 bytes, Stack size 0 bytes, startup_stm32h747xx_cm7.o(.text))
<BR>[Address Reference Count : 1]<UL><LI> startup_stm32h747xx_cm7.o(RESET)
</UL>
<P><STRONG><a name="[b6]"></a>HSEM2_IRQHandler</STRONG> (Thumb, 0 bytes, Stack size 0 bytes, startup_stm32h747xx_cm7.o(.text))
<BR>[Address Reference Count : 1]<UL><LI> startup_stm32h747xx_cm7.o(RESET)
</UL>
<P><STRONG><a name="[5c]"></a>I2C1_ER_IRQHandler</STRONG> (Thumb, 0 bytes, Stack size 0 bytes, startup_stm32h747xx_cm7.o(.text))
<BR>[Address Reference Count : 1]<UL><LI> startup_stm32h747xx_cm7.o(RESET)
</UL>
<P><STRONG><a name="[5b]"></a>I2C1_EV_IRQHandler</STRONG> (Thumb, 0 bytes, Stack size 0 bytes, startup_stm32h747xx_cm7.o(.text))
<BR>[Address Reference Count : 1]<UL><LI> startup_stm32h747xx_cm7.o(RESET)
</UL>
<P><STRONG><a name="[5e]"></a>I2C2_ER_IRQHandler</STRONG> (Thumb, 0 bytes, Stack size 0 bytes, startup_stm32h747xx_cm7.o(.text))
<BR>[Address Reference Count : 1]<UL><LI> startup_stm32h747xx_cm7.o(RESET)
</UL>
<P><STRONG><a name="[5d]"></a>I2C2_EV_IRQHandler</STRONG> (Thumb, 0 bytes, Stack size 0 bytes, startup_stm32h747xx_cm7.o(.text))
<BR>[Address Reference Count : 1]<UL><LI> startup_stm32h747xx_cm7.o(RESET)
</UL>
<P><STRONG><a name="[82]"></a>I2C3_ER_IRQHandler</STRONG> (Thumb, 0 bytes, Stack size 0 bytes, startup_stm32h747xx_cm7.o(.text))
<BR>[Address Reference Count : 1]<UL><LI> startup_stm32h747xx_cm7.o(RESET)
</UL>
<P><STRONG><a name="[81]"></a>I2C3_EV_IRQHandler</STRONG> (Thumb, 0 bytes, Stack size 0 bytes, startup_stm32h747xx_cm7.o(.text))
<BR>[Address Reference Count : 1]<UL><LI> startup_stm32h747xx_cm7.o(RESET)
</UL>
<P><STRONG><a name="[98]"></a>I2C4_ER_IRQHandler</STRONG> (Thumb, 0 bytes, Stack size 0 bytes, startup_stm32h747xx_cm7.o(.text))
<BR>[Address Reference Count : 1]<UL><LI> startup_stm32h747xx_cm7.o(RESET)
</UL>
<P><STRONG><a name="[97]"></a>I2C4_EV_IRQHandler</STRONG> (Thumb, 0 bytes, Stack size 0 bytes, startup_stm32h747xx_cm7.o(.text))
<BR>[Address Reference Count : 1]<UL><LI> startup_stm32h747xx_cm7.o(RESET)
</UL>
<P><STRONG><a name="[b1]"></a>JPEG_IRQHandler</STRONG> (Thumb, 0 bytes, Stack size 0 bytes, startup_stm32h747xx_cm7.o(.text))
<BR>[Address Reference Count : 1]<UL><LI> startup_stm32h747xx_cm7.o(RESET)
</UL>
<P><STRONG><a name="[95]"></a>LPTIM1_IRQHandler</STRONG> (Thumb, 0 bytes, Stack size 0 bytes, startup_stm32h747xx_cm7.o(.text))
<BR>[Address Reference Count : 1]<UL><LI> startup_stm32h747xx_cm7.o(RESET)
</UL>
<P><STRONG><a name="[c2]"></a>LPTIM2_IRQHandler</STRONG> (Thumb, 0 bytes, Stack size 0 bytes, startup_stm32h747xx_cm7.o(.text))
<BR>[Address Reference Count : 1]<UL><LI> startup_stm32h747xx_cm7.o(RESET)
</UL>
<P><STRONG><a name="[c3]"></a>LPTIM3_IRQHandler</STRONG> (Thumb, 0 bytes, Stack size 0 bytes, startup_stm32h747xx_cm7.o(.text))
<BR>[Address Reference Count : 1]<UL><LI> startup_stm32h747xx_cm7.o(RESET)
</UL>
<P><STRONG><a name="[c4]"></a>LPTIM4_IRQHandler</STRONG> (Thumb, 0 bytes, Stack size 0 bytes, startup_stm32h747xx_cm7.o(.text))
<BR>[Address Reference Count : 1]<UL><LI> startup_stm32h747xx_cm7.o(RESET)
</UL>
<P><STRONG><a name="[c5]"></a>LPTIM5_IRQHandler</STRONG> (Thumb, 0 bytes, Stack size 0 bytes, startup_stm32h747xx_cm7.o(.text))
<BR>[Address Reference Count : 1]<UL><LI> startup_stm32h747xx_cm7.o(RESET)
</UL>
<P><STRONG><a name="[c6]"></a>LPUART1_IRQHandler</STRONG> (Thumb, 0 bytes, Stack size 0 bytes, startup_stm32h747xx_cm7.o(.text))
<BR>[Address Reference Count : 1]<UL><LI> startup_stm32h747xx_cm7.o(RESET)
</UL>
<P><STRONG><a name="[91]"></a>LTDC_ER_IRQHandler</STRONG> (Thumb, 0 bytes, Stack size 0 bytes, startup_stm32h747xx_cm7.o(.text))
<BR>[Address Reference Count : 1]<UL><LI> startup_stm32h747xx_cm7.o(RESET)
</UL>
<P><STRONG><a name="[90]"></a>LTDC_IRQHandler</STRONG> (Thumb, 0 bytes, Stack size 0 bytes, startup_stm32h747xx_cm7.o(.text))
<BR>[Address Reference Count : 1]<UL><LI> startup_stm32h747xx_cm7.o(RESET)
</UL>
<P><STRONG><a name="[b0]"></a>MDIOS_IRQHandler</STRONG> (Thumb, 0 bytes, Stack size 0 bytes, startup_stm32h747xx_cm7.o(.text))
<BR>[Address Reference Count : 1]<UL><LI> startup_stm32h747xx_cm7.o(RESET)
</UL>
<P><STRONG><a name="[af]"></a>MDIOS_WKUP_IRQHandler</STRONG> (Thumb, 0 bytes, Stack size 0 bytes, startup_stm32h747xx_cm7.o(.text))
<BR>[Address Reference Count : 1]<UL><LI> startup_stm32h747xx_cm7.o(RESET)
</UL>
<P><STRONG><a name="[b2]"></a>MDMA_IRQHandler</STRONG> (Thumb, 0 bytes, Stack size 0 bytes, startup_stm32h747xx_cm7.o(.text))
<BR>[Address Reference Count : 1]<UL><LI> startup_stm32h747xx_cm7.o(RESET)
</UL>
<P><STRONG><a name="[9b]"></a>OTG_FS_EP1_IN_IRQHandler</STRONG> (Thumb, 0 bytes, Stack size 0 bytes, startup_stm32h747xx_cm7.o(.text))
<BR>[Address Reference Count : 1]<UL><LI> startup_stm32h747xx_cm7.o(RESET)
</UL>
<P><STRONG><a name="[9a]"></a>OTG_FS_EP1_OUT_IRQHandler</STRONG> (Thumb, 0 bytes, Stack size 0 bytes, startup_stm32h747xx_cm7.o(.text))
<BR>[Address Reference Count : 1]<UL><LI> startup_stm32h747xx_cm7.o(RESET)
</UL>
<P><STRONG><a name="[9d]"></a>OTG_FS_IRQHandler</STRONG> (Thumb, 0 bytes, Stack size 0 bytes, startup_stm32h747xx_cm7.o(.text))
<BR>[Address Reference Count : 1]<UL><LI> startup_stm32h747xx_cm7.o(RESET)
</UL>
<P><STRONG><a name="[9c]"></a>OTG_FS_WKUP_IRQHandler</STRONG> (Thumb, 0 bytes, Stack size 0 bytes, startup_stm32h747xx_cm7.o(.text))
<BR>[Address Reference Count : 1]<UL><LI> startup_stm32h747xx_cm7.o(RESET)
</UL>
<P><STRONG><a name="[84]"></a>OTG_HS_EP1_IN_IRQHandler</STRONG> (Thumb, 0 bytes, Stack size 0 bytes, startup_stm32h747xx_cm7.o(.text))
<BR>[Address Reference Count : 1]<UL><LI> startup_stm32h747xx_cm7.o(RESET)
</UL>
<P><STRONG><a name="[83]"></a>OTG_HS_EP1_OUT_IRQHandler</STRONG> (Thumb, 0 bytes, Stack size 0 bytes, startup_stm32h747xx_cm7.o(.text))
<BR>[Address Reference Count : 1]<UL><LI> startup_stm32h747xx_cm7.o(RESET)
</UL>
<P><STRONG><a name="[86]"></a>OTG_HS_IRQHandler</STRONG> (Thumb, 0 bytes, Stack size 0 bytes, startup_stm32h747xx_cm7.o(.text))
<BR>[Address Reference Count : 1]<UL><LI> startup_stm32h747xx_cm7.o(RESET)
</UL>
<P><STRONG><a name="[85]"></a>OTG_HS_WKUP_IRQHandler</STRONG> (Thumb, 0 bytes, Stack size 0 bytes, startup_stm32h747xx_cm7.o(.text))
<BR>[Address Reference Count : 1]<UL><LI> startup_stm32h747xx_cm7.o(RESET)
</UL>
<P><STRONG><a name="[3d]"></a>PVD_AVD_IRQHandler</STRONG> (Thumb, 0 bytes, Stack size 0 bytes, startup_stm32h747xx_cm7.o(.text))
<BR>[Address Reference Count : 1]<UL><LI> startup_stm32h747xx_cm7.o(RESET)
</UL>
<P><STRONG><a name="[94]"></a>QUADSPI_IRQHandler</STRONG> (Thumb, 0 bytes, Stack size 0 bytes, startup_stm32h747xx_cm7.o(.text))
<BR>[Address Reference Count : 1]<UL><LI> startup_stm32h747xx_cm7.o(RESET)
</UL>
<P><STRONG><a name="[41]"></a>RCC_IRQHandler</STRONG> (Thumb, 0 bytes, Stack size 0 bytes, startup_stm32h747xx_cm7.o(.text))
<BR>[Address Reference Count : 1]<UL><LI> startup_stm32h747xx_cm7.o(RESET)
</UL>
<P><STRONG><a name="[88]"></a>RNG_IRQHandler</STRONG> (Thumb, 0 bytes, Stack size 0 bytes, startup_stm32h747xx_cm7.o(.text))
<BR>[Address Reference Count : 1]<UL><LI> startup_stm32h747xx_cm7.o(RESET)
</UL>
<P><STRONG><a name="[65]"></a>RTC_Alarm_IRQHandler</STRONG> (Thumb, 0 bytes, Stack size 0 bytes, startup_stm32h747xx_cm7.o(.text))
<BR>[Address Reference Count : 1]<UL><LI> startup_stm32h747xx_cm7.o(RESET)
</UL>
<P><STRONG><a name="[3f]"></a>RTC_WKUP_IRQHandler</STRONG> (Thumb, 0 bytes, Stack size 0 bytes, startup_stm32h747xx_cm7.o(.text))
<BR>[Address Reference Count : 1]<UL><LI> startup_stm32h747xx_cm7.o(RESET)
</UL>
<P><STRONG><a name="[8f]"></a>SAI1_IRQHandler</STRONG> (Thumb, 0 bytes, Stack size 0 bytes, startup_stm32h747xx_cm7.o(.text))
<BR>[Address Reference Count : 1]<UL><LI> startup_stm32h747xx_cm7.o(RESET)
</UL>
<P><STRONG><a name="[93]"></a>SAI2_IRQHandler</STRONG> (Thumb, 0 bytes, Stack size 0 bytes, startup_stm32h747xx_cm7.o(.text))
<BR>[Address Reference Count : 1]<UL><LI> startup_stm32h747xx_cm7.o(RESET)
</UL>
<P><STRONG><a name="[aa]"></a>SAI3_IRQHandler</STRONG> (Thumb, 0 bytes, Stack size 0 bytes, startup_stm32h747xx_cm7.o(.text))
<BR>[Address Reference Count : 1]<UL><LI> startup_stm32h747xx_cm7.o(RESET)
</UL>
<P><STRONG><a name="[ca]"></a>SAI4_IRQHandler</STRONG> (Thumb, 0 bytes, Stack size 0 bytes, startup_stm32h747xx_cm7.o(.text))
<BR>[Address Reference Count : 1]<UL><LI> startup_stm32h747xx_cm7.o(RESET)
</UL>
<P><STRONG><a name="[6c]"></a>SDMMC1_IRQHandler</STRONG> (Thumb, 0 bytes, Stack size 0 bytes, startup_stm32h747xx_cm7.o(.text))
<BR>[Address Reference Count : 1]<UL><LI> startup_stm32h747xx_cm7.o(RESET)
</UL>
<P><STRONG><a name="[b4]"></a>SDMMC2_IRQHandler</STRONG> (Thumb, 0 bytes, Stack size 0 bytes, startup_stm32h747xx_cm7.o(.text))
<BR>[Address Reference Count : 1]<UL><LI> startup_stm32h747xx_cm7.o(RESET)
</UL>
<P><STRONG><a name="[99]"></a>SPDIF_RX_IRQHandler</STRONG> (Thumb, 0 bytes, Stack size 0 bytes, startup_stm32h747xx_cm7.o(.text))
<BR>[Address Reference Count : 1]<UL><LI> startup_stm32h747xx_cm7.o(RESET)
</UL>
<P><STRONG><a name="[5f]"></a>SPI1_IRQHandler</STRONG> (Thumb, 0 bytes, Stack size 0 bytes, startup_stm32h747xx_cm7.o(.text))
<BR>[Address Reference Count : 1]<UL><LI> startup_stm32h747xx_cm7.o(RESET)
</UL>
<P><STRONG><a name="[60]"></a>SPI2_IRQHandler</STRONG> (Thumb, 0 bytes, Stack size 0 bytes, startup_stm32h747xx_cm7.o(.text))
<BR>[Address Reference Count : 1]<UL><LI> startup_stm32h747xx_cm7.o(RESET)
</UL>
<P><STRONG><a name="[6e]"></a>SPI3_IRQHandler</STRONG> (Thumb, 0 bytes, Stack size 0 bytes, startup_stm32h747xx_cm7.o(.text))
<BR>[Address Reference Count : 1]<UL><LI> startup_stm32h747xx_cm7.o(RESET)
</UL>
<P><STRONG><a name="[8c]"></a>SPI4_IRQHandler</STRONG> (Thumb, 0 bytes, Stack size 0 bytes, startup_stm32h747xx_cm7.o(.text))
<BR>[Address Reference Count : 1]<UL><LI> startup_stm32h747xx_cm7.o(RESET)
</UL>
<P><STRONG><a name="[8d]"></a>SPI5_IRQHandler</STRONG> (Thumb, 0 bytes, Stack size 0 bytes, startup_stm32h747xx_cm7.o(.text))
<BR>[Address Reference Count : 1]<UL><LI> startup_stm32h747xx_cm7.o(RESET)
</UL>
<P><STRONG><a name="[8e]"></a>SPI6_IRQHandler</STRONG> (Thumb, 0 bytes, Stack size 0 bytes, startup_stm32h747xx_cm7.o(.text))
<BR>[Address Reference Count : 1]<UL><LI> startup_stm32h747xx_cm7.o(RESET)
</UL>
<P><STRONG><a name="[ab]"></a>SWPMI1_IRQHandler</STRONG> (Thumb, 0 bytes, Stack size 0 bytes, startup_stm32h747xx_cm7.o(.text))
<BR>[Address Reference Count : 1]<UL><LI> startup_stm32h747xx_cm7.o(RESET)
</UL>
<P><STRONG><a name="[3e]"></a>TAMP_STAMP_IRQHandler</STRONG> (Thumb, 0 bytes, Stack size 0 bytes, startup_stm32h747xx_cm7.o(.text))
<BR>[Address Reference Count : 1]<UL><LI> startup_stm32h747xx_cm7.o(RESET)
</UL>
<P><STRONG><a name="[ac]"></a>TIM15_IRQHandler</STRONG> (Thumb, 0 bytes, Stack size 0 bytes, startup_stm32h747xx_cm7.o(.text))
<BR>[Address Reference Count : 1]<UL><LI> startup_stm32h747xx_cm7.o(RESET)
</UL>
<P><STRONG><a name="[ad]"></a>TIM16_IRQHandler</STRONG> (Thumb, 0 bytes, Stack size 0 bytes, startup_stm32h747xx_cm7.o(.text))
<BR>[Address Reference Count : 1]<UL><LI> startup_stm32h747xx_cm7.o(RESET)
</UL>
<P><STRONG><a name="[ae]"></a>TIM17_IRQHandler</STRONG> (Thumb, 0 bytes, Stack size 0 bytes, startup_stm32h747xx_cm7.o(.text))
<BR>[Address Reference Count : 1]<UL><LI> startup_stm32h747xx_cm7.o(RESET)
</UL>
<P><STRONG><a name="[54]"></a>TIM1_BRK_IRQHandler</STRONG> (Thumb, 0 bytes, Stack size 0 bytes, startup_stm32h747xx_cm7.o(.text))
<BR>[Address Reference Count : 1]<UL><LI> startup_stm32h747xx_cm7.o(RESET)
</UL>
<P><STRONG><a name="[57]"></a>TIM1_CC_IRQHandler</STRONG> (Thumb, 0 bytes, Stack size 0 bytes, startup_stm32h747xx_cm7.o(.text))
<BR>[Address Reference Count : 1]<UL><LI> startup_stm32h747xx_cm7.o(RESET)
</UL>
<P><STRONG><a name="[56]"></a>TIM1_TRG_COM_IRQHandler</STRONG> (Thumb, 0 bytes, Stack size 0 bytes, startup_stm32h747xx_cm7.o(.text))
<BR>[Address Reference Count : 1]<UL><LI> startup_stm32h747xx_cm7.o(RESET)
</UL>
<P><STRONG><a name="[55]"></a>TIM1_UP_IRQHandler</STRONG> (Thumb, 0 bytes, Stack size 0 bytes, startup_stm32h747xx_cm7.o(.text))
<BR>[Address Reference Count : 1]<UL><LI> startup_stm32h747xx_cm7.o(RESET)
</UL>
<P><STRONG><a name="[58]"></a>TIM2_IRQHandler</STRONG> (Thumb, 0 bytes, Stack size 0 bytes, startup_stm32h747xx_cm7.o(.text))
<BR>[Address Reference Count : 1]<UL><LI> startup_stm32h747xx_cm7.o(RESET)
</UL>
<P><STRONG><a name="[59]"></a>TIM3_IRQHandler</STRONG> (Thumb, 0 bytes, Stack size 0 bytes, startup_stm32h747xx_cm7.o(.text))
<BR>[Address Reference Count : 1]<UL><LI> startup_stm32h747xx_cm7.o(RESET)
</UL>
<P><STRONG><a name="[5a]"></a>TIM4_IRQHandler</STRONG> (Thumb, 0 bytes, Stack size 0 bytes, startup_stm32h747xx_cm7.o(.text))
<BR>[Address Reference Count : 1]<UL><LI> startup_stm32h747xx_cm7.o(RESET)
</UL>
<P><STRONG><a name="[6d]"></a>TIM5_IRQHandler</STRONG> (Thumb, 0 bytes, Stack size 0 bytes, startup_stm32h747xx_cm7.o(.text))
<BR>[Address Reference Count : 1]<UL><LI> startup_stm32h747xx_cm7.o(RESET)
</UL>
<P><STRONG><a name="[72]"></a>TIM7_IRQHandler</STRONG> (Thumb, 0 bytes, Stack size 0 bytes, startup_stm32h747xx_cm7.o(.text))
<BR>[Address Reference Count : 1]<UL><LI> startup_stm32h747xx_cm7.o(RESET)
</UL>
<P><STRONG><a name="[66]"></a>TIM8_BRK_TIM12_IRQHandler</STRONG> (Thumb, 0 bytes, Stack size 0 bytes, startup_stm32h747xx_cm7.o(.text))
<BR>[Address Reference Count : 1]<UL><LI> startup_stm32h747xx_cm7.o(RESET)
</UL>
<P><STRONG><a name="[69]"></a>TIM8_CC_IRQHandler</STRONG> (Thumb, 0 bytes, Stack size 0 bytes, startup_stm32h747xx_cm7.o(.text))
<BR>[Address Reference Count : 1]<UL><LI> startup_stm32h747xx_cm7.o(RESET)
</UL>
<P><STRONG><a name="[68]"></a>TIM8_TRG_COM_TIM14_IRQHandler</STRONG> (Thumb, 0 bytes, Stack size 0 bytes, startup_stm32h747xx_cm7.o(.text))
<BR>[Address Reference Count : 1]<UL><LI> startup_stm32h747xx_cm7.o(RESET)
</UL>
<P><STRONG><a name="[67]"></a>TIM8_UP_TIM13_IRQHandler</STRONG> (Thumb, 0 bytes, Stack size 0 bytes, startup_stm32h747xx_cm7.o(.text))
<BR>[Address Reference Count : 1]<UL><LI> startup_stm32h747xx_cm7.o(RESET)
</UL>
<P><STRONG><a name="[6f]"></a>UART4_IRQHandler</STRONG> (Thumb, 0 bytes, Stack size 0 bytes, startup_stm32h747xx_cm7.o(.text))
<BR>[Address Reference Count : 1]<UL><LI> startup_stm32h747xx_cm7.o(RESET)
</UL>
<P><STRONG><a name="[70]"></a>UART5_IRQHandler</STRONG> (Thumb, 0 bytes, Stack size 0 bytes, startup_stm32h747xx_cm7.o(.text))
<BR>[Address Reference Count : 1]<UL><LI> startup_stm32h747xx_cm7.o(RESET)
</UL>
<P><STRONG><a name="[8a]"></a>UART7_IRQHandler</STRONG> (Thumb, 0 bytes, Stack size 0 bytes, startup_stm32h747xx_cm7.o(.text))
<BR>[Address Reference Count : 1]<UL><LI> startup_stm32h747xx_cm7.o(RESET)
</UL>
<P><STRONG><a name="[62]"></a>USART2_IRQHandler</STRONG> (Thumb, 0 bytes, Stack size 0 bytes, startup_stm32h747xx_cm7.o(.text))
<BR>[Address Reference Count : 1]<UL><LI> startup_stm32h747xx_cm7.o(RESET)
</UL>
<P><STRONG><a name="[63]"></a>USART3_IRQHandler</STRONG> (Thumb, 0 bytes, Stack size 0 bytes, startup_stm32h747xx_cm7.o(.text))
<BR>[Address Reference Count : 1]<UL><LI> startup_stm32h747xx_cm7.o(RESET)
</UL>
<P><STRONG><a name="[80]"></a>USART6_IRQHandler</STRONG> (Thumb, 0 bytes, Stack size 0 bytes, startup_stm32h747xx_cm7.o(.text))
<BR>[Address Reference Count : 1]<UL><LI> startup_stm32h747xx_cm7.o(RESET)
</UL>
<P><STRONG><a name="[cc]"></a>WAKEUP_PIN_IRQHandler</STRONG> (Thumb, 0 bytes, Stack size 0 bytes, startup_stm32h747xx_cm7.o(.text))
<BR>[Address Reference Count : 1]<UL><LI> startup_stm32h747xx_cm7.o(RESET)
</UL>
<P><STRONG><a name="[3c]"></a>WWDG_IRQHandler</STRONG> (Thumb, 0 bytes, Stack size 0 bytes, startup_stm32h747xx_cm7.o(.text))
<BR>[Address Reference Count : 1]<UL><LI> startup_stm32h747xx_cm7.o(RESET)
</UL>
<P><STRONG><a name="[c7]"></a>WWDG_RST_IRQHandler</STRONG> (Thumb, 0 bytes, Stack size 0 bytes, startup_stm32h747xx_cm7.o(.text))
<BR>[Address Reference Count : 1]<UL><LI> startup_stm32h747xx_cm7.o(RESET)
</UL>
<P><STRONG><a name="[11b]"></a>__user_initial_stackheap</STRONG> (Thumb, 0 bytes, Stack size unknown bytes, startup_stm32h747xx_cm7.o(.text))
<BR><BR>[Called By]<UL><LI><a href="#[f8]">&gt;&gt;</a>&nbsp;&nbsp;&nbsp;__user_setup_stackheap
</UL>

<P><STRONG><a name="[1c4]"></a>__aeabi_uldivmod</STRONG> (Thumb, 0 bytes, Stack size 48 bytes, lludivv7m.o(.text))
<BR><BR>[Stack]<UL><LI>Max Depth = 48<LI>Call Chain = __aeabi_uldivmod
</UL>
<BR>[Called By]<UL><LI><a href="#[1e6]">&gt;&gt;</a>&nbsp;&nbsp;&nbsp;dwtCyclesToTime
<LI><a href="#[1d4]">&gt;&gt;</a>&nbsp;&nbsp;&nbsp;_write_number
<LI><a href="#[1d2]">&gt;&gt;</a>&nbsp;&nbsp;&nbsp;_write_double
<LI><a href="#[192]">&gt;&gt;</a>&nbsp;&nbsp;&nbsp;UART_SetConfig
<LI><a href="#[1db]">&gt;&gt;</a>&nbsp;&nbsp;&nbsp;aiRun
</UL>

<P><STRONG><a name="[228]"></a>_ll_udiv</STRONG> (Thumb, 238 bytes, Stack size 48 bytes, lludivv7m.o(.text), UNUSED)

<P><STRONG><a name="[102]"></a>__2snprintf</STRONG> (Thumb, 48 bytes, Stack size 32 bytes, noretval__2snprintf.o(.text))
<BR><BR>[Stack]<UL><LI>Max Depth = 128 + Unknown Stack Size
<LI>Call Chain = __2snprintf &rArr; _printf_char_common &rArr; __printf
</UL>
<BR>[Calls]<UL><LI><a href="#[104]">&gt;&gt;</a>&nbsp;&nbsp;&nbsp;_sputc
<LI><a href="#[103]">&gt;&gt;</a>&nbsp;&nbsp;&nbsp;_printf_char_common
</UL>
<BR>[Called By]<UL><LI><a href="#[71]">&gt;&gt;</a>&nbsp;&nbsp;&nbsp;TIM6_DAC_IRQHandler
<LI><a href="#[1ba]">&gt;&gt;</a>&nbsp;&nbsp;&nbsp;main_loop
</UL>

<P><STRONG><a name="[118]"></a>_printf_str</STRONG> (Thumb, 82 bytes, Stack size 16 bytes, _printf_str.o(.text))
<BR><BR>[Stack]<UL><LI>Max Depth = 16<LI>Call Chain = _printf_str
</UL>
<BR>[Called By]<UL><LI><a href="#[117]">&gt;&gt;</a>&nbsp;&nbsp;&nbsp;_printf_cs_common
</UL>

<P><STRONG><a name="[ed]"></a>_printf_int_dec</STRONG> (Thumb, 104 bytes, Stack size 24 bytes, _printf_dec.o(.text))
<BR><BR>[Stack]<UL><LI>Max Depth = 56<LI>Call Chain = _printf_int_dec &rArr; _printf_int_common
</UL>
<BR>[Calls]<UL><LI><a href="#[105]">&gt;&gt;</a>&nbsp;&nbsp;&nbsp;_printf_int_common
</UL>
<BR>[Called By]<UL><LI><a href="#[ee]">&gt;&gt;</a>&nbsp;&nbsp;&nbsp;_printf_u
<LI><a href="#[ec]">&gt;&gt;</a>&nbsp;&nbsp;&nbsp;_printf_d
</UL>

<P><STRONG><a name="[106]"></a>__printf</STRONG> (Thumb, 352 bytes, Stack size 32 bytes, __printf_ss_wp.o(.text))
<BR><BR>[Stack]<UL><LI>Max Depth = 32 + Unknown Stack Size
<LI>Call Chain = __printf
</UL>
<BR>[Calls]<UL><LI><a href="#[108]">&gt;&gt;</a>&nbsp;&nbsp;&nbsp;_printf_percent
<LI><a href="#[107]">&gt;&gt;</a>&nbsp;&nbsp;&nbsp;_is_digit
</UL>
<BR>[Called By]<UL><LI><a href="#[103]">&gt;&gt;</a>&nbsp;&nbsp;&nbsp;_printf_char_common
</UL>

<P><STRONG><a name="[1d6]"></a>strlen</STRONG> (Thumb, 62 bytes, Stack size 8 bytes, strlen.o(.text))
<BR><BR>[Stack]<UL><LI>Max Depth = 8<LI>Call Chain = strlen
</UL>
<BR>[Called By]<UL><LI><a href="#[1d5]">&gt;&gt;</a>&nbsp;&nbsp;&nbsp;_write_string
</UL>

<P><STRONG><a name="[1d8]"></a>__aeabi_memcpy</STRONG> (Thumb, 0 bytes, Stack size 0 bytes, rt_memcpy_v6.o(.text))
<BR><BR>[Called By]<UL><LI><a href="#[1be]">&gt;&gt;</a>&nbsp;&nbsp;&nbsp;uart_parse_frames
<LI><a href="#[1d7]">&gt;&gt;</a>&nbsp;&nbsp;&nbsp;acquire_and_process_data
</UL>

<P><STRONG><a name="[109]"></a>__rt_memcpy</STRONG> (Thumb, 138 bytes, Stack size 0 bytes, rt_memcpy_v6.o(.text), UNUSED)
<BR><BR>[Calls]<UL><LI><a href="#[10a]">&gt;&gt;</a>&nbsp;&nbsp;&nbsp;__aeabi_memcpy4
</UL>

<P><STRONG><a name="[229]"></a>_memcpy_lastbytes</STRONG> (Thumb, 0 bytes, Stack size unknown bytes, rt_memcpy_v6.o(.text), UNUSED)

<P><STRONG><a name="[10a]"></a>__aeabi_memcpy4</STRONG> (Thumb, 0 bytes, Stack size 8 bytes, rt_memcpy_w.o(.text))
<BR><BR>[Stack]<UL><LI>Max Depth = 8<LI>Call Chain = __aeabi_memcpy4
</UL>
<BR>[Called By]<UL><LI><a href="#[160]">&gt;&gt;</a>&nbsp;&nbsp;&nbsp;HAL_LTDC_ConfigLayer
<LI><a href="#[1d7]">&gt;&gt;</a>&nbsp;&nbsp;&nbsp;acquire_and_process_data
<LI><a href="#[1e9]">&gt;&gt;</a>&nbsp;&nbsp;&nbsp;ai_run_sample
<LI><a href="#[1e4]">&gt;&gt;</a>&nbsp;&nbsp;&nbsp;stai_network_run
<LI><a href="#[1fc]">&gt;&gt;</a>&nbsp;&nbsp;&nbsp;stai_network_init
<LI><a href="#[109]">&gt;&gt;</a>&nbsp;&nbsp;&nbsp;__rt_memcpy
</UL>

<P><STRONG><a name="[22a]"></a>__aeabi_memcpy8</STRONG> (Thumb, 0 bytes, Stack size 8 bytes, rt_memcpy_w.o(.text), UNUSED)

<P><STRONG><a name="[22b]"></a>__rt_memcpy_w</STRONG> (Thumb, 100 bytes, Stack size 8 bytes, rt_memcpy_w.o(.text), UNUSED)

<P><STRONG><a name="[22c]"></a>_memcpy_lastbytes_aligned</STRONG> (Thumb, 0 bytes, Stack size unknown bytes, rt_memcpy_w.o(.text), UNUSED)

<P><STRONG><a name="[194]"></a>__aeabi_memclr4</STRONG> (Thumb, 0 bytes, Stack size 4 bytes, rt_memclr_w.o(.text))
<BR><BR>[Stack]<UL><LI>Max Depth = 4<LI>Call Chain = __aeabi_memclr4
</UL>
<BR>[Called By]<UL><LI><a href="#[190]">&gt;&gt;</a>&nbsp;&nbsp;&nbsp;HAL_UART_MspInit
<LI><a href="#[1bc]">&gt;&gt;</a>&nbsp;&nbsp;&nbsp;SystemClock_Config
<LI><a href="#[1a7]">&gt;&gt;</a>&nbsp;&nbsp;&nbsp;MX_GPIO_Init
<LI><a href="#[1f7]">&gt;&gt;</a>&nbsp;&nbsp;&nbsp;vlc_print
</UL>

<P><STRONG><a name="[22d]"></a>__aeabi_memclr8</STRONG> (Thumb, 0 bytes, Stack size 4 bytes, rt_memclr_w.o(.text), UNUSED)

<P><STRONG><a name="[22e]"></a>__rt_memclr_w</STRONG> (Thumb, 78 bytes, Stack size 4 bytes, rt_memclr_w.o(.text), UNUSED)

<P><STRONG><a name="[22f]"></a>_memset_w</STRONG> (Thumb, 0 bytes, Stack size unknown bytes, rt_memclr_w.o(.text), UNUSED)

<P><STRONG><a name="[1ff]"></a>strcmp</STRONG> (Thumb, 104 bytes, Stack size 0 bytes, strcmpv7m_pel.o(.text))
<BR><BR>[Called By]<UL><LI><a href="#[f6]">&gt;&gt;</a>&nbsp;&nbsp;&nbsp;_get_lc_numeric
</UL>

<P><STRONG><a name="[230]"></a>__use_two_region_memory</STRONG> (Thumb, 2 bytes, Stack size 0 bytes, heapauxi.o(.text), UNUSED)

<P><STRONG><a name="[3]"></a>__rt_heap_escrow</STRONG> (Thumb, 2 bytes, Stack size 0 bytes, heapauxi.o(.text), UNUSED)

<P><STRONG><a name="[2]"></a>__rt_heap_expand</STRONG> (Thumb, 2 bytes, Stack size 0 bytes, heapauxi.o(.text), UNUSED)

<P><STRONG><a name="[10b]"></a>__read_errno</STRONG> (Thumb, 10 bytes, Stack size 8 bytes, _rserrno.o(.text), UNUSED)
<BR><BR>[Calls]<UL><LI><a href="#[10c]">&gt;&gt;</a>&nbsp;&nbsp;&nbsp;__aeabi_errno_addr
</UL>

<P><STRONG><a name="[10d]"></a>__set_errno</STRONG> (Thumb, 12 bytes, Stack size 8 bytes, _rserrno.o(.text))
<BR><BR>[Stack]<UL><LI>Max Depth = 8<LI>Call Chain = __set_errno
</UL>
<BR>[Calls]<UL><LI><a href="#[10c]">&gt;&gt;</a>&nbsp;&nbsp;&nbsp;__aeabi_errno_addr
</UL>
<BR>[Called By]<UL><LI><a href="#[1cc]">&gt;&gt;</a>&nbsp;&nbsp;&nbsp;__hardfp_expf
<LI><a href="#[1c8]">&gt;&gt;</a>&nbsp;&nbsp;&nbsp;__hardfp_atan2f
</UL>

<P><STRONG><a name="[105]"></a>_printf_int_common</STRONG> (Thumb, 178 bytes, Stack size 32 bytes, _printf_intcommon.o(.text))
[...]
<BR><BR>[Stack]<UL><LI>Max Depth = 24<LI>Call Chain = QSPI_WaitFlagStateUntilTimeout
</UL>
<BR>[Calls]<UL><LI><a href="#[122]">&gt;&gt;</a>&nbsp;&nbsp;&nbsp;HAL_GetTick
</UL>
<BR>[Called By]<UL><LI><a href="#[16f]">&gt;&gt;</a>&nbsp;&nbsp;&nbsp;HAL_QSPI_Transmit
<LI><a href="#[16e]">&gt;&gt;</a>&nbsp;&nbsp;&nbsp;HAL_QSPI_Receive
<LI><a href="#[16d]">&gt;&gt;</a>&nbsp;&nbsp;&nbsp;HAL_QSPI_MemoryMapped
<LI><a href="#[139]">&gt;&gt;</a>&nbsp;&nbsp;&nbsp;HAL_QSPI_Init
<LI><a href="#[16b]">&gt;&gt;</a>&nbsp;&nbsp;&nbsp;HAL_QSPI_Command
<LI><a href="#[168]">&gt;&gt;</a>&nbsp;&nbsp;&nbsp;HAL_QSPI_AutoPolling
</UL>

<P><STRONG><a name="[154]"></a>DMA2D_SetConfig</STRONG> (Thumb, 156 bytes, Stack size 20 bytes, stm32h7xx_hal_dma2d.o(i.DMA2D_SetConfig))
<BR><BR>[Stack]<UL><LI>Max Depth = 20<LI>Call Chain = DMA2D_SetConfig
</UL>
<BR>[Called By]<UL><LI><a href="#[153]">&gt;&gt;</a>&nbsp;&nbsp;&nbsp;HAL_DMA2D_Start
</UL>

<P><STRONG><a name="[158]"></a>DSI_ConfigPacketHeader</STRONG> (Thumb, 20 bytes, Stack size 8 bytes, stm32h7xx_hal_dsi.o(i.DSI_ConfigPacketHeader))
<BR><BR>[Stack]<UL><LI>Max Depth = 8<LI>Call Chain = DSI_ConfigPacketHeader
</UL>
<BR>[Called By]<UL><LI><a href="#[14a]">&gt;&gt;</a>&nbsp;&nbsp;&nbsp;HAL_DSI_Read
<LI><a href="#[14c]">&gt;&gt;</a>&nbsp;&nbsp;&nbsp;HAL_DSI_LongWrite
</UL>

<P><STRONG><a name="[14d]"></a>DSI_ShortWrite</STRONG> (Thumb, 72 bytes, Stack size 32 bytes, stm32h7xx_hal_dsi.o(i.DSI_ShortWrite))
<BR><BR>[Stack]<UL><LI>Max Depth = 32<LI>Call Chain = DSI_ShortWrite
</UL>
<BR>[Calls]<UL><LI><a href="#[122]">&gt;&gt;</a>&nbsp;&nbsp;&nbsp;HAL_GetTick
</UL>
<BR>[Called By]<UL><LI><a href="#[14b]">&gt;&gt;</a>&nbsp;&nbsp;&nbsp;HAL_DSI_ShortWrite
<LI><a href="#[14a]">&gt;&gt;</a>&nbsp;&nbsp;&nbsp;HAL_DSI_Read
</UL>

<P><STRONG><a name="[161]"></a>LTDC_SetConfig</STRONG> (Thumb, 432 bytes, Stack size 44 bytes, stm32h7xx_hal_ltdc.o(i.LTDC_SetConfig))
<BR><BR>[Stack]<UL><LI>Max Depth = 44<LI>Call Chain = LTDC_SetConfig
</UL>
<BR>[Called By]<UL><LI><a href="#[160]">&gt;&gt;</a>&nbsp;&nbsp;&nbsp;HAL_LTDC_ConfigLayer
</UL>

<P><STRONG><a name="[1d2]"></a>_write_double</STRONG> (Thumb, 266 bytes, Stack size 104 bytes, lc_print.o(i._write_double))
<BR><BR>[Stack]<UL><LI>Max Depth = 152<LI>Call Chain = _write_double &rArr; __aeabi_uldivmod
</UL>
<BR>[Calls]<UL><LI><a href="#[1d3]">&gt;&gt;</a>&nbsp;&nbsp;&nbsp;__aeabi_d2ulz
<LI><a href="#[1c4]">&gt;&gt;</a>&nbsp;&nbsp;&nbsp;__aeabi_uldivmod
</UL>
<BR>[Called By]<UL><LI><a href="#[1f7]">&gt;&gt;</a>&nbsp;&nbsp;&nbsp;vlc_print
</UL>

<P><STRONG><a name="[1d4]"></a>_write_number</STRONG> (Thumb, 286 bytes, Stack size 96 bytes, lc_print.o(i._write_number))
<BR><BR>[Stack]<UL><LI>Max Depth = 144<LI>Call Chain = _write_number &rArr; __aeabi_uldivmod
</UL>
<BR>[Calls]<UL><LI><a href="#[1c4]">&gt;&gt;</a>&nbsp;&nbsp;&nbsp;__aeabi_uldivmod
</UL>
<BR>[Called By]<UL><LI><a href="#[1f7]">&gt;&gt;</a>&nbsp;&nbsp;&nbsp;vlc_print
</UL>

<P><STRONG><a name="[1d5]"></a>_write_string</STRONG> (Thumb, 110 bytes, Stack size 24 bytes, lc_print.o(i._write_string))
<BR><BR>[Stack]<UL><LI>Max Depth = 32<LI>Call Chain = _write_string &rArr; strlen
</UL>
<BR>[Calls]<UL><LI><a href="#[1d6]">&gt;&gt;</a>&nbsp;&nbsp;&nbsp;strlen
</UL>
<BR>[Called By]<UL><LI><a href="#[1f7]">&gt;&gt;</a>&nbsp;&nbsp;&nbsp;vlc_print
</UL>

<P><STRONG><a name="[da]"></a>_put_c_driver</STRONG> (Thumb, 20 bytes, Stack size 16 bytes, aitestutility.o(i._put_c_driver))
<BR><BR>[Stack]<UL><LI>Max Depth = 104<LI>Call Chain = _put_c_driver &rArr; port_io_write &rArr; HAL_UART_Transmit &rArr; UART_WaitOnFlagUntilTimeout &rArr; UART_EndRxTransfer
</UL>
<BR>[Calls]<UL><LI><a href="#[1cf]">&gt;&gt;</a>&nbsp;&nbsp;&nbsp;port_io_write
</UL>
<BR>[Address Reference Count : 1]<UL><LI> aitestutility.o(i.lc_print)
</UL>
<P><STRONG><a name="[1cf]"></a>port_io_write</STRONG> (Thumb, 26 bytes, Stack size 8 bytes, aitestutility.o(i.port_io_write))
<BR><BR>[Stack]<UL><LI>Max Depth = 88<LI>Call Chain = port_io_write &rArr; HAL_UART_Transmit &rArr; UART_WaitOnFlagUntilTimeout &rArr; UART_EndRxTransfer
</UL>
<BR>[Calls]<UL><LI><a href="#[197]">&gt;&gt;</a>&nbsp;&nbsp;&nbsp;HAL_UART_Transmit
</UL>
<BR>[Called By]<UL><LI><a href="#[da]">&gt;&gt;</a>&nbsp;&nbsp;&nbsp;_put_c_driver
</UL>

<P><STRONG><a name="[146]"></a>QSPI_DummyCyclesCfg</STRONG> (Thumb, 156 bytes, Stack size 88 bytes, stm32h747i_discovery_qspi.o(i.QSPI_DummyCyclesCfg))
<BR><BR>[Stack]<UL><LI>Max Depth = 260<LI>Call Chain = QSPI_DummyCyclesCfg &rArr; MT25TL01G_WriteEnable &rArr; HAL_QSPI_Command &rArr; QSPI_Config
</UL>
<BR>[Calls]<UL><LI><a href="#[16f]">&gt;&gt;</a>&nbsp;&nbsp;&nbsp;HAL_QSPI_Transmit
<LI><a href="#[16e]">&gt;&gt;</a>&nbsp;&nbsp;&nbsp;HAL_QSPI_Receive
<LI><a href="#[16b]">&gt;&gt;</a>&nbsp;&nbsp;&nbsp;HAL_QSPI_Command
<LI><a href="#[1a3]">&gt;&gt;</a>&nbsp;&nbsp;&nbsp;MT25TL01G_WriteEnable
</UL>
<BR>[Called By]<UL><LI><a href="#[13f]">&gt;&gt;</a>&nbsp;&nbsp;&nbsp;BSP_QSPI_Init
</UL>

<P><STRONG><a name="[140]"></a>QSPI_MspInit</STRONG> (Thumb, 412 bytes, Stack size 56 bytes, stm32h747i_discovery_qspi.o(i.QSPI_MspInit))
<BR><BR>[Stack]<UL><LI>Max Depth = 96<LI>Call Chain = QSPI_MspInit &rArr; HAL_GPIO_Init
</UL>
<BR>[Calls]<UL><LI><a href="#[15f]">&gt;&gt;</a>&nbsp;&nbsp;&nbsp;HAL_NVIC_SetPriority
<LI><a href="#[196]">&gt;&gt;</a>&nbsp;&nbsp;&nbsp;HAL_NVIC_EnableIRQ
<LI><a href="#[135]">&gt;&gt;</a>&nbsp;&nbsp;&nbsp;HAL_GPIO_Init
</UL>
<BR>[Called By]<UL><LI><a href="#[13f]">&gt;&gt;</a>&nbsp;&nbsp;&nbsp;BSP_QSPI_Init
</UL>

<P><STRONG><a name="[143]"></a>QSPI_ResetMemory</STRONG> (Thumb, 100 bytes, Stack size 24 bytes, stm32h747i_discovery_qspi.o(i.QSPI_ResetMemory))
<BR><BR>[Stack]<UL><LI>Max Depth = 188<LI>Call Chain = QSPI_ResetMemory &rArr; MT25TL01G_AutoPollingMemReady &rArr; HAL_QSPI_AutoPolling &rArr; QSPI_Config
</UL>
<BR>[Calls]<UL><LI><a href="#[1a5]">&gt;&gt;</a>&nbsp;&nbsp;&nbsp;MT25TL01G_ResetMemory
<LI><a href="#[1a4]">&gt;&gt;</a>&nbsp;&nbsp;&nbsp;MT25TL01G_ResetEnable
<LI><a href="#[144]">&gt;&gt;</a>&nbsp;&nbsp;&nbsp;MT25TL01G_AutoPollingMemReady
</UL>
<BR>[Called By]<UL><LI><a href="#[13f]">&gt;&gt;</a>&nbsp;&nbsp;&nbsp;BSP_QSPI_Init
</UL>

<P><STRONG><a name="[147]"></a>SDRAM_MspInit</STRONG> (Thumb, 322 bytes, Stack size 48 bytes, stm32h747i_discovery_sdram.o(i.SDRAM_MspInit))
<BR><BR>[Stack]<UL><LI>Max Depth = 88<LI>Call Chain = SDRAM_MspInit &rArr; HAL_GPIO_Init
</UL>
<BR>[Calls]<UL><LI><a href="#[15f]">&gt;&gt;</a>&nbsp;&nbsp;&nbsp;HAL_NVIC_SetPriority
<LI><a href="#[196]">&gt;&gt;</a>&nbsp;&nbsp;&nbsp;HAL_NVIC_EnableIRQ
<LI><a href="#[135]">&gt;&gt;</a>&nbsp;&nbsp;&nbsp;HAL_GPIO_Init
<LI><a href="#[164]">&gt;&gt;</a>&nbsp;&nbsp;&nbsp;HAL_MDMA_Init
<LI><a href="#[1b3]">&gt;&gt;</a>&nbsp;&nbsp;&nbsp;HAL_MDMA_DeInit
</UL>
<BR>[Called By]<UL><LI><a href="#[12f]">&gt;&gt;</a>&nbsp;&nbsp;&nbsp;BSP_SDRAM_Init
</UL>

<P><STRONG><a name="[12a]"></a>DMA2D_MspInit</STRONG> (Thumb, 50 bytes, Stack size 8 bytes, stm32h747i_discovery_lcd.o(i.DMA2D_MspInit))
<BR><BR>[Stack]<UL><LI>Max Depth = 8<LI>Call Chain = DMA2D_MspInit
</UL>
<BR>[Called By]<UL><LI><a href="#[126]">&gt;&gt;</a>&nbsp;&nbsp;&nbsp;BSP_LCD_InitEx
</UL>

<P><STRONG><a name="[d5]"></a>DSI_IO_Read</STRONG> (Thumb, 30 bytes, Stack size 24 bytes, stm32h747i_discovery_lcd.o(i.DSI_IO_Read))
<BR><BR>[Stack]<UL><LI>Max Depth = 96<LI>Call Chain = DSI_IO_Read &rArr; HAL_DSI_Read &rArr; DSI_ShortWrite
</UL>
<BR>[Calls]<UL><LI><a href="#[14a]">&gt;&gt;</a>&nbsp;&nbsp;&nbsp;HAL_DSI_Read
</UL>
<BR>[Address Reference Count : 2]<UL><LI> stm32h747i_discovery_lcd.o(i.NT35510_Probe)
<LI> stm32h747i_discovery_lcd.o(i.OTM8009A_Probe)
</UL>
<P><STRONG><a name="[d4]"></a>DSI_IO_Write</STRONG> (Thumb, 54 bytes, Stack size 24 bytes, stm32h747i_discovery_lcd.o(i.DSI_IO_Write))
<BR><BR>[Stack]<UL><LI>Max Depth = 88<LI>Call Chain = DSI_IO_Write &rArr; HAL_DSI_LongWrite &rArr; DSI_ConfigPacketHeader
</UL>
<BR>[Calls]<UL><LI><a href="#[14b]">&gt;&gt;</a>&nbsp;&nbsp;&nbsp;HAL_DSI_ShortWrite
<LI><a href="#[14c]">&gt;&gt;</a>&nbsp;&nbsp;&nbsp;HAL_DSI_LongWrite
</UL>
<BR>[Address Reference Count : 2]<UL><LI> stm32h747i_discovery_lcd.o(i.NT35510_Probe)
<LI> stm32h747i_discovery_lcd.o(i.OTM8009A_Probe)
</UL>
<P><STRONG><a name="[12b]"></a>DSI_MspInit</STRONG> (Thumb, 50 bytes, Stack size 8 bytes, stm32h747i_discovery_lcd.o(i.DSI_MspInit))
<BR><BR>[Stack]<UL><LI>Max Depth = 8<LI>Call Chain = DSI_MspInit
</UL>
<BR>[Called By]<UL><LI><a href="#[126]">&gt;&gt;</a>&nbsp;&nbsp;&nbsp;BSP_LCD_InitEx
</UL>

<P><STRONG><a name="[128]"></a>LCD_InitSequence</STRONG> (Thumb, 160 bytes, Stack size 48 bytes, stm32h747i_discovery_lcd.o(i.LCD_InitSequence))
<BR><BR>[Stack]<UL><LI>Max Depth = 88<LI>Call Chain = LCD_InitSequence &rArr; HAL_GPIO_Init
</UL>
<BR>[Calls]<UL><LI><a href="#[15f]">&gt;&gt;</a>&nbsp;&nbsp;&nbsp;HAL_NVIC_SetPriority
<LI><a href="#[196]">&gt;&gt;</a>&nbsp;&nbsp;&nbsp;HAL_NVIC_EnableIRQ
<LI><a href="#[136]">&gt;&gt;</a>&nbsp;&nbsp;&nbsp;HAL_GPIO_WritePin
<LI><a href="#[135]">&gt;&gt;</a>&nbsp;&nbsp;&nbsp;HAL_GPIO_Init
</UL>
<BR>[Called By]<UL><LI><a href="#[126]">&gt;&gt;</a>&nbsp;&nbsp;&nbsp;BSP_LCD_InitEx
</UL>

<P><STRONG><a name="[123]"></a>LL_ConvertLineToRGB</STRONG> (Thumb, 120 bytes, Stack size 32 bytes, stm32h747i_discovery_lcd.o(i.LL_ConvertLineToRGB))
<BR><BR>[Stack]<UL><LI>Max Depth = 76<LI>Call Chain = LL_ConvertLineToRGB &rArr; HAL_DMA2D_Start &rArr; DMA2D_SetConfig
</UL>
<BR>[Calls]<UL><LI><a href="#[153]">&gt;&gt;</a>&nbsp;&nbsp;&nbsp;HAL_DMA2D_Start
<LI><a href="#[152]">&gt;&gt;</a>&nbsp;&nbsp;&nbsp;HAL_DMA2D_PollForTransfer
<LI><a href="#[150]">&gt;&gt;</a>&nbsp;&nbsp;&nbsp;HAL_DMA2D_Init
<LI><a href="#[19e]">&gt;&gt;</a>&nbsp;&nbsp;&nbsp;HAL_DMA2D_ConfigLayer
</UL>
<BR>[Called By]<UL><LI><a href="#[db]">&gt;&gt;</a>&nbsp;&nbsp;&nbsp;BSP_LCD_DrawBitmap
</UL>

<P><STRONG><a name="[124]"></a>LL_FillBuffer</STRONG> (Thumb, 168 bytes, Stack size 24 bytes, stm32h747i_discovery_lcd.o(i.LL_FillBuffer))
<BR><BR>[Stack]<UL><LI>Max Depth = 68<LI>Call Chain = LL_FillBuffer &rArr; HAL_DMA2D_Start &rArr; DMA2D_SetConfig
</UL>
<BR>[Calls]<UL><LI><a href="#[153]">&gt;&gt;</a>&nbsp;&nbsp;&nbsp;HAL_DMA2D_Start
<LI><a href="#[152]">&gt;&gt;</a>&nbsp;&nbsp;&nbsp;HAL_DMA2D_PollForTransfer
<LI><a href="#[150]">&gt;&gt;</a>&nbsp;&nbsp;&nbsp;HAL_DMA2D_Init
<LI><a href="#[19e]">&gt;&gt;</a>&nbsp;&nbsp;&nbsp;HAL_DMA2D_ConfigLayer
</UL>
<BR>[Called By]<UL><LI><a href="#[df]">&gt;&gt;</a>&nbsp;&nbsp;&nbsp;BSP_LCD_FillRect
<LI><a href="#[de]">&gt;&gt;</a>&nbsp;&nbsp;&nbsp;BSP_LCD_DrawVLine
<LI><a href="#[dd]">&gt;&gt;</a>&nbsp;&nbsp;&nbsp;BSP_LCD_DrawHLine
</UL>

<P><STRONG><a name="[129]"></a>LTDC_MspInit</STRONG> (Thumb, 50 bytes, Stack size 8 bytes, stm32h747i_discovery_lcd.o(i.LTDC_MspInit))
<BR><BR>[Stack]<UL><LI>Max Depth = 8<LI>Call Chain = LTDC_MspInit
</UL>
<BR>[Called By]<UL><LI><a href="#[126]">&gt;&gt;</a>&nbsp;&nbsp;&nbsp;BSP_LCD_InitEx
</UL>

<P><STRONG><a name="[133]"></a>NT35510_Probe</STRONG> (Thumb, 100 bytes, Stack size 40 bytes, stm32h747i_discovery_lcd.o(i.NT35510_Probe))
<BR><BR>[Stack]<UL><LI>Max Depth = 56<LI>Call Chain = NT35510_Probe &rArr; NT35510_ReadID &rArr; nt35510_read_reg
</UL>
<BR>[Calls]<UL><LI><a href="#[1ad]">&gt;&gt;</a>&nbsp;&nbsp;&nbsp;NT35510_RegisterBusIO
<LI><a href="#[21]">&gt;&gt;</a>&nbsp;&nbsp;&nbsp;NT35510_ReadID
</UL>
<BR>[Called By]<UL><LI><a href="#[126]">&gt;&gt;</a>&nbsp;&nbsp;&nbsp;BSP_LCD_InitEx
</UL>

<P><STRONG><a name="[134]"></a>OTM8009A_Probe</STRONG> (Thumb, 100 bytes, Stack size 40 bytes, stm32h747i_discovery_lcd.o(i.OTM8009A_Probe))
<BR><BR>[Stack]<UL><LI>Max Depth = 56<LI>Call Chain = OTM8009A_Probe &rArr; OTM8009A_ReadID &rArr; otm8009a_read_reg
</UL>
<BR>[Calls]<UL><LI><a href="#[1b1]">&gt;&gt;</a>&nbsp;&nbsp;&nbsp;OTM8009A_RegisterBusIO
<LI><a href="#[e]">&gt;&gt;</a>&nbsp;&nbsp;&nbsp;OTM8009A_ReadID
</UL>
<BR>[Called By]<UL><LI><a href="#[126]">&gt;&gt;</a>&nbsp;&nbsp;&nbsp;BSP_LCD_InitEx
</UL>

<P><STRONG><a name="[1fd]"></a>_stai_network_check</STRONG> (Thumb, 74 bytes, Stack size 0 bytes, network.o(i._stai_network_check))
<BR><BR>[Called By]<UL><LI><a href="#[1e2]">&gt;&gt;</a>&nbsp;&nbsp;&nbsp;stai_network_set_outputs
<LI><a href="#[1e1]">&gt;&gt;</a>&nbsp;&nbsp;&nbsp;stai_network_set_inputs
<LI><a href="#[1e0]">&gt;&gt;</a>&nbsp;&nbsp;&nbsp;stai_network_set_activations
<LI><a href="#[1fc]">&gt;&gt;</a>&nbsp;&nbsp;&nbsp;stai_network_init
</UL>

<P><STRONG><a name="[1e9]"></a>ai_run_sample</STRONG> (Thumb, 178 bytes, Stack size 56 bytes, app_x-cube-ai.o(i.ai_run_sample))
<BR><BR>[Stack]<UL><LI>Max Depth = 452<LI>Call Chain = ai_run_sample &rArr; aiRun &rArr; stai_network_run &rArr; forward_lite_conv2d_if32of32wf32 &rArr; fw_lite_conv2d_kernel_simple_opt_f32
</UL>
<BR>[Calls]<UL><LI><a href="#[1b6]">&gt;&gt;</a>&nbsp;&nbsp;&nbsp;lc_print
<LI><a href="#[122]">&gt;&gt;</a>&nbsp;&nbsp;&nbsp;HAL_GetTick
<LI><a href="#[1da]">&gt;&gt;</a>&nbsp;&nbsp;&nbsp;normalize_hankel
<LI><a href="#[1ea]">&gt;&gt;</a>&nbsp;&nbsp;&nbsp;denormalize_output
<LI><a href="#[1dc]">&gt;&gt;</a>&nbsp;&nbsp;&nbsp;stai_get_return_code_name
<LI><a href="#[1db]">&gt;&gt;</a>&nbsp;&nbsp;&nbsp;aiRun
<LI><a href="#[10a]">&gt;&gt;</a>&nbsp;&nbsp;&nbsp;__aeabi_memcpy4
</UL>
<BR>[Called By]<UL><LI><a href="#[1ba]">&gt;&gt;</a>&nbsp;&nbsp;&nbsp;main_loop
</UL>

<P><STRONG><a name="[1d9]"></a>compute_hankel</STRONG> (Thumb, 174 bytes, Stack size 652 bytes, app_x-cube-ai.o(i.compute_hankel))
<BR><BR>[Stack]<UL><LI>Max Depth = 652<LI>Call Chain = compute_hankel
</UL>
<BR>[Called By]<UL><LI><a href="#[1d7]">&gt;&gt;</a>&nbsp;&nbsp;&nbsp;acquire_and_process_data
</UL>

<P><STRONG><a name="[1e3]"></a>cyclesCounterInit</STRONG> (Thumb, 94 bytes, Stack size 32 bytes, app_x-cube-ai.o(i.cyclesCounterInit))
<BR><BR>[Stack]<UL><LI>Max Depth = 280<LI>Call Chain = cyclesCounterInit &rArr; lc_print &rArr; vlc_print &rArr; _write_double &rArr; __aeabi_uldivmod
</UL>
<BR>[Calls]<UL><LI><a href="#[1b6]">&gt;&gt;</a>&nbsp;&nbsp;&nbsp;lc_print
<LI><a href="#[1e6]">&gt;&gt;</a>&nbsp;&nbsp;&nbsp;dwtCyclesToTime
<LI><a href="#[1eb]">&gt;&gt;</a>&nbsp;&nbsp;&nbsp;port_dwt_init_imp
<LI><a href="#[137]">&gt;&gt;</a>&nbsp;&nbsp;&nbsp;HAL_Delay
</UL>
<BR>[Called By]<UL><LI><a href="#[1db]">&gt;&gt;</a>&nbsp;&nbsp;&nbsp;aiRun
</UL>

<P><STRONG><a name="[1ea]"></a>denormalize_output</STRONG> (Thumb, 46 bytes, Stack size 8 bytes, app_x-cube-ai.o(i.denormalize_output))
<BR><BR>[Stack]<UL><LI>Max Depth = 32<LI>Call Chain = denormalize_output &rArr; __hardfp_expf &rArr; __set_errno
</UL>
<BR>[Calls]<UL><LI><a href="#[1cc]">&gt;&gt;</a>&nbsp;&nbsp;&nbsp;__hardfp_expf
</UL>
<BR>[Called By]<UL><LI><a href="#[1e9]">&gt;&gt;</a>&nbsp;&nbsp;&nbsp;ai_run_sample
<LI><a href="#[1ba]">&gt;&gt;</a>&nbsp;&nbsp;&nbsp;main_loop
</UL>

<P><STRONG><a name="[1ec]"></a>draw_phase_map</STRONG> (Thumb, 152 bytes, Stack size 56 bytes, app_x-cube-ai.o(i.draw_phase_map))
<BR><BR>[Stack]<UL><LI>Max Depth = 96<LI>Call Chain = draw_phase_map &rArr; __hardfp_atan2f &rArr; __set_errno
</UL>
<BR>[Calls]<UL><LI><a href="#[1c6]">&gt;&gt;</a>&nbsp;&nbsp;&nbsp;UTIL_LCD_FillRect
<LI><a href="#[1c8]">&gt;&gt;</a>&nbsp;&nbsp;&nbsp;__hardfp_atan2f
</UL>
<BR>[Called By]<UL><LI><a href="#[1ba]">&gt;&gt;</a>&nbsp;&nbsp;&nbsp;main_loop
</UL>

<P><STRONG><a name="[1da]"></a>normalize_hankel</STRONG> (Thumb, 36 bytes, Stack size 0 bytes, app_x-cube-ai.o(i.normalize_hankel))
<BR><BR>[Called By]<UL><LI><a href="#[1d7]">&gt;&gt;</a>&nbsp;&nbsp;&nbsp;acquire_and_process_data
<LI><a href="#[1e9]">&gt;&gt;</a>&nbsp;&nbsp;&nbsp;ai_run_sample
</UL>

<P><STRONG><a name="[1b0]"></a>OTM8009A_IO_Delay</STRONG> (Thumb, 26 bytes, Stack size 16 bytes, otm8009a.o(i.OTM8009A_IO_Delay))
<BR><BR>[Stack]<UL><LI>Max Depth = 16<LI>Call Chain = OTM8009A_IO_Delay
</UL>
<BR>[Called By]<UL><LI><a href="#[c]">&gt;&gt;</a>&nbsp;&nbsp;&nbsp;OTM8009A_Init
</UL>

<P><STRONG><a name="[d8]"></a>OTM8009A_ReadRegWrap</STRONG> (Thumb, 14 bytes, Stack size 8 bytes, otm8009a.o(i.OTM8009A_ReadRegWrap))
<BR><BR>[Stack]<UL><LI>Max Depth = 8<LI>Call Chain = OTM8009A_ReadRegWrap
</UL>
<BR>[Address Reference Count : 1]<UL><LI> otm8009a.o(i.OTM8009A_RegisterBusIO)
</UL>
<P><STRONG><a name="[d9]"></a>OTM8009A_WriteRegWrap</STRONG> (Thumb, 14 bytes, Stack size 8 bytes, otm8009a.o(i.OTM8009A_WriteRegWrap))
<BR><BR>[Stack]<UL><LI>Max Depth = 8<LI>Call Chain = OTM8009A_WriteRegWrap
</UL>
<BR>[Address Reference Count : 1]<UL><LI> otm8009a.o(i.OTM8009A_RegisterBusIO)
</UL>
<P><STRONG><a name="[1ac]"></a>NT35510_IO_Delay</STRONG> (Thumb, 26 bytes, Stack size 16 bytes, nt35510.o(i.NT35510_IO_Delay))
<BR><BR>[Stack]<UL><LI>Max Depth = 16<LI>Call Chain = NT35510_IO_Delay
</UL>
<BR>[Called By]<UL><LI><a href="#[1f]">&gt;&gt;</a>&nbsp;&nbsp;&nbsp;NT35510_Init
</UL>

<P><STRONG><a name="[d6]"></a>NT35510_ReadRegWrap</STRONG> (Thumb, 14 bytes, Stack size 8 bytes, nt35510.o(i.NT35510_ReadRegWrap))
<BR><BR>[Stack]<UL><LI>Max Depth = 8<LI>Call Chain = NT35510_ReadRegWrap
</UL>
<BR>[Address Reference Count : 1]<UL><LI> nt35510.o(i.NT35510_RegisterBusIO)
</UL>
<P><STRONG><a name="[d7]"></a>NT35510_WriteRegWrap</STRONG> (Thumb, 14 bytes, Stack size 8 bytes, nt35510.o(i.NT35510_WriteRegWrap))
<BR><BR>[Stack]<UL><LI>Max Depth = 8<LI>Call Chain = NT35510_WriteRegWrap
</UL>
<BR>[Address Reference Count : 1]<UL><LI> nt35510.o(i.NT35510_RegisterBusIO)
</UL>
<P><STRONG><a name="[14e]"></a>DrawChar</STRONG> (Thumb, 262 bytes, Stack size 200 bytes, stm32_lcd.o(i.DrawChar))
<BR><BR>[Stack]<UL><LI>Max Depth = 224<LI>Call Chain = DrawChar &rArr; UTIL_LCD_FillRGBRect
</UL>
<BR>[Calls]<UL><LI><a href="#[14f]">&gt;&gt;</a>&nbsp;&nbsp;&nbsp;UTIL_LCD_FillRGBRect
</UL>
<BR>[Called By]<UL><LI><a href="#[1c7]">&gt;&gt;</a>&nbsp;&nbsp;&nbsp;UTIL_LCD_DisplayChar
</UL>

<P><STRONG><a name="[1d0]"></a>_transpose_items</STRONG> (Thumb, 360 bytes, Stack size 112 bytes, layers_generic_float.o(i._transpose_items))
<BR><BR>[Stack]<UL><LI>Max Depth = 132<LI>Call Chain = _transpose_items &rArr; st_int8_copy
</UL>
<BR>[Calls]<UL><LI><a href="#[1d1]">&gt;&gt;</a>&nbsp;&nbsp;&nbsp;st_int8_copy
</UL>
<BR>[Called By]<UL><LI><a href="#[9]">&gt;&gt;</a>&nbsp;&nbsp;&nbsp;forward_transpose
</UL>

<P><STRONG><a name="[1f3]"></a>fw_lite_conv2d_kernel_simple_opt_f32</STRONG> (Thumb, 366 bytes, Stack size 68 bytes, forward_lite_conv2d_if32of32wf32.o(i.fw_lite_conv2d_kernel_simple_opt_f32))
<BR><BR>[Stack]<UL><LI>Max Depth = 68<LI>Call Chain = fw_lite_conv2d_kernel_simple_opt_f32
</UL>
<BR>[Called By]<UL><LI><a href="#[1f2]">&gt;&gt;</a>&nbsp;&nbsp;&nbsp;forward_lite_conv2d_if32of32wf32
</UL>

<P><STRONG><a name="[1f5]"></a>__ai_math_dot_array</STRONG> (Thumb, 304 bytes, Stack size 0 bytes, lite_dense_if32.o(i.__ai_math_dot_array))
<BR><BR>[Called By]<UL><LI><a href="#[1f4]">&gt;&gt;</a>&nbsp;&nbsp;&nbsp;forward_lite_dense_if32of32wf32
</UL>

<P><STRONG><a name="[1e8]"></a>_get_lut_size</STRONG> (Thumb, 34 bytes, Stack size 0 bytes, ai_datatypes_format.o(i._get_lut_size))
<BR><BR>[Called By]<UL><LI><a href="#[1e7]">&gt;&gt;</a>&nbsp;&nbsp;&nbsp;ai_array_get_byte_size
</UL>

<P><STRONG><a name="[10e]"></a>_fp_digits</STRONG> (Thumb, 432 bytes, Stack size 96 bytes, _printf_fp_dec.o(.text))
<BR><BR>[Stack]<UL><LI>Max Depth = 220<LI>Call Chain = _fp_digits &rArr; _btod_etento &rArr; _btod_emul &rArr; _e2e
</UL>
<BR>[Calls]<UL><LI><a href="#[112]">&gt;&gt;</a>&nbsp;&nbsp;&nbsp;_btod_emul
<LI><a href="#[111]">&gt;&gt;</a>&nbsp;&nbsp;&nbsp;_btod_ediv
<LI><a href="#[110]">&gt;&gt;</a>&nbsp;&nbsp;&nbsp;_btod_d2e
<LI><a href="#[10f]">&gt;&gt;</a>&nbsp;&nbsp;&nbsp;_btod_etento
<LI><a href="#[113]">&gt;&gt;</a>&nbsp;&nbsp;&nbsp;_ll_udiv10
</UL>
<BR>[Called By]<UL><LI><a href="#[114]">&gt;&gt;</a>&nbsp;&nbsp;&nbsp;_printf_fp_dec_real
</UL>

<P><STRONG><a name="[d1]"></a>_printf_input_char</STRONG> (Thumb, 10 bytes, Stack size 0 bytes, _printf_char_common.o(.text))
<BR>[Address Reference Count : 1]<UL><LI> _printf_char_common.o(.text)
</UL><P>
<H3>
Undefined Global Symbols
</H3><HR></body></html>
