Component: ARM Compiler 5.06 update 7 (build 960) Tool: armlink [4d3601]

==============================================================================

Section Cross References

    startup_stm32h747xx_cm7.o(STACK) refers (Special) to heapauxi.o(.text) for __use_two_region_memory
    startup_stm32h747xx_cm7.o(HEAP) refers (Special) to heapauxi.o(.text) for __use_two_region_memory
    startup_stm32h747xx_cm7.o(RESET) refers (Special) to heapauxi.o(.text) for __use_two_region_memory
    startup_stm32h747xx_cm7.o(RESET) refers to startup_stm32h747xx_cm7.o(STACK) for __initial_sp
    startup_stm32h747xx_cm7.o(RESET) refers to startup_stm32h747xx_cm7.o(.text) for Reset_Handler
    startup_stm32h747xx_cm7.o(RESET) refers to stm32h7xx_it_1.o(i.NMI_Handler) for NMI_Handler
    startup_stm32h747xx_cm7.o(RESET) refers to stm32h7xx_it_1.o(i.HardFault_Handler) for HardFault_Handler
    startup_stm32h747xx_cm7.o(RESET) refers to stm32h7xx_it_1.o(i.MemManage_Handler) for MemManage_Handler
    startup_stm32h747xx_cm7.o(RESET) refers to stm32h7xx_it_1.o(i.BusFault_Handler) for BusFault_Handler
    startup_stm32h747xx_cm7.o(RESET) refers to stm32h7xx_it_1.o(i.UsageFault_Handler) for UsageFault_Handler
    startup_stm32h747xx_cm7.o(RESET) refers to stm32h7xx_it_1.o(i.SVC_Handler) for SVC_Handler
    startup_stm32h747xx_cm7.o(RESET) refers to stm32h7xx_it_1.o(i.DebugMon_Handler) for DebugMon_Handler
    startup_stm32h747xx_cm7.o(RESET) refers to stm32h7xx_it_1.o(i.PendSV_Handler) for PendSV_Handler
    startup_stm32h747xx_cm7.o(RESET) refers to stm32h7xx_it_1.o(i.SysTick_Handler) for SysTick_Handler
    startup_stm32h747xx_cm7.o(RESET) refers to stm32h7xx_it_1.o(i.USART1_IRQHandler) for USART1_IRQHandler
    startup_stm32h747xx_cm7.o(RESET) refers to stm32h7xx_it_1.o(i.TIM6_DAC_IRQHandler) for TIM6_DAC_IRQHandler
    startup_stm32h747xx_cm7.o(RESET) refers to stm32h7xx_it_1.o(i.UART8_IRQHandler) for UART8_IRQHandler
    startup_stm32h747xx_cm7.o(.text) refers (Special) to heapauxi.o(.text) for __use_two_region_memory
    startup_stm32h747xx_cm7.o(.text) refers to system_stm32h7xx_dualcore_boot_cm4_cm7.o(i.ExitRun0Mode) for ExitRun0Mode
    startup_stm32h747xx_cm7.o(.text) refers to system_stm32h7xx_dualcore_boot_cm4_cm7.o(i.SystemInit) for SystemInit
    startup_stm32h747xx_cm7.o(.text) refers to __main.o(!!!main) for __main
    startup_stm32h747xx_cm7.o(.text) refers to startup_stm32h747xx_cm7.o(HEAP) for Heap_Mem
    startup_stm32h747xx_cm7.o(.text) refers to startup_stm32h747xx_cm7.o(STACK) for Stack_Mem
    main_1.o(i.MPU_Config) refers to stm32h7xx_hal_cortex.o(i.HAL_MPU_Disable) for HAL_MPU_Disable
    main_1.o(i.MPU_Config) refers to stm32h7xx_hal_cortex.o(i.HAL_MPU_ConfigRegion) for HAL_MPU_ConfigRegion
    main_1.o(i.MPU_Config) refers to stm32h7xx_hal_cortex.o(i.HAL_MPU_Enable) for HAL_MPU_Enable
    main_1.o(i.MX_GPIO_Init) refers to rt_memclr_w.o(.text) for __aeabi_memclr4
    main_1.o(i.MX_GPIO_Init) refers to stm32h7xx_hal_gpio.o(i.HAL_GPIO_WritePin) for HAL_GPIO_WritePin
    main_1.o(i.MX_GPIO_Init) refers to stm32h7xx_hal_gpio.o(i.HAL_GPIO_Init) for HAL_GPIO_Init
    main_1.o(i.MX_USART1_UART_Init) refers to stm32h7xx_hal_uart.o(i.HAL_UART_Init) for HAL_UART_Init
    main_1.o(i.MX_USART1_UART_Init) refers to stm32h7xx_hal_uart_ex.o(i.HAL_UARTEx_SetTxFifoThreshold) for HAL_UARTEx_SetTxFifoThreshold
    main_1.o(i.MX_USART1_UART_Init) refers to stm32h7xx_hal_uart_ex.o(i.HAL_UARTEx_SetRxFifoThreshold) for HAL_UARTEx_SetRxFifoThreshold
    main_1.o(i.MX_USART1_UART_Init) refers to stm32h7xx_hal_uart_ex.o(i.HAL_UARTEx_DisableFifoMode) for HAL_UARTEx_DisableFifoMode
    main_1.o(i.MX_USART1_UART_Init) refers to main_1.o(.bss) for .bss
    main_1.o(i.SystemClock_Config) refers to rt_memclr_w.o(.text) for __aeabi_memclr4
    main_1.o(i.SystemClock_Config) refers to stm32h7xx_hal_pwr_ex.o(i.HAL_PWREx_ConfigSupply) for HAL_PWREx_ConfigSupply
    main_1.o(i.SystemClock_Config) refers to stm32h7xx_hal_rcc.o(i.HAL_RCC_OscConfig) for HAL_RCC_OscConfig
    main_1.o(i.SystemClock_Config) refers to stm32h7xx_hal_rcc.o(i.HAL_RCC_ClockConfig) for HAL_RCC_ClockConfig
    main_1.o(i.SystemClock_Config) refers to stm32h7xx_hal.o(i.HAL_EnableCompensationCell) for HAL_EnableCompensationCell
    main_1.o(i.SystemClock_Config) refers to stm32h7xx_hal_rcc.o(i.HAL_RCC_MCOConfig) for HAL_RCC_MCOConfig
    main_1.o(i.main) refers to main_1.o(i.MPU_Config) for MPU_Config
    main_1.o(i.main) refers to stm32h7xx_hal.o(i.HAL_Init) for HAL_Init
    main_1.o(i.main) refers to main_1.o(i.SystemClock_Config) for SystemClock_Config
    main_1.o(i.main) refers to stm32h7xx_hal_hsem.o(i.HAL_HSEM_FastTake) for HAL_HSEM_FastTake
    main_1.o(i.main) refers to stm32h7xx_hal_hsem.o(i.HAL_HSEM_Release) for HAL_HSEM_Release
    main_1.o(i.main) refers to main_1.o(i.MX_GPIO_Init) for MX_GPIO_Init
    main_1.o(i.main) refers to app_x-cube-ai.o(i.STM32CubeAI_Studio_AI_Init) for STM32CubeAI_Studio_AI_Init
[...]
    HAL_RCC_OscConfig                        0x08004e99   Thumb Code  1410  stm32h7xx_hal_rcc.o(i.HAL_RCC_OscConfig)
    HAL_SDRAM_Init                           0x0800541d   Thumb Code    76  stm32h7xx_hal_sdram.o(i.HAL_SDRAM_Init)
    HAL_SDRAM_MspInit                        0x0800546d   Thumb Code     2  stm32h7xx_hal_sdram.o(i.HAL_SDRAM_MspInit)
    HAL_SDRAM_ProgramRefreshRate             0x0800546f   Thumb Code    46  stm32h7xx_hal_sdram.o(i.HAL_SDRAM_ProgramRefreshRate)
    HAL_SDRAM_SendCommand                    0x0800549d   Thumb Code    60  stm32h7xx_hal_sdram.o(i.HAL_SDRAM_SendCommand)
    HAL_SYSTICK_Config                       0x080054d9   Thumb Code    38  stm32h7xx_hal_cortex.o(i.HAL_SYSTICK_Config)
    HAL_UARTEx_DisableFifoMode               0x080054ff   Thumb Code    64  stm32h7xx_hal_uart_ex.o(i.HAL_UARTEx_DisableFifoMode)
    HAL_UARTEx_RxEventCallback               0x0800553f   Thumb Code     2  stm32h7xx_hal_uart.o(i.HAL_UARTEx_RxEventCallback)
    HAL_UARTEx_RxFifoFullCallback            0x08005541   Thumb Code     2  stm32h7xx_hal_uart_ex.o(i.HAL_UARTEx_RxFifoFullCallback)
    HAL_UARTEx_SetRxFifoThreshold            0x08005543   Thumb Code    76  stm32h7xx_hal_uart_ex.o(i.HAL_UARTEx_SetRxFifoThreshold)
    HAL_UARTEx_SetTxFifoThreshold            0x0800558f   Thumb Code    76  stm32h7xx_hal_uart_ex.o(i.HAL_UARTEx_SetTxFifoThreshold)
    HAL_UARTEx_TxFifoEmptyCallback           0x080055db   Thumb Code     2  stm32h7xx_hal_uart_ex.o(i.HAL_UARTEx_TxFifoEmptyCallback)
    HAL_UARTEx_WakeupCallback                0x080055dd   Thumb Code     2  stm32h7xx_hal_uart_ex.o(i.HAL_UARTEx_WakeupCallback)
    HAL_UART_ErrorCallback                   0x080055df   Thumb Code     2  stm32h7xx_hal_uart.o(i.HAL_UART_ErrorCallback)
    HAL_UART_IRQHandler                      0x080055e1   Thumb Code   898  stm32h7xx_hal_uart.o(i.HAL_UART_IRQHandler)
    HAL_UART_Init                            0x0800597d   Thumb Code   106  stm32h7xx_hal_uart.o(i.HAL_UART_Init)
    HAL_UART_MspInit                         0x080059e9   Thumb Code   254  stm32h7xx_hal_msp_1.o(i.HAL_UART_MspInit)
    HAL_UART_Transmit                        0x08005afd   Thumb Code   184  stm32h7xx_hal_uart.o(i.HAL_UART_Transmit)
    HAL_UART_TxCpltCallback                  0x08005bb5   Thumb Code     2  stm32h7xx_hal_uart.o(i.HAL_UART_TxCpltCallback)
    HardFault_Handler                        0x08005bb7   Thumb Code     2  stm32h7xx_it_1.o(i.HardFault_Handler)
    IS42S32800J_ClockEnable                  0x08005bb9   Thumb Code    34  is42s32800j.o(i.IS42S32800J_ClockEnable)
    IS42S32800J_Init                         0x08005be1   Thumb Code    88  is42s32800j.o(i.IS42S32800J_Init)
    IS42S32800J_ModeRegConfig                0x08005c39   Thumb Code    64  is42s32800j.o(i.IS42S32800J_ModeRegConfig)
    IS42S32800J_Precharge                    0x08005c7d   Thumb Code    36  is42s32800j.o(i.IS42S32800J_Precharge)
    IS42S32800J_RefreshMode                  0x08005ca5   Thumb Code    32  is42s32800j.o(i.IS42S32800J_RefreshMode)
    IS42S32800J_RefreshRate                  0x08005cc9   Thumb Code    16  is42s32800j.o(i.IS42S32800J_RefreshRate)
    MT25TL01G_AutoPollingMemReady            0x08006213   Thumb Code    78  mt25tl01g.o(i.MT25TL01G_AutoPollingMemReady)
    MT25TL01G_EnableMemoryMappedModeDTR      0x08006261   Thumb Code   124  mt25tl01g.o(i.MT25TL01G_EnableMemoryMappedModeDTR)
    MT25TL01G_EnableMemoryMappedModeSTR      0x080062dd   Thumb Code   120  mt25tl01g.o(i.MT25TL01G_EnableMemoryMappedModeSTR)
    MT25TL01G_Enter4BytesAddressMode         0x08006355   Thumb Code    92  mt25tl01g.o(i.MT25TL01G_Enter4BytesAddressMode)
    MT25TL01G_EnterQPIMode                   0x080063b1   Thumb Code    52  mt25tl01g.o(i.MT25TL01G_EnterQPIMode)
    MT25TL01G_ExitQPIMode                    0x080063e5   Thumb Code    52  mt25tl01g.o(i.MT25TL01G_ExitQPIMode)
    MT25TL01G_GetFlashInfo                   0x08006419   Thumb Code    30  mt25tl01g.o(i.MT25TL01G_GetFlashInfo)
    MT25TL01G_ResetEnable                    0x08006437   Thumb Code    62  mt25tl01g.o(i.MT25TL01G_ResetEnable)
    MT25TL01G_ResetMemory                    0x08006475   Thumb Code    62  mt25tl01g.o(i.MT25TL01G_ResetMemory)
    MT25TL01G_WriteEnable                    0x080064b3   Thumb Code   132  mt25tl01g.o(i.MT25TL01G_WriteEnable)
    MX_DSIHOST_DSI_Init                      0x08006539   Thumb Code   242  stm32h747i_discovery_lcd.o(i.MX_DSIHOST_DSI_Init)
    MX_LTDC_ClockConfig                      0x080067a5   Thumb Code    50  stm32h747i_discovery_lcd.o(i.MX_LTDC_ClockConfig)
    MX_LTDC_ConfigLayer                      0x080067d7   Thumb Code    88  stm32h747i_discovery_lcd.o(i.MX_LTDC_ConfigLayer)
    MX_LTDC_Init                             0x08006831   Thumb Code   118  stm32h747i_discovery_lcd.o(i.MX_LTDC_Init)
    MX_QSPI_Init                             0x080068b1   Thumb Code    44  stm32h747i_discovery_qspi.o(i.MX_QSPI_Init)
    MX_SDRAM_Init                            0x080068e1   Thumb Code    86  stm32h747i_discovery_sdram.o(i.MX_SDRAM_Init)
    MX_UART8_Init                            0x08006941   Thumb Code    54  app_x-cube-ai.o(i.MX_UART8_Init)
    MX_USART1_UART_Init                      0x08006981   Thumb Code    90  main_1.o(i.MX_USART1_UART_Init)
    MemManage_Handler                        0x080069e5   Thumb Code     2  stm32h7xx_it_1.o(i.MemManage_Handler)
    NMI_Handler                              0x080069e7   Thumb Code     2  stm32h7xx_it_1.o(i.NMI_Handler)
    NT35510_DeInit                           0x080069e9   Thumb Code     6  nt35510.o(i.NT35510_DeInit)
    NT35510_DisplayOff                       0x080069ef   Thumb Code    30  nt35510.o(i.NT35510_DisplayOff)
    NT35510_DisplayOn                        0x08006a0d   Thumb Code    30  nt35510.o(i.NT35510_DisplayOn)
    NT35510_DrawBitmap                       0x08006a2b   Thumb Code     6  nt35510.o(i.NT35510_DrawBitmap)
    NT35510_DrawHLine                        0x08006a31   Thumb Code     6  nt35510.o(i.NT35510_DrawHLine)
    NT35510_DrawVLine                        0x08006a37   Thumb Code     6  nt35510.o(i.NT35510_DrawVLine)
    NT35510_FillRGBRect                      0x08006a3d   Thumb Code     6  nt35510.o(i.NT35510_FillRGBRect)
    NT35510_FillRect                         0x08006a43   Thumb Code     6  nt35510.o(i.NT35510_FillRect)
    NT35510_GetBrightness                    0x08006a49   Thumb Code    10  nt35510.o(i.NT35510_GetBrightness)
    NT35510_GetOrientation                   0x08006a59   Thumb Code    10  nt35510.o(i.NT35510_GetOrientation)
    NT35510_GetPixel                         0x08006a69   Thumb Code     6  nt35510.o(i.NT35510_GetPixel)
    NT35510_GetXSize                         0x08006a71   Thumb Code    22  nt35510.o(i.NT35510_GetXSize)
    NT35510_GetYSize                         0x08006a8d   Thumb Code    22  nt35510.o(i.NT35510_GetYSize)
    NT35510_Init                             0x08006ac5   Thumb Code   680  nt35510.o(i.NT35510_Init)
    NT35510_ReadID                           0x08006df1   Thumb Code    24  nt35510.o(i.NT35510_ReadID)
    NT35510_RegisterBusIO                    0x08006e19   Thumb Code    38  nt35510.o(i.NT35510_RegisterBusIO)
    NT35510_SetBrightness                    0x08006e49   Thumb Code    46  nt35510.o(i.NT35510_SetBrightness)
    NT35510_SetCursor                        0x08006e7d   Thumb Code     6  nt35510.o(i.NT35510_SetCursor)
    NT35510_SetOrientation                   0x08006e85   Thumb Code   140  nt35510.o(i.NT35510_SetOrientation)
    NT35510_SetPixel                         0x08006f19   Thumb Code     6  nt35510.o(i.NT35510_SetPixel)
    OTM8009A_DeInit                          0x08006f2d   Thumb Code     6  otm8009a.o(i.OTM8009A_DeInit)
    OTM8009A_DisplayOff                      0x08006f33   Thumb Code    30  otm8009a.o(i.OTM8009A_DisplayOff)
    OTM8009A_DisplayOn                       0x08006f51   Thumb Code    30  otm8009a.o(i.OTM8009A_DisplayOn)
    OTM8009A_DrawBitmap                      0x08006f6f   Thumb Code     6  otm8009a.o(i.OTM8009A_DrawBitmap)
    OTM8009A_DrawHLine                       0x08006f75   Thumb Code     6  otm8009a.o(i.OTM8009A_DrawHLine)
    OTM8009A_DrawVLine                       0x08006f7b   Thumb Code     6  otm8009a.o(i.OTM8009A_DrawVLine)
    OTM8009A_FillRGBRect                     0x08006f81   Thumb Code     6  otm8009a.o(i.OTM8009A_FillRGBRect)
    OTM8009A_FillRect                        0x08006f87   Thumb Code     6  otm8009a.o(i.OTM8009A_FillRect)
    OTM8009A_GetBrightness                   0x08006f8d   Thumb Code    10  otm8009a.o(i.OTM8009A_GetBrightness)
    OTM8009A_GetOrientation                  0x08006f9d   Thumb Code    10  otm8009a.o(i.OTM8009A_GetOrientation)
    OTM8009A_GetPixel                        0x08006fad   Thumb Code     6  otm8009a.o(i.OTM8009A_GetPixel)
    OTM8009A_GetXSize                        0x08006fb5   Thumb Code    22  otm8009a.o(i.OTM8009A_GetXSize)
    OTM8009A_GetYSize                        0x08006fd1   Thumb Code    22  otm8009a.o(i.OTM8009A_GetYSize)
    OTM8009A_Init                            0x08007009   Thumb Code  1684  otm8009a.o(i.OTM8009A_Init)
    OTM8009A_ReadID                          0x08007725   Thumb Code    24  otm8009a.o(i.OTM8009A_ReadID)
    OTM8009A_RegisterBusIO                   0x0800774d   Thumb Code    38  otm8009a.o(i.OTM8009A_RegisterBusIO)
    OTM8009A_SetBrightness                   0x0800777d   Thumb Code    46  otm8009a.o(i.OTM8009A_SetBrightness)
    OTM8009A_SetCursor                       0x080077b1   Thumb Code     6  otm8009a.o(i.OTM8009A_SetCursor)
    OTM8009A_SetOrientation                  0x080077b9   Thumb Code   138  otm8009a.o(i.OTM8009A_SetOrientation)
    OTM8009A_SetPixel                        0x0800784d   Thumb Code     6  otm8009a.o(i.OTM8009A_SetPixel)
    PendSV_Handler                           0x08007861   Thumb Code     2  stm32h7xx_it_1.o(i.PendSV_Handler)
    STM32CubeAI_Studio_AI_Init               0x080080a9   Thumb Code   174  app_x-cube-ai.o(i.STM32CubeAI_Studio_AI_Init)
    STM32CubeAI_Studio_AI_Process            0x08008191   Thumb Code     4  app_x-cube-ai.o(i.STM32CubeAI_Studio_AI_Process)
    SVC_Handler                              0x08008195   Thumb Code     2  stm32h7xx_it_1.o(i.SVC_Handler)
    SysTick_Handler                          0x08008197   Thumb Code     4  stm32h7xx_it_1.o(i.SysTick_Handler)
    SystemClock_Config                       0x0800819d   Thumb Code   212  main_1.o(i.SystemClock_Config)
    SystemInit                               0x0800827d   Thumb Code   234  system_stm32h7xx_dualcore_boot_cm4_cm7.o(i.SystemInit)
    TIM6_DAC_IRQHandler                      0x08008391   Thumb Code   284  stm32h7xx_it_1.o(i.TIM6_DAC_IRQHandler)
    UART8_IRQHandler                         0x0800851d   Thumb Code    52  stm32h7xx_it_1.o(i.UART8_IRQHandler)
    UART_AdvFeatureConfig                    0x080085a1   Thumb Code   200  stm32h7xx_hal_uart.o(i.UART_AdvFeatureConfig)
    UART_CheckIdleState                      0x08008669   Thumb Code   170  stm32h7xx_hal_uart.o(i.UART_CheckIdleState)
    UART_SetConfig                           0x08008771   Thumb Code   876  stm32h7xx_hal_uart.o(i.UART_SetConfig)
    UART_WaitOnFlagUntilTimeout              0x08008b1d   Thumb Code   148  stm32h7xx_hal_uart.o(i.UART_WaitOnFlagUntilTimeout)
    USART1_IRQHandler                        0x08008bb1   Thumb Code     6  stm32h7xx_it_1.o(i.USART1_IRQHandler)
    UTIL_LCD_Clear                           0x08008bbd   Thumb Code    20  stm32_lcd.o(i.UTIL_LCD_Clear)
    UTIL_LCD_DisplayChar                     0x08008bd5   Thumb Code    38  stm32_lcd.o(i.UTIL_LCD_DisplayChar)
    UTIL_LCD_DisplayStringAt                 0x08008c01   Thumb Code   140  stm32_lcd.o(i.UTIL_LCD_DisplayStringAt)
    UTIL_LCD_FillRGBRect                     0x08008c91   Thumb Code    30  stm32_lcd.o(i.UTIL_LCD_FillRGBRect)
    UTIL_LCD_FillRect                        0x08008cb5   Thumb Code    72  stm32_lcd.o(i.UTIL_LCD_FillRect)
    UTIL_LCD_GetFont                         0x08008d01   Thumb Code    12  stm32_lcd.o(i.UTIL_LCD_GetFont)
    UTIL_LCD_SetBackColor                    0x08008d11   Thumb Code    12  stm32_lcd.o(i.UTIL_LCD_SetBackColor)
    UTIL_LCD_SetFont                         0x08008d21   Thumb Code    12  stm32_lcd.o(i.UTIL_LCD_SetFont)
    UTIL_LCD_SetFuncDriver                   0x08008d31   Thumb Code    88  stm32_lcd.o(i.UTIL_LCD_SetFuncDriver)
    UTIL_LCD_SetLayer                        0x08008d8d   Thumb Code    30  stm32_lcd.o(i.UTIL_LCD_SetLayer)
    UTIL_LCD_SetTextColor                    0x08008db1   Thumb Code    12  stm32_lcd.o(i.UTIL_LCD_SetTextColor)
    UsageFault_Handler                       0x08008dc1   Thumb Code     2  stm32h7xx_it_1.o(i.UsageFault_Handler)
    __ARM_fpclassify                         0x08008dc3   Thumb Code    48  fpclassify.o(i.__ARM_fpclassify)
    __ARM_fpclassifyf                        0x08008df3   Thumb Code    38  fpclassifyf.o(i.__ARM_fpclassifyf)
    __hardfp_atan2f                          0x08008f71   Thumb Code   594  atan2f.o(i.__hardfp_atan2f)
    __hardfp_expf                            0x08009225   Thumb Code   426  expf.o(i.__hardfp_expf)
    __mathlib_expf                           0x08009225   Thumb Code     0  expf.o(i.__hardfp_expf)
    __mathlib_flt_infnan                     0x08009419   Thumb Code     6  funder.o(i.__mathlib_flt_infnan)
    __mathlib_flt_infnan2                    0x0800941f   Thumb Code     6  funder.o(i.__mathlib_flt_infnan2)
    __mathlib_flt_overflow                   0x08009425   Thumb Code    10  funder.o(i.__mathlib_flt_overflow)
    __mathlib_flt_underflow                  0x08009435   Thumb Code    10  funder.o(i.__mathlib_flt_underflow)
    _is_digit                                0x08009467   Thumb Code    14  __printf_wp.o(i._is_digit)
    acquire_and_process_data                 0x080098e1   Thumb Code   202  app_x-cube-ai.o(i.acquire_and_process_data)
    aiInit                                   0x08009a09   Thumb Code   186  app_x-cube-ai.o(i.aiInit)
    aiRun                                    0x08009bc1   Thumb Code   232  app_x-cube-ai.o(i.aiRun)
    ai_array_get_byte_size                   0x08009db9   Thumb Code    40  ai_datatypes_format.o(i.ai_array_get_byte_size)
    dwtCyclesToTime                          0x0800a125   Thumb Code   138  aitestutility.o(i.dwtCyclesToTime)
    forward_ap                               0x0800a1b5   Thumb Code   374  layers_pool_generic_float.o(i.forward_ap)
    forward_concat                           0x0800a32d   Thumb Code  1162  layers_generic_float.o(i.forward_concat)
    forward_lite_ap_node_15                  0x0800a7c1   Thumb Code   114  network.o(i.forward_lite_ap_node_15)
    forward_lite_ap_node_19                  0x0800a845   Thumb Code   116  network.o(i.forward_lite_ap_node_19)
    forward_lite_ap_node_8                   0x0800a8c9   Thumb Code   108  network.o(i.forward_lite_ap_node_8)
    forward_lite_concat_node_3_Default_features_SequentialCell_0_MultiScaleConv_Concat_op0 0x0800a941   Thumb Code   138  network.o(i.forward_lite_concat_node_3_Default_features_SequentialCell_0_MultiScaleConv_Concat_op0)
    forward_lite_conv2d_if32of32wf32         0x0800a9e1   Thumb Code   338  forward_lite_conv2d_if32of32wf32.o(i.forward_lite_conv2d_if32of32wf32)
    forward_lite_dense_if32of32wf32          0x0800ab39   Thumb Code   152  lite_dense_if32.o(i.forward_lite_dense_if32of32wf32)
    forward_lite_nl_relu_if32of32            0x0800abd5   Thumb Code    36  lite_nl_generic_float.o(i.forward_lite_nl_relu_if32of32)
    forward_lite_transpose_x_Transpose       0x0800abfd   Thumb Code   114  network.o(i.forward_lite_transpose_x_Transpose)
    forward_transpose                        0x0800ac81   Thumb Code    76  layers_generic_float.o(i.forward_transpose)
    lc_print                                 0x0800ae3d   Thumb Code    22  aitestutility.o(i.lc_print)
    main                                     0x0800ae59   Thumb Code   238  main_1.o(i.main)
    main_loop                                0x0800af55   Thumb Code   864  app_x-cube-ai.o(i.main_loop)
    nt35510_read_reg                         0x0800b44d   Thumb Code    14  nt35510_reg.o(i.nt35510_read_reg)
    nt35510_write_reg                        0x0800b45b   Thumb Code    14  nt35510_reg.o(i.nt35510_write_reg)
    otm8009a_read_reg                        0x0800b469   Thumb Code    14  otm8009a_reg.o(i.otm8009a_read_reg)
    otm8009a_write_reg                       0x0800b477   Thumb Code    14  otm8009a_reg.o(i.otm8009a_write_reg)
    pool_func_ap_kernel_array_f32            0x0800b485   Thumb Code   124  layers_pool_generic_float.o(i.pool_func_ap_kernel_array_f32)
    port_dwt_init_imp                        0x0800b501   Thumb Code    26  ai_device_adaptor.o(i.port_dwt_init_imp)
    st_int8_copy                             0x0800b545   Thumb Code   132  st_int8_fill.o(i.st_int8_copy)
    stai_get_return_code_name                0x0800b5c9   Thumb Code   246  stai_debug.o(i.stai_get_return_code_name)
    stai_network_get_error                   0x0800ba15   Thumb Code    40  network.o(i.stai_network_get_error)
    stai_network_init                        0x0800ba41   Thumb Code    58  network.o(i.stai_network_init)
    stai_network_run                         0x0800ba85   Thumb Code  2034  network.o(i.stai_network_run)
    stai_network_set_activations             0x0800c2a5   Thumb Code   174  network.o(i.stai_network_set_activations)
    stai_network_set_inputs                  0x0800c36d   Thumb Code   142  network.o(i.stai_network_set_inputs)
    stai_network_set_outputs                 0x0800c40d   Thumb Code   156  network.o(i.stai_network_set_outputs)
    stai_runtime_init                        0x0800c4b9   Thumb Code     4  stai_internal.o(i.stai_runtime_init)
    uart_parse_frames                        0x0800c4bd   Thumb Code   264  app_x-cube-ai.o(i.uart_parse_frames)
    user_stai_network_init                   0x0800c5d5   Thumb Code     4  user_init.o(i.user_stai_network_init)
    vlc_print                                0x0800c5d9   Thumb Code   410  lc_print.o(i.vlc_print)
    _get_lc_numeric                          0x0800c77d   Thumb Code    44  lc_numeric_c.o(locale$$code)
    __fpl_dnaninf                            0x0800c7a9   Thumb Code   156  dnaninf.o(x$fpl$dnaninf)
    _fp_init                                 0x0800c845   Thumb Code    10  fpinit.o(x$fpl$fpinit)
    __fplib_config_fpu_vfp                   0x0800c84d   Thumb Code     0  fpinit.o(x$fpl$fpinit)
    __fplib_config_pureend_doubles           0x0800c84d   Thumb Code     0  fpinit.o(x$fpl$fpinit)
    __aeabi_d2ulz                            0x0800c851   Thumb Code     0  dfixull.o(x$fpl$llufromd)
    _ll_ufrom_d                              0x0800c851   Thumb Code   120  dfixull.o(x$fpl$llufromd)
    _printf_fp_dec                           0x0800c8c9   Thumb Code     4  printf1.o(x$fpl$printf1)
    UARTPrescTable                           0x0800c8cc   Data          24  stm32h7xx_hal_uart.o(.constdata)
    __I$use$fp                               0x0800c8cc   Number         0  usenofp.o(x$fpl$usenofp)
    D1CorePrescTable                         0x0800c8f4   Data          16  system_stm32h7xx_dualcore_boot_cm4_cm7.o(.constdata)
    LCD_Driver                               0x0800c90c   Data          44  stm32h747i_discovery_lcd.o(.constdata)
    Font20_Table                             0x0801641b   Data        3800  stm32_lcd.o(.constdata)
    Font16_Table                             0x080172f3   Data        3040  stm32_lcd.o(.constdata)
    Region$$Table$$Base                      0x08018278   Number         0  anon$$obj.o(Region$$Table)
    Region$$Table$$Limit                     0x080182a8   Number         0  anon$$obj.o(Region$$Table)
    uwTickFreq                               0x2404fd58   Data           1  stm32h7xx_hal.o(.data)
    uwTickPrio                               0x2404fd5c   Data           4  stm32h7xx_hal.o(.data)
    uwTick                                   0x2404fd60   Data           4  stm32h7xx_hal.o(.data)
    SystemCoreClock                          0x2404fd64   Data           4  system_stm32h7xx_dualcore_boot_cm4_cm7.o(.data)
    SystemD2Clock                            0x2404fd68   Data           4  system_stm32h7xx_dualcore_boot_cm4_cm7.o(.data)
    Lcd_Driver_Type                          0x2404fd70   Data           1  stm32h747i_discovery_lcd.o(.data)
    Lcd_CompObj                              0x2404fd78   Data           4  stm32h747i_discovery_lcd.o(.data)
    rx_wp                                    0x24050400   Data           2  app_x-cube-ai.o(.data)
    rx_parse_pos                             0x24050402   Data           2  app_x-cube-ai.o(.data)
    data_ins                                 0x24050404   Data           4  app_x-cube-ai.o(.data)
    data_outs                                0x24050408   Data           4  app_x-cube-ai.o(.data)
    stat_bytes                               0x2405040c   Data           4  app_x-cube-ai.o(.data)
    stat_frames_l1                           0x24050410   Data           4  app_x-cube-ai.o(.data)
    stat_frames_l2                           0x24050414   Data           4  app_x-cube-ai.o(.data)
    stat_pairs                               0x24050418   Data           4  app_x-cube-ai.o(.data)
    stat_crc_err                             0x2405041c   Data           4  app_x-cube-ai.o(.data)
    stat_dropped                             0x24050420   Data           4  app_x-cube-ai.o(.data)
    new_pair_ready                           0x24050424   Data           4  app_x-cube-ai.o(.data)
    data_activations                         0x24050454   Data          12  app_x-cube-ai.o(.data)
    OTM8009A_LCD_Driver                      0x24050460   Data          76  otm8009a.o(.data)
    NT35510_LCD_Driver                       0x240504ac   Data          76  nt35510.o(.data)
    Font20                                   0x240504f8   Data           8  stm32_lcd.o(.data)
    Font16                                   0x24050500   Data           8  stm32_lcd.o(.data)
    huart1                                   0x24050508   Data         148  main_1.o(.bss)
    cyclesCount                              0x2405059c   Data          12  aitestutility.o(.bss)
    hqspi                                    0x240505a8   Data          76  stm32h747i_discovery_qspi.o(.bss)
    QSPI_Ctx                                 0x240505f4   Data          12  stm32h747i_discovery_qspi.o(.bss)
    hsdram                                   0x240506f8   Data          52  stm32h747i_discovery_sdram.o(.bss)
    hlcd_dsi                                 0x24050794   Data          28  stm32h747i_discovery_lcd.o(.bss)
    hlcd_dma2d                               0x240507b0   Data         104  stm32h747i_discovery_lcd.o(.bss)
    hlcd_ltdc                                0x24050818   Data         168  stm32h747i_discovery_lcd.o(.bss)
    Lcd_Ctx                                  0x240508c0   Data          28  stm32h747i_discovery_lcd.o(.bss)
    network_context                          0x24050920   Data          56  app_x-cube-ai.o(.bss)
    huart8                                   0x24050958   Data         148  app_x-cube-ai.o(.bss)
    rx_buf                                   0x24053c00   Data        4096  app_x-cube-ai.o(.bss)
    __libspace_start                         0x240580fc   Data          96  libspace.o(.bss)
    __temporary_stack_top$libspace           0x2405815c   Data           0  libspace.o(.bss)
    g_network_weights_array                  0x90000000   Data       405240  network_data.o(.AI_EXTFLASH)



==============================================================================

Memory Map of the image

  Image Entry point : 0x08000299

  Load Region LR_IROM1 (Base: 0x08000000, Size: 0x00082ed4, Max: 0x00100000, ABSOLUTE, COMPRESSED[0x000192f4])

    Execution Region RW_ITCMRAM (Exec base: 0x00000000, Load base: 0x08018618, Size: 0x00000000, Max: 0x00010000, ABSOLUTE)

    **** No section assigned to this execution region ****


    Execution Region ER_IROM1 (Exec base: 0x08000000, Load base: 0x08000000, Size: 0x000182c4, Max: 0x00100000, ABSOLUTE)

    Exec Addr    Load Addr    Size         Type   Attr      Idx    E Section Name        Object

    0x08000000   0x08000000   0x00000298   Data   RO            3    RESET               startup_stm32h747xx_cm7.o
    0x08000298   0x08000298   0x00000008   Code   RO         9189  * !!!main             c_w.l(__main.o)
    0x080002a0   0x080002a0   0x00000034   Code   RO         9770    !!!scatter          c_w.l(__scatter.o)
    0x080002d4   0x080002d4   0x0000005a   Code   RO         9768    !!dczerorl2         c_w.l(__dczerorl2.o)
    0x0800032e   0x0800032e   0x00000002   PAD
    0x08000330   0x08000330   0x0000001c   Code   RO         9772    !!handler_zi        c_w.l(__scatter_zi.o)
    0x0800034c   0x0800034c   0x00000000   Code   RO         9176    .ARM.Collect$$_printf_percent$$00000000  c_w.l(_printf_percent.o)
    0x0800034c   0x0800034c   0x00000006   Code   RO         9175    .ARM.Collect$$_printf_percent$$00000003  c_w.l(_printf_f.o)
    0x08000352   0x08000352   0x00000006   Code   RO         9173    .ARM.Collect$$_printf_percent$$00000009  c_w.l(_printf_d.o)
    0x08000358   0x08000358   0x00000006   Code   RO         9174    .ARM.Collect$$_printf_percent$$0000000A  c_w.l(_printf_u.o)
    0x0800035e   0x0800035e   0x00000006   Code   RO         9172    .ARM.Collect$$_printf_percent$$00000014  c_w.l(_printf_s.o)
    0x08000364   0x08000364   0x00000004   Code   RO         9499    .ARM.Collect$$_printf_percent$$00000017  c_w.l(_printf_percent_end.o)
    0x08000368   0x08000368   0x00000002   Code   RO         9705    .ARM.Collect$$libinit$$00000000  c_w.l(libinit.o)
    0x0800036a   0x0800036a   0x00000004   Code   RO         9502    .ARM.Collect$$libinit$$00000001  c_w.l(libinit2.o)
    0x0800036e   0x0800036e   0x00000000   Code   RO         9505    .ARM.Collect$$libinit$$00000004  c_w.l(libinit2.o)
    0x0800036e   0x0800036e   0x00000000   Code   RO         9508    .ARM.Collect$$libinit$$0000000A  c_w.l(libinit2.o)
    0x0800036e   0x0800036e   0x00000000   Code   RO         9510    .ARM.Collect$$libinit$$0000000C  c_w.l(libinit2.o)
    0x0800036e   0x0800036e   0x00000000   Code   RO         9512    .ARM.Collect$$libinit$$0000000E  c_w.l(libinit2.o)
    0x0800036e   0x0800036e   0x00000006   Code   RO         9513    .ARM.Collect$$libinit$$0000000F  c_w.l(libinit2.o)
    0x08000374   0x08000374   0x00000000   Code   RO         9515    .ARM.Collect$$libinit$$00000011  c_w.l(libinit2.o)
    0x08000374   0x08000374   0x00000000   Code   RO         9517    .ARM.Collect$$libinit$$00000013  c_w.l(libinit2.o)
    0x08000374   0x08000374   0x00000000   Code   RO         9519    .ARM.Collect$$libinit$$00000015  c_w.l(libinit2.o)
    0x08000374   0x08000374   0x0000000a   Code   RO         9520    .ARM.Collect$$libinit$$00000016  c_w.l(libinit2.o)
    0x0800037e   0x0800037e   0x00000000   Code   RO         9521    .ARM.Collect$$libinit$$00000017  c_w.l(libinit2.o)
    0x0800037e   0x0800037e   0x00000000   Code   RO         9523    .ARM.Collect$$libinit$$00000019  c_w.l(libinit2.o)
    0x0800037e   0x0800037e   0x00000000   Code   RO         9525    .ARM.Collect$$libinit$$0000001B  c_w.l(libinit2.o)
    0x0800037e   0x0800037e   0x00000000   Code   RO         9527    .ARM.Collect$$libinit$$0000001D  c_w.l(libinit2.o)
    0x0800037e   0x0800037e   0x00000000   Code   RO         9529    .ARM.Collect$$libinit$$0000001F  c_w.l(libinit2.o)
    0x0800037e   0x0800037e   0x00000000   Code   RO         9531    .ARM.Collect$$libinit$$00000021  c_w.l(libinit2.o)
    0x0800037e   0x0800037e   0x00000000   Code   RO         9533    .ARM.Collect$$libinit$$00000023  c_w.l(libinit2.o)
    0x0800037e   0x0800037e   0x00000000   Code   RO         9535    .ARM.Collect$$libinit$$00000025  c_w.l(libinit2.o)
    0x0800037e   0x0800037e   0x00000000   Code   RO         9539    .ARM.Collect$$libinit$$0000002C  c_w.l(libinit2.o)
    0x0800037e   0x0800037e   0x00000000   Code   RO         9541    .ARM.Collect$$libinit$$0000002E  c_w.l(libinit2.o)
    0x0800037e   0x0800037e   0x00000000   Code   RO         9543    .ARM.Collect$$libinit$$00000030  c_w.l(libinit2.o)
    0x0800037e   0x0800037e   0x00000000   Code   RO         9545    .ARM.Collect$$libinit$$00000032  c_w.l(libinit2.o)
    0x0800037e   0x0800037e   0x00000002   Code   RO         9546    .ARM.Collect$$libinit$$00000033  c_w.l(libinit2.o)
    0x08000380   0x08000380   0x00000002   Code   RO         9765    .ARM.Collect$$libshutdown$$00000000  c_w.l(libshutdown.o)
    0x08000382   0x08000382   0x00000000   Code   RO         9721    .ARM.Collect$$libshutdown$$00000002  c_w.l(libshutdown2.o)
    0x08000382   0x08000382   0x00000000   Code   RO         9723    .ARM.Collect$$libshutdown$$00000004  c_w.l(libshutdown2.o)
    0x08000382   0x08000382   0x00000000   Code   RO         9725    .ARM.Collect$$libshutdown$$00000006  c_w.l(libshutdown2.o)
    0x08000382   0x08000382   0x00000000   Code   RO         9728    .ARM.Collect$$libshutdown$$00000009  c_w.l(libshutdown2.o)
    0x08000382   0x08000382   0x00000000   Code   RO         9731    .ARM.Collect$$libshutdown$$0000000C  c_w.l(libshutdown2.o)
    0x08000382   0x08000382   0x00000000   Code   RO         9733    .ARM.Collect$$libshutdown$$0000000E  c_w.l(libshutdown2.o)
    0x08000382   0x08000382   0x00000000   Code   RO         9736    .ARM.Collect$$libshutdown$$00000011  c_w.l(libshutdown2.o)
    0x08000382   0x08000382   0x00000002   Code   RO         9737    .ARM.Collect$$libshutdown$$00000012  c_w.l(libshutdown2.o)
    0x08000384   0x08000384   0x00000000   Code   RO         9455    .ARM.Collect$$rtentry$$00000000  c_w.l(__rtentry.o)
    0x08000384   0x08000384   0x00000000   Code   RO         9596    .ARM.Collect$$rtentry$$00000002  c_w.l(__rtentry2.o)
    0x08000384   0x08000384   0x00000006   Code   RO         9608    .ARM.Collect$$rtentry$$00000004  c_w.l(__rtentry4.o)
    0x0800038a   0x0800038a   0x00000000   Code   RO         9598    .ARM.Collect$$rtentry$$00000009  c_w.l(__rtentry2.o)
    0x0800038a   0x0800038a   0x00000004   Code   RO         9599    .ARM.Collect$$rtentry$$0000000A  c_w.l(__rtentry2.o)
    0x0800038e   0x0800038e   0x00000000   Code   RO         9601    .ARM.Collect$$rtentry$$0000000C  c_w.l(__rtentry2.o)
    0x0800038e   0x0800038e   0x00000008   Code   RO         9602    .ARM.Collect$$rtentry$$0000000D  c_w.l(__rtentry2.o)
    0x08000396   0x08000396   0x00000002   Code   RO         9708    .ARM.Collect$$rtexit$$00000000  c_w.l(rtexit.o)
    0x08000398   0x08000398   0x00000000   Code   RO         9741    .ARM.Collect$$rtexit$$00000002  c_w.l(rtexit2.o)
    0x08000398   0x08000398   0x00000004   Code   RO         9742    .ARM.Collect$$rtexit$$00000003  c_w.l(rtexit2.o)
    0x0800039c   0x0800039c   0x00000006   Code   RO         9743    .ARM.Collect$$rtexit$$00000004  c_w.l(rtexit2.o)
    0x080003a2   0x080003a2   0x00000002   PAD
    0x080003a4   0x080003a4   0x00000048   Code   RO            4    .text               startup_stm32h747xx_cm7.o
    0x080003ec   0x080003ec   0x000000ee   Code   RO         9140    .text               c_w.l(lludivv7m.o)
    0x080004da   0x080004da   0x00000002   PAD
    0x080004dc   0x080004dc   0x00000034   Code   RO         9144    .text               c_w.l(noretval__2snprintf.o)
    0x08000510   0x08000510   0x00000052   Code   RO         9148    .text               c_w.l(_printf_str.o)
    0x08000562   0x08000562   0x00000002   PAD
    0x08000564   0x08000564   0x00000078   Code   RO         9150    .text               c_w.l(_printf_dec.o)
    0x080005dc   0x080005dc   0x00000160   Code   RO         9167    .text               c_w.l(__printf_ss_wp.o)
    0x0800073c   0x0800073c   0x0000003e   Code   RO         9177    .text               c_w.l(strlen.o)
    0x0800077a   0x0800077a   0x0000008a   Code   RO         9179    .text               c_w.l(rt_memcpy_v6.o)
    0x08000804   0x08000804   0x00000064   Code   RO         9181    .text               c_w.l(rt_memcpy_w.o)
    0x08000868   0x08000868   0x0000004e   Code   RO         9183    .text               c_w.l(rt_memclr_w.o)
    0x080008b6   0x080008b6   0x00000002   PAD
    0x080008b8   0x080008b8   0x00000068   Code   RO         9185    .text               c_w.l(strcmpv7m_pel.o)
    0x08000920   0x08000920   0x00000006   Code   RO         9187    .text               c_w.l(heapauxi.o)
    0x08000926   0x08000926   0x00000016   Code   RO         9485    .text               c_w.l(_rserrno.o)
    0x0800093c   0x0800093c   0x000000b2   Code   RO         9487    .text               c_w.l(_printf_intcommon.o)
    0x080009ee   0x080009ee   0x0000041e   Code   RO         9489    .text               c_w.l(_printf_fp_dec.o)
    0x08000e0c   0x08000e0c   0x00000030   Code   RO         9491    .text               c_w.l(_printf_char_common.o)
    0x08000e3c   0x08000e3c   0x0000000a   Code   RO         9493    .text               c_w.l(_sputc.o)
    0x08000e46   0x08000e46   0x00000010   Code   RO         9495    .text               c_w.l(_snputc.o)
    0x08000e56   0x08000e56   0x0000002c   Code   RO         9497    .text               c_w.l(_printf_char.o)
    0x08000e82   0x08000e82   0x00000002   PAD
    0x08000e84   0x08000e84   0x00000008   Code   RO         9592    .text               c_w.l(libspace.o)
    0x08000e8c   0x08000e8c   0x00000008   Code   RO         9615    .text               c_w.l(rt_locale_intlibspace.o)
    0x08000e94   0x08000e94   0x00000008   Code   RO         9620    .text               c_w.l(rt_errno_addr_intlibspace.o)
    0x08000e9c   0x08000e9c   0x0000008a   Code   RO         9630    .text               c_w.l(lludiv10.o)
    0x08000f26   0x08000f26   0x00000002   PAD
    0x08000f28   0x08000f28   0x00000080   Code   RO         9632    .text               c_w.l(_printf_fp_infnan.o)
    0x08000fa8   0x08000fa8   0x000000e4   Code   RO         9636    .text               c_w.l(bigflt0.o)
    0x0800108c   0x0800108c   0x00000002   Code   RO         9677    .text               c_w.l(use_no_semi.o)
    0x0800108e   0x0800108e   0x00000000   Code   RO         9679    .text               c_w.l(indicate_semi.o)
    0x0800108e   0x0800108e   0x0000004a   Code   RO         9680    .text               c_w.l(sys_stackheap_outer.o)
    0x080010d8   0x080010d8   0x00000012   Code   RO         9686    .text               c_w.l(exit.o)
    0x080010ea   0x080010ea   0x00000002   PAD
    0x080010ec   0x080010ec   0x0000000c   Code   RO         9706    .text               c_w.l(sys_exit.o)
    0x080010f8   0x080010f8   0x0000003e   Code   RO         9639    CL$$btod_d2e        c_w.l(btod.o)
    0x08001136   0x08001136   0x00000046   Code   RO         9641    CL$$btod_d2e_denorm_low  c_w.l(btod.o)
    0x0800117c   0x0800117c   0x00000060   Code   RO         9640    CL$$btod_d2e_norm_op1  c_w.l(btod.o)
    0x080011dc   0x080011dc   0x00000338   Code   RO         9649    CL$$btod_div_common  c_w.l(btod.o)
    0x08001514   0x08001514   0x000000dc   Code   RO         9646    CL$$btod_e2e        c_w.l(btod.o)
    0x080015f0   0x080015f0   0x0000002a   Code   RO         9643    CL$$btod_ediv       c_w.l(btod.o)
    0x0800161a   0x0800161a   0x0000002a   Code   RO         9642    CL$$btod_emul       c_w.l(btod.o)
    0x08001644   0x08001644   0x00000244   Code   RO         9648    CL$$btod_mult_common  c_w.l(btod.o)
    0x08001888   0x08001888   0x00000004   Code   RO         5618    i.BSP_GetTick       stm32h747i_discovery_bus.o
    0x0800188c   0x0800188c   0x000000f8   Code   RO         5733    i.BSP_LCD_DrawBitmap  stm32h747i_discovery_lcd.o
    0x08001984   0x08001984   0x0000005c   Code   RO         5734    i.BSP_LCD_DrawHLine  stm32h747i_discovery_lcd.o
    0x080019e0   0x080019e0   0x0000005c   Code   RO         5735    i.BSP_LCD_DrawVLine  stm32h747i_discovery_lcd.o
    0x08001a3c   0x08001a3c   0x00000060   Code   RO         5736    i.BSP_LCD_FillRGBRect  stm32h747i_discovery_lcd.o
    0x08001a9c   0x08001a9c   0x00000050   Code   RO         5737    i.BSP_LCD_FillRect  stm32h747i_discovery_lcd.o
    0x08001aec   0x08001aec   0x00000018   Code   RO         5739    i.BSP_LCD_GetPixelFormat  stm32h747i_discovery_lcd.o
    0x08001b04   0x08001b04   0x00000028   Code   RO         5740    i.BSP_LCD_GetXSize  stm32h747i_discovery_lcd.o
    0x08001b2c   0x08001b2c   0x00000028   Code   RO         5741    i.BSP_LCD_GetYSize  stm32h747i_discovery_lcd.o
    0x08001b54   0x08001b54   0x00000014   Code   RO         5742    i.BSP_LCD_Init      stm32h747i_discovery_lcd.o
    0x08001b68   0x08001b68   0x00000144   Code   RO         5743    i.BSP_LCD_InitEx    stm32h747i_discovery_lcd.o
    0x08001cac   0x08001cac   0x00000044   Code   RO         5745    i.BSP_LCD_ReadPixel  stm32h747i_discovery_lcd.o
    0x08001cf0   0x08001cf0   0x0000005c   Code   RO         5747    i.BSP_LCD_Reset     stm32h747i_discovery_lcd.o
    0x08001d4c   0x08001d4c   0x00000018   Code   RO         5749    i.BSP_LCD_SetActiveLayer  stm32h747i_discovery_lcd.o
    0x08001d64   0x08001d64   0x00000040   Code   RO         5756    i.BSP_LCD_WritePixel  stm32h747i_discovery_lcd.o
    0x08001da4   0x08001da4   0x00000084   Code   RO         5263    i.BSP_QSPI_ConfigFlash  stm32h747i_discovery_qspi.o
    0x08001e28   0x08001e28   0x00000040   Code   RO         5266    i.BSP_QSPI_EnableMemoryMappedMode  stm32h747i_discovery_qspi.o
    0x08001e68   0x08001e68   0x000000b0   Code   RO         5271    i.BSP_QSPI_Init     stm32h747i_discovery_qspi.o
    0x08001f18   0x08001f18   0x00000058   Code   RO         5388    i.BSP_SDRAM_Init    stm32h747i_discovery_sdram.o
    0x08001f70   0x08001f70   0x00000002   Code   RO          300    i.BusFault_Handler  stm32h7xx_it_1.o
    0x08001f72   0x08001f72   0x00000002   PAD
    0x08001f74   0x08001f74   0x0000003c   Code   RO         5757    i.DMA2D_MspInit     stm32h747i_discovery_lcd.o
    0x08001fb0   0x08001fb0   0x0000009c   Code   RO         4105    i.DMA2D_SetConfig   stm32h7xx_hal_dma2d.o
    0x0800204c   0x0800204c   0x00000014   Code   RO         4314    i.DSI_ConfigPacketHeader  stm32h7xx_hal_dsi.o
    0x08002060   0x08002060   0x00000024   Code   RO         5758    i.DSI_IO_Read       stm32h747i_discovery_lcd.o
    0x08002084   0x08002084   0x0000003c   Code   RO         5759    i.DSI_IO_Write      stm32h747i_discovery_lcd.o
    0x080020c0   0x080020c0   0x00000038   Code   RO         5760    i.DSI_MspInit       stm32h747i_discovery_lcd.o
    0x080020f8   0x080020f8   0x00000048   Code   RO         4315    i.DSI_ShortWrite    stm32h7xx_hal_dsi.o
    0x08002140   0x08002140   0x00000002   Code   RO          301    i.DebugMon_Handler  stm32h7xx_it_1.o
    0x08002142   0x08002142   0x00000002   PAD
    0x08002144   0x08002144   0x0000010c   Code   RO         7710    i.DrawChar          stm32_lcd.o
    0x08002250   0x08002250   0x00000004   Code   RO           13    i.Error_Handler     main_1.o
    0x08002254   0x08002254   0x0000001c   Code   RO         4881    i.ExitRun0Mode      system_stm32h7xx_dualcore_boot_cm4_cm7.o
    0x08002270   0x08002270   0x0000006a   Code   RO         3970    i.FMC_SDRAM_Init    stm32h7xx_ll_fmc.o
    0x080022da   0x080022da   0x00000012   Code   RO         3971    i.FMC_SDRAM_ProgramRefreshRate  stm32h7xx_ll_fmc.o
    0x080022ec   0x080022ec   0x00000026   Code   RO         3972    i.FMC_SDRAM_SendCommand  stm32h7xx_ll_fmc.o
    0x08002312   0x08002312   0x00000002   PAD
    0x08002314   0x08002314   0x000000b0   Code   RO         3974    i.FMC_SDRAM_Timing_Init  stm32h7xx_ll_fmc.o
    0x080023c4   0x080023c4   0x000000c8   Code   RO         4119    i.HAL_DMA2D_ConfigLayer  stm32h7xx_hal_dma2d.o
    0x0800248c   0x0800248c   0x00000088   Code   RO         4127    i.HAL_DMA2D_Init    stm32h7xx_hal_dma2d.o
    0x08002514   0x08002514   0x00000002   Code   RO         4130    i.HAL_DMA2D_MspInit  stm32h7xx_hal_dma2d.o
    0x08002516   0x08002516   0x0000010e   Code   RO         4131    i.HAL_DMA2D_PollForTransfer  stm32h7xx_hal_dma2d.o
    0x08002624   0x08002624   0x00000034   Code   RO         4134    i.HAL_DMA2D_Start   stm32h7xx_hal_dma2d.o
    0x08002658   0x08002658   0x00000360   Code   RO         1818    i.HAL_DMA_Abort     stm32h7xx_hal_dma.o
    0x080029b8   0x080029b8   0x0000021c   Code   RO         1819    i.HAL_DMA_Abort_IT  stm32h7xx_hal_dma.o
    0x08002bd4   0x08002bd4   0x0000002a   Code   RO         4320    i.HAL_DSI_ConfigFlowControl  stm32h7xx_hal_dsi.o
    0x08002bfe   0x08002bfe   0x00000256   Code   RO         4323    i.HAL_DSI_ConfigVideoMode  stm32h7xx_hal_dsi.o
    0x08002e54   0x08002e54   0x00000208   Code   RO         4337    i.HAL_DSI_Init      stm32h7xx_hal_dsi.o
    0x0800305c   0x0800305c   0x000000c4   Code   RO         4338    i.HAL_DSI_LongWrite  stm32h7xx_hal_dsi.o
    0x08003120   0x08003120   0x00000002   Code   RO         4340    i.HAL_DSI_MspInit   stm32h7xx_hal_dsi.o
    0x08003122   0x08003122   0x000000ec   Code   RO         4343    i.HAL_DSI_Read      stm32h7xx_hal_dsi.o
    0x0800320e   0x0800320e   0x00000022   Code   RO         4353    i.HAL_DSI_ShortWrite  stm32h7xx_hal_dsi.o
    0x08003230   0x08003230   0x00000044   Code   RO         4355    i.HAL_DSI_Start     stm32h7xx_hal_dsi.o
    0x08003274   0x08003274   0x00000024   Code   RO         2545    i.HAL_Delay         stm32h7xx_hal.o
    0x08003298   0x08003298   0x00000010   Code   RO         2557    i.HAL_EnableCompensationCell  stm32h7xx_hal.o
    0x080032a8   0x080032a8   0x00000234   Code   RO         1666    i.HAL_GPIO_Init     stm32h7xx_hal_gpio.o
    0x080034dc   0x080034dc   0x00000010   Code   RO         1669    i.HAL_GPIO_TogglePin  stm32h7xx_hal_gpio.o
    0x080034ec   0x080034ec   0x0000000a   Code   RO         1670    i.HAL_GPIO_WritePin  stm32h7xx_hal_gpio.o
    0x080034f6   0x080034f6   0x00000002   PAD
    0x080034f8   0x080034f8   0x0000000c   Code   RO         2564    i.HAL_GetREVID      stm32h7xx_hal.o
    0x08003504   0x08003504   0x0000000c   Code   RO         2565    i.HAL_GetTick       stm32h7xx_hal.o
    0x08003510   0x08003510   0x00000020   Code   RO         1731    i.HAL_HSEM_FastTake  stm32h7xx_hal_hsem.o
    0x08003530   0x08003530   0x00000014   Code   RO         1736    i.HAL_HSEM_Release  stm32h7xx_hal_hsem.o
    0x08003544   0x08003544   0x00000010   Code   RO         2571    i.HAL_IncTick       stm32h7xx_hal.o
    0x08003554   0x08003554   0x0000005c   Code   RO         2572    i.HAL_Init          stm32h7xx_hal.o
    0x080035b0   0x080035b0   0x00000040   Code   RO         2573    i.HAL_InitTick      stm32h7xx_hal.o
    0x080035f0   0x080035f0   0x00000052   Code   RO         4597    i.HAL_LTDC_ConfigLayer  stm32h7xx_hal_ltdc.o
    0x08003642   0x08003642   0x000000c0   Code   RO         4614    i.HAL_LTDC_Init     stm32h7xx_hal_ltdc.o
    0x08003702   0x08003702   0x00000002   Code   RO         4617    i.HAL_LTDC_MspInit  stm32h7xx_hal_ltdc.o
    0x08003704   0x08003704   0x00000056   Code   RO         2003    i.HAL_MDMA_DeInit   stm32h7xx_hal_mdma.o
    0x0800375a   0x0800375a   0x0000005e   Code   RO         2008    i.HAL_MDMA_Init     stm32h7xx_hal_mdma.o
    0x080037b8   0x080037b8   0x0000005c   Code   RO          439    i.HAL_MPU_ConfigRegion  stm32h7xx_hal_cortex.o
    0x08003814   0x08003814   0x0000001c   Code   RO          440    i.HAL_MPU_Disable   stm32h7xx_hal_cortex.o
    0x08003830   0x08003830   0x00000024   Code   RO          442    i.HAL_MPU_Enable    stm32h7xx_hal_cortex.o
    0x08003854   0x08003854   0x0000001c   Code   RO          402    i.HAL_MspInit       stm32h7xx_hal_msp_1.o
    0x08003870   0x08003870   0x0000001a   Code   RO          446    i.HAL_NVIC_EnableIRQ  stm32h7xx_hal_cortex.o
    0x0800388a   0x0800388a   0x00000002   PAD
    0x0800388c   0x0800388c   0x00000040   Code   RO          452    i.HAL_NVIC_SetPriority  stm32h7xx_hal_cortex.o
    0x080038cc   0x080038cc   0x00000024   Code   RO          453    i.HAL_NVIC_SetPriorityGrouping  stm32h7xx_hal_cortex.o
    0x080038f0   0x080038f0   0x00000084   Code   RO         2268    i.HAL_PWREx_ConfigSupply  stm32h7xx_hal_pwr_ex.o
    0x08003974   0x08003974   0x000000ac   Code   RO         3529    i.HAL_QSPI_AutoPolling  stm32h7xx_hal_qspi.o
    0x08003a20   0x08003a20   0x00000086   Code   RO         3532    i.HAL_QSPI_Command  stm32h7xx_hal_qspi.o
    0x08003aa6   0x08003aa6   0x00000002   PAD
    0x08003aa8   0x08003aa8   0x000000ac   Code   RO         3543    i.HAL_QSPI_Init     stm32h7xx_hal_qspi.o
    0x08003b54   0x08003b54   0x0000008c   Code   RO         3545    i.HAL_QSPI_MemoryMapped  stm32h7xx_hal_qspi.o
    0x08003be0   0x08003be0   0x00000002   Code   RO         3547    i.HAL_QSPI_MspInit  stm32h7xx_hal_qspi.o
    0x08003be2   0x08003be2   0x000000be   Code   RO         3548    i.HAL_QSPI_Receive  stm32h7xx_hal_qspi.o
    0x08003ca0   0x08003ca0   0x000000b6   Code   RO         3557    i.HAL_QSPI_Transmit  stm32h7xx_hal_qspi.o
    0x08003d56   0x08003d56   0x00000002   PAD
    0x08003d58   0x08003d58   0x00000024   Code   RO         1282    i.HAL_RCCEx_GetD3PCLK1Freq  stm32h7xx_hal_rcc_ex.o
    0x08003d7c   0x08003d7c   0x00000144   Code   RO         1284    i.HAL_RCCEx_GetPLL2ClockFreq  stm32h7xx_hal_rcc_ex.o
    0x08003ec0   0x08003ec0   0x00000144   Code   RO         1285    i.HAL_RCCEx_GetPLL3ClockFreq  stm32h7xx_hal_rcc_ex.o
    0x08004004   0x08004004   0x000009e0   Code   RO         1291    i.HAL_RCCEx_PeriphCLKConfig  stm32h7xx_hal_rcc_ex.o
    0x080049e4   0x080049e4   0x0000025c   Code   RO         1166    i.HAL_RCC_ClockConfig  stm32h7xx_hal_rcc.o
    0x08004c40   0x08004c40   0x00000044   Code   RO         1171    i.HAL_RCC_GetHCLKFreq  stm32h7xx_hal_rcc.o
    0x08004c84   0x08004c84   0x00000024   Code   RO         1173    i.HAL_RCC_GetPCLK1Freq  stm32h7xx_hal_rcc.o
    0x08004ca8   0x08004ca8   0x00000024   Code   RO         1174    i.HAL_RCC_GetPCLK2Freq  stm32h7xx_hal_rcc.o
    0x08004ccc   0x08004ccc   0x00000138   Code   RO         1175    i.HAL_RCC_GetSysClockFreq  stm32h7xx_hal_rcc.o
    0x08004e04   0x08004e04   0x00000094   Code   RO         1176    i.HAL_RCC_MCOConfig  stm32h7xx_hal_rcc.o
    0x08004e98   0x08004e98   0x00000582   Code   RO         1178    i.HAL_RCC_OscConfig  stm32h7xx_hal_rcc.o
    0x0800541a   0x0800541a   0x00000002   PAD
    0x0800541c   0x0800541c   0x00000050   Code   RO         3790    i.HAL_SDRAM_Init    stm32h7xx_hal_sdram.o
    0x0800546c   0x0800546c   0x00000002   Code   RO         3792    i.HAL_SDRAM_MspInit  stm32h7xx_hal_sdram.o
    0x0800546e   0x0800546e   0x0000002e   Code   RO         3793    i.HAL_SDRAM_ProgramRefreshRate  stm32h7xx_hal_sdram.o
    0x0800549c   0x0800549c   0x0000003c   Code   RO         3799    i.HAL_SDRAM_SendCommand  stm32h7xx_hal_sdram.o
    0x080054d8   0x080054d8   0x00000026   Code   RO          457    i.HAL_SYSTICK_Config  stm32h7xx_hal_cortex.o
    0x080054fe   0x080054fe   0x00000040   Code   RO         1047    i.HAL_UARTEx_DisableFifoMode  stm32h7xx_hal_uart_ex.o
    0x0800553e   0x0800553e   0x00000002   Code   RO          636    i.HAL_UARTEx_RxEventCallback  stm32h7xx_hal_uart.o
    0x08005540   0x08005540   0x00000002   Code   RO         1055    i.HAL_UARTEx_RxFifoFullCallback  stm32h7xx_hal_uart_ex.o
    0x08005542   0x08005542   0x0000004c   Code   RO         1056    i.HAL_UARTEx_SetRxFifoThreshold  stm32h7xx_hal_uart_ex.o
    0x0800558e   0x0800558e   0x0000004c   Code   RO         1057    i.HAL_UARTEx_SetTxFifoThreshold  stm32h7xx_hal_uart_ex.o
    0x080055da   0x080055da   0x00000002   Code   RO         1059    i.HAL_UARTEx_TxFifoEmptyCallback  stm32h7xx_hal_uart_ex.o
    0x080055dc   0x080055dc   0x00000002   Code   RO         1060    i.HAL_UARTEx_WakeupCallback  stm32h7xx_hal_uart_ex.o
    0x080055de   0x080055de   0x00000002   Code   RO          652    i.HAL_UART_ErrorCallback  stm32h7xx_hal_uart.o
    0x080055e0   0x080055e0   0x0000039c   Code   RO          655    i.HAL_UART_IRQHandler  stm32h7xx_hal_uart.o
    0x0800597c   0x0800597c   0x0000006a   Code   RO          656    i.HAL_UART_Init     stm32h7xx_hal_uart.o
    0x080059e6   0x080059e6   0x00000002   PAD
    0x080059e8   0x080059e8   0x00000114   Code   RO          404    i.HAL_UART_MspInit  stm32h7xx_hal_msp_1.o
    0x08005afc   0x08005afc   0x000000b8   Code   RO          665    i.HAL_UART_Transmit  stm32h7xx_hal_uart.o
    0x08005bb4   0x08005bb4   0x00000002   Code   RO          668    i.HAL_UART_TxCpltCallback  stm32h7xx_hal_uart.o
    0x08005bb6   0x08005bb6   0x00000002   Code   RO          302    i.HardFault_Handler  stm32h7xx_it_1.o
    0x08005bb8   0x08005bb8   0x00000028   Code   RO         6220    i.IS42S32800J_ClockEnable  is42s32800j.o
    0x08005be0   0x08005be0   0x00000058   Code   RO         6223    i.IS42S32800J_Init  is42s32800j.o
    0x08005c38   0x08005c38   0x00000044   Code   RO         6224    i.IS42S32800J_ModeRegConfig  is42s32800j.o
    0x08005c7c   0x08005c7c   0x00000028   Code   RO         6225    i.IS42S32800J_Precharge  is42s32800j.o
    0x08005ca4   0x08005ca4   0x00000024   Code   RO         6226    i.IS42S32800J_RefreshMode  is42s32800j.o
    0x08005cc8   0x08005cc8   0x00000010   Code   RO         6227    i.IS42S32800J_RefreshRate  is42s32800j.o
    0x08005cd8   0x08005cd8   0x000000a8   Code   RO         5762    i.LCD_InitSequence  stm32h747i_discovery_lcd.o
    0x08005d80   0x08005d80   0x00000084   Code   RO         5763    i.LL_ConvertLineToRGB  stm32h747i_discovery_lcd.o
    0x08005e04   0x08005e04   0x000000b4   Code   RO         5764    i.LL_FillBuffer     stm32h747i_discovery_lcd.o
    0x08005eb8   0x08005eb8   0x0000003c   Code   RO         5766    i.LTDC_MspInit      stm32h747i_discovery_lcd.o
    0x08005ef4   0x08005ef4   0x000001b0   Code   RO         4633    i.LTDC_SetConfig    stm32h7xx_hal_ltdc.o
    0x080060a4   0x080060a4   0x000000b0   Code   RO         2019    i.MDMA_Init         stm32h7xx_hal_mdma.o
    0x08006154   0x08006154   0x000000be   Code   RO           14    i.MPU_Config        main_1.o
    0x08006212   0x08006212   0x0000004e   Code   RO         6052    i.MT25TL01G_AutoPollingMemReady  mt25tl01g.o
    0x08006260   0x08006260   0x0000007c   Code   RO         6055    i.MT25TL01G_EnableMemoryMappedModeDTR  mt25tl01g.o
    0x080062dc   0x080062dc   0x00000078   Code   RO         6056    i.MT25TL01G_EnableMemoryMappedModeSTR  mt25tl01g.o
    0x08006354   0x08006354   0x0000005c   Code   RO         6057    i.MT25TL01G_Enter4BytesAddressMode  mt25tl01g.o
    0x080063b0   0x080063b0   0x00000034   Code   RO         6059    i.MT25TL01G_EnterQPIMode  mt25tl01g.o
    0x080063e4   0x080063e4   0x00000034   Code   RO         6061    i.MT25TL01G_ExitQPIMode  mt25tl01g.o
    0x08006418   0x08006418   0x0000001e   Code   RO         6062    i.MT25TL01G_GetFlashInfo  mt25tl01g.o
    0x08006436   0x08006436   0x0000003e   Code   RO         6072    i.MT25TL01G_ResetEnable  mt25tl01g.o
    0x08006474   0x08006474   0x0000003e   Code   RO         6073    i.MT25TL01G_ResetMemory  mt25tl01g.o
    0x080064b2   0x080064b2   0x00000084   Code   RO         6075    i.MT25TL01G_WriteEnable  mt25tl01g.o
    0x08006536   0x08006536   0x00000002   PAD
    0x08006538   0x08006538   0x000000f8   Code   RO         5767    i.MX_DSIHOST_DSI_Init  stm32h747i_discovery_lcd.o
    0x08006630   0x08006630   0x00000174   Code   RO           15    i.MX_GPIO_Init      main_1.o
    0x080067a4   0x080067a4   0x00000032   Code   RO         5768    i.MX_LTDC_ClockConfig  stm32h747i_discovery_lcd.o
    0x080067d6   0x080067d6   0x00000058   Code   RO         5770    i.MX_LTDC_ConfigLayer  stm32h747i_discovery_lcd.o
    0x0800682e   0x0800682e   0x00000002   PAD
    0x08006830   0x08006830   0x00000080   Code   RO         5771    i.MX_LTDC_Init      stm32h747i_discovery_lcd.o
    0x080068b0   0x080068b0   0x00000030   Code   RO         5275    i.MX_QSPI_Init      stm32h747i_discovery_qspi.o
    0x080068e0   0x080068e0   0x00000060   Code   RO         5390    i.MX_SDRAM_Init     stm32h747i_discovery_sdram.o
    0x08006940   0x08006940   0x00000040   Code   RO         6877    i.MX_UART8_Init     app_x-cube-ai.o
    0x08006980   0x08006980   0x00000064   Code   RO           16    i.MX_USART1_UART_Init  main_1.o
    0x080069e4   0x080069e4   0x00000002   Code   RO          303    i.MemManage_Handler  stm32h7xx_it_1.o
    0x080069e6   0x080069e6   0x00000002   Code   RO          304    i.NMI_Handler       stm32h7xx_it_1.o
    0x080069e8   0x080069e8   0x00000006   Code   RO         7241    i.NT35510_DeInit    nt35510.o
    0x080069ee   0x080069ee   0x0000001e   Code   RO         7242    i.NT35510_DisplayOff  nt35510.o
    0x08006a0c   0x08006a0c   0x0000001e   Code   RO         7243    i.NT35510_DisplayOn  nt35510.o
    0x08006a2a   0x08006a2a   0x00000006   Code   RO         7244    i.NT35510_DrawBitmap  nt35510.o
    0x08006a30   0x08006a30   0x00000006   Code   RO         7245    i.NT35510_DrawHLine  nt35510.o
    0x08006a36   0x08006a36   0x00000006   Code   RO         7246    i.NT35510_DrawVLine  nt35510.o
    0x08006a3c   0x08006a3c   0x00000006   Code   RO         7247    i.NT35510_FillRGBRect  nt35510.o
    0x08006a42   0x08006a42   0x00000006   Code   RO         7248    i.NT35510_FillRect  nt35510.o
    0x08006a48   0x08006a48   0x00000010   Code   RO         7249    i.NT35510_GetBrightness  nt35510.o
    0x08006a58   0x08006a58   0x00000010   Code   RO         7250    i.NT35510_GetOrientation  nt35510.o
    0x08006a68   0x08006a68   0x00000006   Code   RO         7251    i.NT35510_GetPixel  nt35510.o
    0x08006a6e   0x08006a6e   0x00000002   PAD
    0x08006a70   0x08006a70   0x0000001c   Code   RO         7252    i.NT35510_GetXSize  nt35510.o
    0x08006a8c   0x08006a8c   0x0000001c   Code   RO         7253    i.NT35510_GetYSize  nt35510.o
    0x08006aa8   0x08006aa8   0x0000001a   Code   RO         7254    i.NT35510_IO_Delay  nt35510.o
    0x08006ac2   0x08006ac2   0x00000002   PAD
    0x08006ac4   0x08006ac4   0x000002b0   Code   RO         7255    i.NT35510_Init      nt35510.o
    0x08006d74   0x08006d74   0x0000007c   Code   RO         5772    i.NT35510_Probe     stm32h747i_discovery_lcd.o
    0x08006df0   0x08006df0   0x00000018   Code   RO         7256    i.NT35510_ReadID    nt35510.o
    0x08006e08   0x08006e08   0x0000000e   Code   RO         7257    i.NT35510_ReadRegWrap  nt35510.o
    0x08006e16   0x08006e16   0x00000002   PAD
    0x08006e18   0x08006e18   0x00000030   Code   RO         7258    i.NT35510_RegisterBusIO  nt35510.o
    0x08006e48   0x08006e48   0x00000034   Code   RO         7259    i.NT35510_SetBrightness  nt35510.o
    0x08006e7c   0x08006e7c   0x00000006   Code   RO         7260    i.NT35510_SetCursor  nt35510.o
    0x08006e82   0x08006e82   0x00000002   PAD
    0x08006e84   0x08006e84   0x00000094   Code   RO         7261    i.NT35510_SetOrientation  nt35510.o
    0x08006f18   0x08006f18   0x00000006   Code   RO         7262    i.NT35510_SetPixel  nt35510.o
    0x08006f1e   0x08006f1e   0x0000000e   Code   RO         7263    i.NT35510_WriteRegWrap  nt35510.o
    0x08006f2c   0x08006f2c   0x00000006   Code   RO         7047    i.OTM8009A_DeInit   otm8009a.o
    0x08006f32   0x08006f32   0x0000001e   Code   RO         7048    i.OTM8009A_DisplayOff  otm8009a.o
    0x08006f50   0x08006f50   0x0000001e   Code   RO         7049    i.OTM8009A_DisplayOn  otm8009a.o
    0x08006f6e   0x08006f6e   0x00000006   Code   RO         7050    i.OTM8009A_DrawBitmap  otm8009a.o
    0x08006f74   0x08006f74   0x00000006   Code   RO         7051    i.OTM8009A_DrawHLine  otm8009a.o
    0x08006f7a   0x08006f7a   0x00000006   Code   RO         7052    i.OTM8009A_DrawVLine  otm8009a.o
    0x08006f80   0x08006f80   0x00000006   Code   RO         7053    i.OTM8009A_FillRGBRect  otm8009a.o
    0x08006f86   0x08006f86   0x00000006   Code   RO         7054    i.OTM8009A_FillRect  otm8009a.o
    0x08006f8c   0x08006f8c   0x00000010   Code   RO         7055    i.OTM8009A_GetBrightness  otm8009a.o
    0x08006f9c   0x08006f9c   0x00000010   Code   RO         7056    i.OTM8009A_GetOrientation  otm8009a.o
    0x08006fac   0x08006fac   0x00000006   Code   RO         7057    i.OTM8009A_GetPixel  otm8009a.o
    0x08006fb2   0x08006fb2   0x00000002   PAD
    0x08006fb4   0x08006fb4   0x0000001c   Code   RO         7058    i.OTM8009A_GetXSize  otm8009a.o
    0x08006fd0   0x08006fd0   0x0000001c   Code   RO         7059    i.OTM8009A_GetYSize  otm8009a.o
    0x08006fec   0x08006fec   0x0000001a   Code   RO         7060    i.OTM8009A_IO_Delay  otm8009a.o
    0x08007006   0x08007006   0x00000002   PAD
    0x08007008   0x08007008   0x000006a0   Code   RO         7061    i.OTM8009A_Init     otm8009a.o
    0x080076a8   0x080076a8   0x0000007c   Code   RO         5773    i.OTM8009A_Probe    stm32h747i_discovery_lcd.o
    0x08007724   0x08007724   0x00000018   Code   RO         7062    i.OTM8009A_ReadID   otm8009a.o
    0x0800773c   0x0800773c   0x0000000e   Code   RO         7063    i.OTM8009A_ReadRegWrap  otm8009a.o
    0x0800774a   0x0800774a   0x00000002   PAD
    0x0800774c   0x0800774c   0x00000030   Code   RO         7064    i.OTM8009A_RegisterBusIO  otm8009a.o
    0x0800777c   0x0800777c   0x00000034   Code   RO         7065    i.OTM8009A_SetBrightness  otm8009a.o
    0x080077b0   0x080077b0   0x00000006   Code   RO         7066    i.OTM8009A_SetCursor  otm8009a.o
    0x080077b6   0x080077b6   0x00000002   PAD
    0x080077b8   0x080077b8   0x00000094   Code   RO         7067    i.OTM8009A_SetOrientation  otm8009a.o
    0x0800784c   0x0800784c   0x00000006   Code   RO         7068    i.OTM8009A_SetPixel  otm8009a.o
    0x08007852   0x08007852   0x0000000e   Code   RO         7069    i.OTM8009A_WriteRegWrap  otm8009a.o
    0x08007860   0x08007860   0x00000002   Code   RO          305    i.PendSV_Handler    stm32h7xx_it_1.o
    0x08007862   0x08007862   0x00000198   Code   RO         3561    i.QSPI_Config       stm32h7xx_hal_qspi.o
    0x080079fa   0x080079fa   0x00000002   PAD
    0x080079fc   0x080079fc   0x000000a0   Code   RO         5276    i.QSPI_DummyCyclesCfg  stm32h747i_discovery_qspi.o
    0x08007a9c   0x08007a9c   0x000001b4   Code   RO         5278    i.QSPI_MspInit      stm32h747i_discovery_qspi.o
    0x08007c50   0x08007c50   0x00000068   Code   RO         5279    i.QSPI_ResetMemory  stm32h747i_discovery_qspi.o
    0x08007cb8   0x08007cb8   0x00000048   Code   RO         3566    i.QSPI_WaitFlagStateUntilTimeout  stm32h7xx_hal_qspi.o
    0x08007d00   0x08007d00   0x00000120   Code   RO         1294    i.RCCEx_PLL2_Config  stm32h7xx_hal_rcc_ex.o
    0x08007e20   0x08007e20   0x00000120   Code   RO         1295    i.RCCEx_PLL3_Config  stm32h7xx_hal_rcc_ex.o
    0x08007f40   0x08007f40   0x00000168   Code   RO         5391    i.SDRAM_MspInit     stm32h747i_discovery_sdram.o
    0x080080a8   0x080080a8   0x000000e8   Code   RO         6879    i.STM32CubeAI_Studio_AI_Init  app_x-cube-ai.o
    0x08008190   0x08008190   0x00000004   Code   RO         6880    i.STM32CubeAI_Studio_AI_Process  app_x-cube-ai.o
    0x08008194   0x08008194   0x00000002   Code   RO          306    i.SVC_Handler       stm32h7xx_it_1.o
    0x08008196   0x08008196   0x00000004   Code   RO          307    i.SysTick_Handler   stm32h7xx_it_1.o
    0x0800819a   0x0800819a   0x00000002   PAD
    0x0800819c   0x0800819c   0x000000e0   Code   RO           17    i.SystemClock_Config  main_1.o
    0x0800827c   0x0800827c   0x00000114   Code   RO         4883    i.SystemInit        system_stm32h7xx_dualcore_boot_cm4_cm7.o
    0x08008390   0x08008390   0x0000018c   Code   RO          308    i.TIM6_DAC_IRQHandler  stm32h7xx_it_1.o
    0x0800851c   0x0800851c   0x00000040   Code   RO          309    i.UART8_IRQHandler  stm32h7xx_it_1.o
    0x0800855c   0x0800855c   0x00000044   Code   RO         1061    i.UARTEx_SetNbDataToProcess  stm32h7xx_hal_uart_ex.o
    0x080085a0   0x080085a0   0x000000c8   Code   RO          670    i.UART_AdvFeatureConfig  stm32h7xx_hal_uart.o
    0x08008668   0x08008668   0x000000aa   Code   RO          671    i.UART_CheckIdleState  stm32h7xx_hal_uart.o
    0x08008712   0x08008712   0x0000000a   Code   RO          672    i.UART_DMAAbortOnError  stm32h7xx_hal_uart.o
    0x0800871c   0x0800871c   0x00000054   Code   RO          682    i.UART_EndRxTransfer  stm32h7xx_hal_uart.o
    0x08008770   0x08008770   0x000003ac   Code   RO          688    i.UART_SetConfig    stm32h7xx_hal_uart.o
    0x08008b1c   0x08008b1c   0x00000094   Code   RO          695    i.UART_WaitOnFlagUntilTimeout  stm32h7xx_hal_uart.o
    0x08008bb0   0x08008bb0   0x0000000c   Code   RO          310    i.USART1_IRQHandler  stm32h7xx_it_1.o
    0x08008bbc   0x08008bbc   0x00000018   Code   RO         7712    i.UTIL_LCD_Clear    stm32_lcd.o
    0x08008bd4   0x08008bd4   0x0000002c   Code   RO         7714    i.UTIL_LCD_DisplayChar  stm32_lcd.o
    0x08008c00   0x08008c00   0x00000090   Code   RO         7715    i.UTIL_LCD_DisplayStringAt  stm32_lcd.o
    0x08008c90   0x08008c90   0x00000024   Code   RO         7728    i.UTIL_LCD_FillRGBRect  stm32_lcd.o
    0x08008cb4   0x08008cb4   0x0000004c   Code   RO         7729    i.UTIL_LCD_FillRect  stm32_lcd.o
    0x08008d00   0x08008d00   0x00000010   Code   RO         7731    i.UTIL_LCD_GetFont  stm32_lcd.o
    0x08008d10   0x08008d10   0x00000010   Code   RO         7734    i.UTIL_LCD_SetBackColor  stm32_lcd.o
    0x08008d20   0x08008d20   0x00000010   Code   RO         7736    i.UTIL_LCD_SetFont  stm32_lcd.o
    0x08008d30   0x08008d30   0x0000005c   Code   RO         7737    i.UTIL_LCD_SetFuncDriver  stm32_lcd.o
    0x08008d8c   0x08008d8c   0x00000024   Code   RO         7738    i.UTIL_LCD_SetLayer  stm32_lcd.o
    0x08008db0   0x08008db0   0x00000010   Code   RO         7740    i.UTIL_LCD_SetTextColor  stm32_lcd.o
    0x08008dc0   0x08008dc0   0x00000002   Code   RO          311    i.UsageFault_Handler  stm32h7xx_it_1.o
    0x08008dc2   0x08008dc2   0x00000030   Code   RO         9675    i.__ARM_fpclassify  m_wv.l(fpclassify.o)
    0x08008df2   0x08008df2   0x00000026   Code   RO         9564    i.__ARM_fpclassifyf  m_wv.l(fpclassifyf.o)
    0x08008e18   0x08008e18   0x00000022   Code   RO          459    i.__NVIC_SetPriority  stm32h7xx_hal_cortex.o
    0x08008e3a   0x08008e3a   0x00000002   PAD
    0x08008e3c   0x08008e3c   0x00000134   Code   RO         8085    i.__ai_math_dot_array  NetworkRuntime1201_CM7_Keil.lib(lite_dense_if32.o)
    0x08008f70   0x08008f70   0x000002b4   Code   RO         9251    i.__hardfp_atan2f   m_wv.l(atan2f.o)
    0x08009224   0x08009224   0x000001f4   Code   RO         9329    i.__hardfp_expf     m_wv.l(expf.o)
    0x08009418   0x08009418   0x00000006   Code   RO         9567    i.__mathlib_flt_infnan  m_wv.l(funder.o)
    0x0800941e   0x0800941e   0x00000006   Code   RO         9568    i.__mathlib_flt_infnan2  m_wv.l(funder.o)
    0x08009424   0x08009424   0x00000010   Code   RO         9570    i.__mathlib_flt_overflow  m_wv.l(funder.o)
    0x08009434   0x08009434   0x00000010   Code   RO         9572    i.__mathlib_flt_underflow  m_wv.l(funder.o)
    0x08009444   0x08009444   0x00000022   Code   RO         8194    i._get_lut_size     NetworkRuntime1201_CM7_Keil.lib(ai_datatypes_format.o)
    0x08009466   0x08009466   0x0000000e   Code   RO         9162    i._is_digit         c_w.l(__printf_wp.o)
    0x08009474   0x08009474   0x00000018   Code   RO         5061    i._put_c_driver     aitestutility.o
    0x0800948c   0x0800948c   0x0000004a   Code   RO         6312    i._stai_network_check  network.o
    0x080094d6   0x080094d6   0x00000002   PAD
    0x080094d8   0x080094d8   0x0000016c   Code   RO         7961    i._transpose_items  NetworkRuntime1201_CM7_Keil.lib(layers_generic_float.o)
    0x08009644   0x08009644   0x0000010a   Code   RO         4990    i._write_double     lc_print.o
    0x0800974e   0x0800974e   0x00000002   PAD
    0x08009750   0x08009750   0x0000011e   Code   RO         4991    i._write_number     lc_print.o
    0x0800986e   0x0800986e   0x00000002   PAD
    0x08009870   0x08009870   0x0000006e   Code   RO         4992    i._write_string     lc_print.o
    0x080098de   0x080098de   0x00000002   PAD
    0x080098e0   0x080098e0   0x00000128   Code   RO         6881    i.acquire_and_process_data  app_x-cube-ai.o
    0x08009a08   0x08009a08   0x000001b8   Code   RO         6883    i.aiInit            app_x-cube-ai.o
    0x08009bc0   0x08009bc0   0x000001f8   Code   RO         6884    i.aiRun             app_x-cube-ai.o
    0x08009db8   0x08009db8   0x00000028   Code   RO         8199    i.ai_array_get_byte_size  NetworkRuntime1201_CM7_Keil.lib(ai_datatypes_format.o)
    0x08009de0   0x08009de0   0x0000010c   Code   RO         6885    i.ai_run_sample     app_x-cube-ai.o
    0x08009eec   0x08009eec   0x000000b4   Code   RO         6886    i.compute_hankel    app_x-cube-ai.o
    0x08009fa0   0x08009fa0   0x000000a0   Code   RO         6887    i.cyclesCounterInit  app_x-cube-ai.o
    0x0800a040   0x0800a040   0x0000003c   Code   RO         6888    i.denormalize_output  app_x-cube-ai.o
    0x0800a07c   0x0800a07c   0x000000a8   Code   RO         6889    i.draw_phase_map    app_x-cube-ai.o
    0x0800a124   0x0800a124   0x00000090   Code   RO         5064    i.dwtCyclesToTime   aitestutility.o
    0x0800a1b4   0x0800a1b4   0x00000176   Code   RO         8048    i.forward_ap        NetworkRuntime1201_CM7_Keil.lib(layers_pool_generic_float.o)
    0x0800a32a   0x0800a32a   0x00000002   PAD
    0x0800a32c   0x0800a32c   0x00000494   Code   RO         7967    i.forward_concat    NetworkRuntime1201_CM7_Keil.lib(layers_generic_float.o)
    0x0800a7c0   0x0800a7c0   0x00000084   Code   RO         6313    i.forward_lite_ap_node_15  network.o
    0x0800a844   0x0800a844   0x00000084   Code   RO         6314    i.forward_lite_ap_node_19  network.o
    0x0800a8c8   0x0800a8c8   0x00000078   Code   RO         6315    i.forward_lite_ap_node_8  network.o
    0x0800a940   0x0800a940   0x000000a0   Code   RO         6316    i.forward_lite_concat_node_3_Default_features_SequentialCell_0_MultiScaleConv_Concat_op0  network.o
    0x0800a9e0   0x0800a9e0   0x00000158   Code   RO         8060    i.forward_lite_conv2d_if32of32wf32  NetworkRuntime1201_CM7_Keil.lib(forward_lite_conv2d_if32of32wf32.o)
    0x0800ab38   0x0800ab38   0x0000009c   Code   RO         8088    i.forward_lite_dense_if32of32wf32  NetworkRuntime1201_CM7_Keil.lib(lite_dense_if32.o)
    0x0800abd4   0x0800abd4   0x00000028   Code   RO         8130    i.forward_lite_nl_relu_if32of32  NetworkRuntime1201_CM7_Keil.lib(lite_nl_generic_float.o)
    0x0800abfc   0x0800abfc   0x00000084   Code   RO         6317    i.forward_lite_transpose_x_Transpose  network.o
    0x0800ac80   0x0800ac80   0x0000004c   Code   RO         7993    i.forward_transpose  NetworkRuntime1201_CM7_Keil.lib(layers_generic_float.o)
    0x0800accc   0x0800accc   0x0000016e   Code   RO         8068    i.fw_lite_conv2d_kernel_simple_opt_f32  NetworkRuntime1201_CM7_Keil.lib(forward_lite_conv2d_if32of32wf32.o)
    0x0800ae3a   0x0800ae3a   0x00000002   PAD
    0x0800ae3c   0x0800ae3c   0x0000001c   Code   RO         5072    i.lc_print          aitestutility.o
    0x0800ae58   0x0800ae58   0x000000fc   Code   RO           18    i.main              main_1.o
    0x0800af54   0x0800af54   0x000004d0   Code   RO         6890    i.main_loop         app_x-cube-ai.o
    0x0800b424   0x0800b424   0x00000028   Code   RO         6891    i.normalize_hankel  app_x-cube-ai.o
    0x0800b44c   0x0800b44c   0x0000000e   Code   RO         7405    i.nt35510_read_reg  nt35510_reg.o
    0x0800b45a   0x0800b45a   0x0000000e   Code   RO         7406    i.nt35510_write_reg  nt35510_reg.o
    0x0800b468   0x0800b468   0x0000000e   Code   RO         7211    i.otm8009a_read_reg  otm8009a_reg.o
    0x0800b476   0x0800b476   0x0000000e   Code   RO         7212    i.otm8009a_write_reg  otm8009a_reg.o
    0x0800b484   0x0800b484   0x0000007c   Code   RO         8050    i.pool_func_ap_kernel_array_f32  NetworkRuntime1201_CM7_Keil.lib(layers_pool_generic_float.o)
    0x0800b500   0x0800b500   0x00000024   Code   RO         5026    i.port_dwt_init_imp  ai_device_adaptor.o
    0x0800b524   0x0800b524   0x00000020   Code   RO         5074    i.port_io_write     aitestutility.o
    0x0800b544   0x0800b544   0x00000084   Code   RO         8915    i.st_int8_copy      NetworkRuntime1201_CM7_Keil.lib(st_int8_fill.o)
    0x0800b5c8   0x0800b5c8   0x0000044c   Code   RO         7935    i.stai_get_return_code_name  NetworkRuntime1201_CM7_Keil.lib(stai_debug.o)
    0x0800ba14   0x0800ba14   0x0000002c   Code   RO         6321    i.stai_network_get_error  network.o
    0x0800ba40   0x0800ba40   0x00000044   Code   RO         6327    i.stai_network_init  network.o
    0x0800ba84   0x0800ba84   0x00000820   Code   RO         6328    i.stai_network_run  network.o
    0x0800c2a4   0x0800c2a4   0x000000c8   Code   RO         6329    i.stai_network_set_activations  network.o
    0x0800c36c   0x0800c36c   0x000000a0   Code   RO         6331    i.stai_network_set_inputs  network.o
    0x0800c40c   0x0800c40c   0x000000ac   Code   RO         6332    i.stai_network_set_outputs  network.o
    0x0800c4b8   0x0800c4b8   0x00000004   Code   RO         7943    i.stai_runtime_init  NetworkRuntime1201_CM7_Keil.lib(stai_internal.o)
    0x0800c4bc   0x0800c4bc   0x00000118   Code   RO         6893    i.uart_parse_frames  app_x-cube-ai.o
    0x0800c5d4   0x0800c5d4   0x00000004   Code   RO         6855    i.user_stai_network_init  user_init.o
    0x0800c5d8   0x0800c5d8   0x000001a4   Code   RO         4993    i.vlc_print         lc_print.o
    0x0800c77c   0x0800c77c   0x0000002c   Code   RO         9662    locale$$code        c_w.l(lc_numeric_c.o)
    0x0800c7a8   0x0800c7a8   0x0000009c   Code   RO         9547    x$fpl$dnaninf       fz_wv.l(dnaninf.o)
    0x0800c844   0x0800c844   0x0000000a   Code   RO         9673    x$fpl$fpinit        fz_wv.l(fpinit.o)
    0x0800c84e   0x0800c84e   0x00000002   PAD
    0x0800c850   0x0800c850   0x00000078   Code   RO         9191    x$fpl$llufromd      fz_wv.l(dfixull.o)
    0x0800c8c8   0x0800c8c8   0x00000004   Code   RO         9201    x$fpl$printf1       fz_wv.l(printf1.o)
    0x0800c8cc   0x0800c8cc   0x00000000   Code   RO         9557    x$fpl$usenofp       fz_wv.l(usenofp.o)
    0x0800c8cc   0x0800c8cc   0x00000018   Data   RO          696    .constdata          stm32h7xx_hal_uart.o
    0x0800c8e4   0x0800c8e4   0x00000010   Data   RO         1062    .constdata          stm32h7xx_hal_uart_ex.o
    0x0800c8f4   0x0800c8f4   0x00000010   Data   RO         4884    .constdata          system_stm32h7xx_dualcore_boot_cm4_cm7.o
    0x0800c904   0x0800c904   0x00000008   Data   RO         5281    .constdata          stm32h747i_discovery_qspi.o
    0x0800c90c   0x0800c90c   0x0000002c   Data   RO         5775    .constdata          stm32h747i_discovery_lcd.o
    0x0800c938   0x0800c938   0x000002ec   Data   RO         6405    .constdata          network.o
    0x0800cc24   0x0800cc24   0x00000008   Data   RO         6406    .constdata          network.o
    0x0800cc2c   0x0800cc2c   0x00000008   Data   RO         6407    .constdata          network.o
    0x0800cc34   0x0800cc34   0x00000008   Data   RO         6408    .constdata          network.o
    0x0800cc3c   0x0800cc3c   0x00000008   Data   RO         6409    .constdata          network.o
    0x0800cc44   0x0800cc44   0x00000008   Data   RO         6410    .constdata          network.o
    0x0800cc4c   0x0800cc4c   0x00003200   Data   RO         6897    .constdata          app_x-cube-ai.o
    0x0800fe4c   0x0800fe4c   0x00003200   Data   RO         6898    .constdata          app_x-cube-ai.o
    0x0801304c   0x0801304c   0x00003200   Data   RO         6899    .constdata          app_x-cube-ai.o
    0x0801624c   0x0801624c   0x00000018   Data   RO         6900    .constdata          app_x-cube-ai.o
    0x08016264   0x08016264   0x00000147   Data   RO         7071    .constdata          otm8009a.o
    0x080163ab   0x080163ab   0x00000070   Data   RO         7265    .constdata          nt35510.o
    0x0801641b   0x0801641b   0x00000ed8   Data   RO         7743    .constdata          stm32_lcd.o
    0x080172f3   0x080172f3   0x00000be0   Data   RO         7744    .constdata          stm32_lcd.o
    0x08017ed3   0x08017ed3   0x00000001   PAD
    0x08017ed4   0x08017ed4   0x00000280   Data   RO         7999    .constdata          NetworkRuntime1201_CM7_Keil.lib(layers_generic_float.o)
    0x08018154   0x08018154   0x00000030   Data   RO         9332    .constdata          m_wv.l(expf.o)
    0x08018184   0x08018184   0x00000094   Data   RO         9637    .constdata          c_w.l(bigflt0.o)
    0x08018218   0x08018218   0x00000060   Data   RO         6412    .conststring        network.o
    0x08018278   0x08018278   0x00000030   Data   RO         9766    Region$$Table       anon$$obj.o
    0x080182a8   0x080182a8   0x0000001c   Data   RO         9661    locale$$data        c_w.l(lc_numeric_c.o)


    Execution Region RW_IRAM1 (Exec base: 0x20000000, Load base: 0x080182c4, Size: 0x0001a708, Max: 0x00020000, ABSOLUTE, COMPRESSED[0x00000354])

    Exec Addr    Load Addr    Size         Type   Attr      Idx    E Section Name        Object

    0x20000000   COMPRESSED   0x0001a708   Data   RW         6894    .AI_DTCMRAM         app_x-cube-ai.o


    Execution Region RW_RAM_D1 (Exec base: 0x24000000, Load base: 0x08018618, Size: 0x00058760, Max: 0x00080000, ABSOLUTE, COMPRESSED[0x00000cdc])

    Exec Addr    Load Addr    Size         Type   Attr      Idx    E Section Name        Object

    0x24000000   COMPRESSED   0x0004fd40   Data   RW         6895    .AI_RAM_D1          app_x-cube-ai.o
    0x2404fd40   COMPRESSED   0x00000018   Data   RW          312    .data               stm32h7xx_it_1.o
    0x2404fd58   COMPRESSED   0x0000000c   Data   RW         2599    .data               stm32h7xx_hal.o
    0x2404fd64   COMPRESSED   0x00000008   Data   RW         4885    .data               system_stm32h7xx_dualcore_boot_cm4_cm7.o
    0x2404fd6c   COMPRESSED   0x00000001   Data   RW         5081    .data               aitestutility.o
    0x2404fd6d   COMPRESSED   0x00000003   PAD
    0x2404fd70   COMPRESSED   0x0000000c   Data   RW         5776    .data               stm32h747i_discovery_lcd.o
    0x2404fd7c   COMPRESSED   0x00000010   Data   RW         6413    .data               network.o
    0x2404fd8c   COMPRESSED   0x00000008   Data   RW         6414    .data               network.o
    0x2404fd94   COMPRESSED   0x00000004   Data   RW         6415    .data               network.o
    0x2404fd98   COMPRESSED   0x00000004   Data   RW         6416    .data               network.o
    0x2404fd9c   COMPRESSED   0x00000004   Data   RW         6417    .data               network.o
    0x2404fda0   COMPRESSED   0x00000028   Data   RW         6418    .data               network.o
    0x2404fdc8   COMPRESSED   0x00000028   Data   RW         6419    .data               network.o
    0x2404fdf0   COMPRESSED   0x00000050   Data   RW         6420    .data               network.o
    0x2404fe40   COMPRESSED   0x00000028   Data   RW         6421    .data               network.o
    0x2404fe68   COMPRESSED   0x00000010   Data   RW         6422    .data               network.o
    0x2404fe78   COMPRESSED   0x00000010   Data   RW         6423    .data               network.o
    0x2404fe88   COMPRESSED   0x00000010   Data   RW         6424    .data               network.o
    0x2404fe98   COMPRESSED   0x00000010   Data   RW         6425    .data               network.o
    0x2404fea8   COMPRESSED   0x00000010   Data   RW         6426    .data               network.o
    0x2404feb8   COMPRESSED   0x00000010   Data   RW         6427    .data               network.o
    0x2404fec8   COMPRESSED   0x00000010   Data   RW         6428    .data               network.o
    0x2404fed8   COMPRESSED   0x00000010   Data   RW         6429    .data               network.o
    0x2404fee8   COMPRESSED   0x00000010   Data   RW         6430    .data               network.o
    0x2404fef8   COMPRESSED   0x00000010   Data   RW         6431    .data               network.o
    0x2404ff08   COMPRESSED   0x00000010   Data   RW         6432    .data               network.o
    0x2404ff18   COMPRESSED   0x00000010   Data   RW         6433    .data               network.o
    0x2404ff28   COMPRESSED   0x00000010   Data   RW         6434    .data               network.o
    0x2404ff38   COMPRESSED   0x00000010   Data   RW         6435    .data               network.o
    0x2404ff48   COMPRESSED   0x00000010   Data   RW         6436    .data               network.o
    0x2404ff58   COMPRESSED   0x00000010   Data   RW         6437    .data               network.o
    0x2404ff68   COMPRESSED   0x00000010   Data   RW         6438    .data               network.o
    0x2404ff78   COMPRESSED   0x00000010   Data   RW         6439    .data               network.o
    0x2404ff88   COMPRESSED   0x00000010   Data   RW         6440    .data               network.o
    0x2404ff98   COMPRESSED   0x00000010   Data   RW         6441    .data               network.o
    0x2404ffa8   COMPRESSED   0x00000010   Data   RW         6442    .data               network.o
    0x2404ffb8   COMPRESSED   0x00000010   Data   RW         6443    .data               network.o
    0x2404ffc8   COMPRESSED   0x00000004   Data   RW         6444    .data               network.o
    0x2404ffcc   COMPRESSED   0x00000004   Data   RW         6445    .data               network.o
    0x2404ffd0   COMPRESSED   0x00000004   Data   RW         6446    .data               network.o
    0x2404ffd4   COMPRESSED   0x00000004   Data   RW         6447    .data               network.o
    0x2404ffd8   COMPRESSED   0x00000030   Data   RW         6448    .data               network.o
    0x24050008   COMPRESSED   0x00000018   Data   RW         6449    .data               network.o
    0x24050020   COMPRESSED   0x00000008   Data   RW         6450    .data               network.o
    0x24050028   COMPRESSED   0x00000004   Data   RW         6451    .data               network.o
    0x2405002c   COMPRESSED   0x00000004   Data   RW         6452    .data               network.o
    0x24050030   COMPRESSED   0x00000004   Data   RW         6453    .data               network.o
    0x24050034   COMPRESSED   0x00000030   Data   RW         6454    .data               network.o
    0x24050064   COMPRESSED   0x00000004   Data   RW         6455    .data               network.o
    0x24050068   COMPRESSED   0x00000004   Data   RW         6456    .data               network.o
    0x2405006c   COMPRESSED   0x00000004   Data   RW         6457    .data               network.o
    0x24050070   COMPRESSED   0x00000004   Data   RW         6458    .data               network.o
    0x24050074   COMPRESSED   0x00000030   Data   RW         6459    .data               network.o
    0x240500a4   COMPRESSED   0x00000004   Data   RW         6460    .data               network.o
    0x240500a8   COMPRESSED   0x00000004   Data   RW         6461    .data               network.o
    0x240500ac   COMPRESSED   0x00000004   Data   RW         6462    .data               network.o
    0x240500b0   COMPRESSED   0x00000004   Data   RW         6463    .data               network.o
    0x240500b4   COMPRESSED   0x00000030   Data   RW         6464    .data               network.o
    0x240500e4   COMPRESSED   0x00000004   Data   RW         6465    .data               network.o
    0x240500e8   COMPRESSED   0x00000004   Data   RW         6466    .data               network.o
    0x240500ec   COMPRESSED   0x00000004   Data   RW         6467    .data               network.o
    0x240500f0   COMPRESSED   0x00000004   Data   RW         6468    .data               network.o
    0x240500f4   COMPRESSED   0x00000030   Data   RW         6469    .data               network.o
    0x24050124   COMPRESSED   0x000002d0   Data   RW         6470    .data               network.o
    0x240503f4   COMPRESSED   0x0000000c   PAD
    0x24050400   COMPRESSED   0x00000060   Data   RW         6901    .data               app_x-cube-ai.o
    0x24050460   COMPRESSED   0x0000004c   Data   RW         7072    .data               otm8009a.o
    0x240504ac   COMPRESSED   0x0000004c   Data   RW         7266    .data               nt35510.o
    0x240504f8   COMPRESSED   0x00000008   Data   RW         7748    .data               stm32_lcd.o
    0x24050500   COMPRESSED   0x00000008   Data   RW         7749    .data               stm32_lcd.o
    0x24050508        -       0x00000094   Zero   RW           19    .bss                main_1.o
    0x2405059c        -       0x0000000c   Zero   RW         5080    .bss                aitestutility.o
    0x240505a8        -       0x00000058   Zero   RW         5280    .bss                stm32h747i_discovery_qspi.o
    0x24050600        -       0x0000012c   Zero   RW         5392    .bss                stm32h747i_discovery_sdram.o
    0x2405072c        -       0x000001b0   Zero   RW         5774    .bss                stm32h747i_discovery_lcd.o
    0x240508dc        -       0x00000010   Zero   RW         6230    .bss                is42s32800j.o
    0x240508ec        -       0x00000010   Zero   RW         6335    .bss                network.o
    0x240508fc        -       0x00000010   Zero   RW         6336    .bss                network.o
    0x2405090c        -       0x00000010   Zero   RW         6337    .bss                network.o
    0x2405091c   COMPRESSED   0x00000004   PAD
    0x24050920        -       0x00007758   Zero   RW         6896    .bss                app_x-cube-ai.o
    0x24058078        -       0x0000000c   Zero   RW         7070    .bss                otm8009a.o
    0x24058084        -       0x0000000c   Zero   RW         7264    .bss                nt35510.o
    0x24058090        -       0x0000006c   Zero   RW         7741    .bss                stm32_lcd.o
    0x240580fc        -       0x00000060   Zero   RW         9593    .bss                c_w.l(libspace.o)
    0x2405815c   COMPRESSED   0x00000004   PAD
    0x24058160        -       0x00000200   Zero   RW            2    HEAP                startup_stm32h747xx_cm7.o
    0x24058360        -       0x00000400   Zero   RW            1    STACK               startup_stm32h747xx_cm7.o



  Load Region LR_EXTFLASH (Base: 0x90000000, Size: 0x00062ef8, Max: 0x08000000, ABSOLUTE)

    Execution Region ER_EXTFLASH (Exec base: 0x90000000, Load base: 0x90000000, Size: 0x00062ef8, Max: 0x08000000, ABSOLUTE)

    Exec Addr    Load Addr    Size         Type   Attr      Idx    E Section Name        Object

    0x90000000   0x90000000   0x00062ef8   Data   RO         6300    .AI_EXTFLASH        network_data.o


==============================================================================

Image component sizes


      Code (inc. data)   RO Data    RW Data    ZI Data      Debug   Object Name

        36         10          0          0          0        532   ai_device_adaptor.o
       228         22          0          1         12       9260   aitestutility.o
      3928       1268      38424     435368      30552      16904   app_x-cube-ai.o
       288         18          0          0         16       6477   is42s32800j.o
      1082         10          0          0          0       7184   lc_print.o
      1142         66          0          0        148    1610404   main_1.o
       804          0          0          0          0      14261   mt25tl01g.o
      3474        246        884       1656         48      68787   network.o
         0          0     405240          0          0        722   network_data.o
      1216         56        112         76         12      24951   nt35510.o
        28          0          0          0          0       2191   nt35510_reg.o
      2224         66        327         76         12      24116   otm8009a.o
        28          0          0          0          0       2213   otm8009a_reg.o
        72         30        664          0       1536        860   startup_stm32h747xx_cm7.o
       784         56       6840         16        108      15947   stm32_lcd.o
         4          0          0          0          0        626   stm32h747i_discovery_bus.o
      2818        238         44         12        432      48778   stm32h747i_discovery_lcd.o
      1120         56          8          0         88      10593   stm32h747i_discovery_qspi.o
       544         54          0          0        300       3442   stm32h747i_discovery_sdram.o
       248         48          0         12          0      31849   stm32h7xx_hal.o
       354         28          0          0          0      40989   stm32h7xx_hal_cortex.o
      1404         70          0          0          0       3879   stm32h7xx_hal_dma.o
       816         16          0          0          0       6515   stm32h7xx_hal_dma2d.o
      1788         10          0          0          0      11563   stm32h7xx_hal_dsi.o
       590         50          0          0          0       3021   stm32h7xx_hal_gpio.o
        52         12          0          0          0       1247   stm32h7xx_hal_hsem.o
       708          0          0          0          0       4178   stm32h7xx_hal_ltdc.o
       356          6          0          0          0       2746   stm32h7xx_hal_mdma.o
       304         28          0          0          0       1937   stm32h7xx_hal_msp_1.o
       132          4          0          0          0        837   stm32h7xx_hal_pwr_ex.o
      1472         10          0          0          0       9718   stm32h7xx_hal_qspi.o
      2614        120          0          0          0       8092   stm32h7xx_hal_rcc.o
      3788        118          0          0          0       7925   stm32h7xx_hal_rcc_ex.o
       188          4          0          0          0       3512   stm32h7xx_hal_sdram.o
      2772        138         24          0          0      31088   stm32h7xx_hal_uart.o
       290          6         16          0          0       5498   stm32h7xx_hal_uart_ex.o
       492        130          0         24          0       7143   stm32h7xx_it_1.o
       338         12          0          0          0       4356   stm32h7xx_ll_fmc.o
       304         48         16          8          0       2229   system_stm32h7xx_dualcore_boot_cm4_cm7.o
         4          0          0          0          0       1049   user_init.o

    ----------------------------------------------------------------------
     38886       3054     452648     437264      33268    2057619   Object Totals
         0          0         48          0          0          0   (incl. Generated)
        52          0          1         15          4          0   (incl. Padding)

    ----------------------------------------------------------------------

      Code (inc. data)   RO Data    RW Data    ZI Data      Debug   Library Member Name

        74          0          0          0          0        244   ai_datatypes_format.o
       710          6          0          0          0        308   forward_lite_conv2d_if32of32wf32.o
      1612         14        640          0          0        456   layers_generic_float.o
       498          0          0          0          0        276   layers_pool_generic_float.o
       464          8          0          0          0        276   lite_dense_if32.o
        40          4          0          0          0        116   lite_nl_generic_float.o
       132          0          0          0          0        132   st_int8_fill.o
      1100        854          0          0          0        116   stai_debug.o
         4          0          0          0          0        116   stai_internal.o
        90          0          0          0          0          0   __dczerorl2.o
         8          0          0          0          0         68   __main.o
       352          0          0          0          0         88   __printf_ss_wp.o
        14          0          0          0          0         68   __printf_wp.o
         0          0          0          0          0          0   __rtentry.o
        12          0          0          0          0          0   __rtentry2.o
         6          0          0          0          0          0   __rtentry4.o
        52          8          0          0          0          0   __scatter.o
        28          0          0          0          0          0   __scatter_zi.o
        44          0          0          0          0        108   _printf_char.o
        48          6          0          0          0         96   _printf_char_common.o
         6          0          0          0          0          0   _printf_d.o
       120         16          0          0          0         92   _printf_dec.o
         6          0          0          0          0          0   _printf_f.o
      1054          0          0          0          0        216   _printf_fp_dec.o
       128         16          0          0          0         84   _printf_fp_infnan.o
       178          0          0          0          0         88   _printf_intcommon.o
         0          0          0          0          0          0   _printf_percent.o
         4          0          0          0          0          0   _printf_percent_end.o
         6          0          0          0          0          0   _printf_s.o
        82          0          0          0          0         80   _printf_str.o
         6          0          0          0          0          0   _printf_u.o
        22          0          0          0          0        100   _rserrno.o
        16          0          0          0          0         68   _snputc.o
        10          0          0          0          0         68   _sputc.o
       228          4        148          0          0         96   bigflt0.o
      1936        128          0          0          0        672   btod.o
        18          0          0          0          0         80   exit.o
         6          0          0          0          0        152   heapauxi.o
         0          0          0          0          0          0   indicate_semi.o
        44         10         28          0          0         76   lc_numeric_c.o
         2          0          0          0          0          0   libinit.o
        22          0          0          0          0          0   libinit2.o
         2          0          0          0          0          0   libshutdown.o
         2          0          0          0          0          0   libshutdown2.o
         8          4          0          0         96         68   libspace.o
       138          0          0          0          0         80   lludiv10.o
       238          0          0          0          0        100   lludivv7m.o
        52          4          0          0          0         84   noretval__2snprintf.o
         8          4          0          0          0         68   rt_errno_addr_intlibspace.o
         8          4          0          0          0         68   rt_locale_intlibspace.o
        78          0          0          0          0         80   rt_memclr_w.o
       138          0          0          0          0         68   rt_memcpy_v6.o
       100          0          0          0          0         80   rt_memcpy_w.o
         2          0          0          0          0          0   rtexit.o
        10          0          0          0          0          0   rtexit2.o
       104          0          0          0          0         68   strcmpv7m_pel.o
        62          0          0          0          0         76   strlen.o
        12          4          0          0          0         68   sys_exit.o
        74          0          0          0          0         80   sys_stackheap_outer.o
         2          0          0          0          0         68   use_no_semi.o
       120          4          0          0          0        152   dfixull.o
       156          4          0          0          0        140   dnaninf.o
        10          0          0          0          0        116   fpinit.o
         4          0          0          0          0        116   printf1.o
         0          0          0          0          0          0   usenofp.o
       692         98          0          0          0        208   atan2f.o
       500         74         48          0          0        236   expf.o
        48          0          0          0          0        124   fpclassify.o
        38          0          0          0          0        116   fpclassifyf.o
        44         12          0          0          0        464   funder.o

    ----------------------------------------------------------------------
     11854       1286        864          0        100       7068   Library Totals
        22          0          0          0          4          0   (incl. Padding)

    ----------------------------------------------------------------------

      Code (inc. data)   RO Data    RW Data    ZI Data      Debug   Library Name

      4634        886        640          0          0       2040   NetworkRuntime1201_CM7_Keil.lib
      5586        208        176          0         96       3356   c_w.l
       290          8          0          0          0        524   fz_wv.l
      1322        184         48          0          0       1148   m_wv.l

    ----------------------------------------------------------------------
     11854       1286        864          0        100       7068   Library Totals

    ----------------------------------------------------------------------

==============================================================================


      Code (inc. data)   RO Data    RW Data    ZI Data      Debug   

     50740       4340     453512     437264      33368    2034415   Grand Totals
     50740       4340     453512       4144      33368    2034415   ELF Image Totals (compressed)
     50740       4340     453512       4144          0          0   ROM Totals

==============================================================================

    Total RO  Size (Code + RO Data)               504252 ( 492.43kB)
    Total RW  Size (RW Data + ZI Data)            470632 ( 459.60kB)
    Total ROM Size (Code + RO Data + RW Data)     508396 ( 496.48kB)

==============================================================================

