Component: ARM Compiler 5.06 update 7 (build 960) Tool: armlink [4d3601]

==============================================================================

Section Cross References

    startup_stm32h747xx_cm4.o(STACK) refers (Special) to heapauxi.o(.text) for __use_two_region_memory
    startup_stm32h747xx_cm4.o(HEAP) refers (Special) to heapauxi.o(.text) for __use_two_region_memory
    startup_stm32h747xx_cm4.o(RESET) refers (Special) to heapauxi.o(.text) for __use_two_region_memory
    startup_stm32h747xx_cm4.o(RESET) refers to startup_stm32h747xx_cm4.o(STACK) for __initial_sp
    startup_stm32h747xx_cm4.o(RESET) refers to startup_stm32h747xx_cm4.o(.text) for Reset_Handler
    startup_stm32h747xx_cm4.o(RESET) refers to stm32h7xx_it.o(i.NMI_Handler) for NMI_Handler
    startup_stm32h747xx_cm4.o(RESET) refers to stm32h7xx_it.o(i.HardFault_Handler) for HardFault_Handler
    startup_stm32h747xx_cm4.o(RESET) refers to stm32h7xx_it.o(i.MemManage_Handler) for MemManage_Handler
    startup_stm32h747xx_cm4.o(RESET) refers to stm32h7xx_it.o(i.BusFault_Handler) for BusFault_Handler
    startup_stm32h747xx_cm4.o(RESET) refers to stm32h7xx_it.o(i.UsageFault_Handler) for UsageFault_Handler
    startup_stm32h747xx_cm4.o(RESET) refers to stm32h7xx_it.o(i.SVC_Handler) for SVC_Handler
    startup_stm32h747xx_cm4.o(RESET) refers to stm32h7xx_it.o(i.DebugMon_Handler) for DebugMon_Handler
    startup_stm32h747xx_cm4.o(RESET) refers to stm32h7xx_it.o(i.PendSV_Handler) for PendSV_Handler
    startup_stm32h747xx_cm4.o(RESET) refers to stm32h7xx_it.o(i.SysTick_Handler) for SysTick_Handler
    startup_stm32h747xx_cm4.o(.text) refers (Special) to heapauxi.o(.text) for __use_two_region_memory
    startup_stm32h747xx_cm4.o(.text) refers to system_stm32h7xx_dualcore_boot_cm4_cm7.o(i.ExitRun0Mode) for ExitRun0Mode
    startup_stm32h747xx_cm4.o(.text) refers to system_stm32h7xx_dualcore_boot_cm4_cm7.o(i.SystemInit) for SystemInit
    startup_stm32h747xx_cm4.o(.text) refers to __main.o(!!!main) for __main
    startup_stm32h747xx_cm4.o(.text) refers to startup_stm32h747xx_cm4.o(HEAP) for Heap_Mem
    startup_stm32h747xx_cm4.o(.text) refers to startup_stm32h747xx_cm4.o(STACK) for Stack_Mem
    main.o(i.MX_ADC1_Init) refers to rt_memclr_w.o(.text) for __aeabi_memclr4
    main.o(i.MX_ADC1_Init) refers to stm32h7xx_hal_adc.o(i.HAL_ADC_Init) for HAL_ADC_Init
    main.o(i.MX_ADC1_Init) refers to stm32h7xx_hal_adc_ex.o(i.HAL_ADCEx_MultiModeConfigChannel) for HAL_ADCEx_MultiModeConfigChannel
    main.o(i.MX_ADC1_Init) refers to stm32h7xx_hal_adc.o(i.HAL_ADC_ConfigChannel) for HAL_ADC_ConfigChannel
    main.o(i.MX_ADC1_Init) refers to main.o(.bss) for .bss
    main.o(i.main) refers to stm32h7xx_hal_hsem.o(i.HAL_HSEM_ActivateNotification) for HAL_HSEM_ActivateNotification
    main.o(i.main) refers to stm32h7xx_hal_pwr_ex.o(i.HAL_PWREx_ClearPendingEvent) for HAL_PWREx_ClearPendingEvent
    main.o(i.main) refers to stm32h7xx_hal_pwr_ex.o(i.HAL_PWREx_EnterSTOPMode) for HAL_PWREx_EnterSTOPMode
    main.o(i.main) refers to stm32h7xx_hal.o(i.HAL_Init) for HAL_Init
    main.o(i.main) refers to main.o(i.MX_ADC1_Init) for MX_ADC1_Init
    stm32h7xx_it.o(i.SysTick_Handler) refers to stm32h7xx_hal.o(i.HAL_IncTick) for HAL_IncTick
    stm32h7xx_hal_msp.o(i.HAL_ADC_MspInit) refers to rt_memclr_w.o(.text) for __aeabi_memclr4
    stm32h7xx_hal_msp.o(i.HAL_ADC_MspInit) refers to stm32h7xx_hal_rcc_ex.o(i.HAL_RCCEx_PeriphCLKConfig) for HAL_RCCEx_PeriphCLKConfig
    stm32h7xx_hal_msp.o(i.HAL_ADC_MspInit) refers to main.o(i.Error_Handler) for Error_Handler
    stm32h7xx_hal_msp.o(i.HAL_ADC_MspInit) refers to stm32h7xx_hal.o(i.HAL_SYSCFG_AnalogSwitchConfig) for HAL_SYSCFG_AnalogSwitchConfig
    stm32h7xx_hal_cortex.o(i.HAL_NVIC_SetPriority) refers to stm32h7xx_hal_cortex.o(i.__NVIC_SetPriority) for __NVIC_SetPriority
    stm32h7xx_hal_cortex.o(i.HAL_SYSTICK_Config) refers to stm32h7xx_hal_cortex.o(i.__NVIC_SetPriority) for __NVIC_SetPriority
    stm32h7xx_hal_cortex.o(i.HAL_SYSTICK_IRQHandler) refers to stm32h7xx_hal_cortex.o(i.HAL_SYSTICK_Callback) for HAL_SYSTICK_Callback
    stm32h7xx_hal_rcc.o(i.HAL_RCC_ClockConfig) refers to stm32h7xx_hal.o(i.HAL_GetTick) for HAL_GetTick
    stm32h7xx_hal_rcc.o(i.HAL_RCC_ClockConfig) refers to stm32h7xx_hal_rcc.o(i.HAL_RCC_GetSysClockFreq) for HAL_RCC_GetSysClockFreq
    stm32h7xx_hal_rcc.o(i.HAL_RCC_ClockConfig) refers to stm32h7xx_hal.o(i.HAL_InitTick) for HAL_InitTick
    stm32h7xx_hal_rcc.o(i.HAL_RCC_ClockConfig) refers to system_stm32h7xx_dualcore_boot_cm4_cm7.o(.constdata) for D1CorePrescTable
    stm32h7xx_hal_rcc.o(i.HAL_RCC_ClockConfig) refers to system_stm32h7xx_dualcore_boot_cm4_cm7.o(.data) for SystemD2Clock
    stm32h7xx_hal_rcc.o(i.HAL_RCC_ClockConfig) refers to stm32h7xx_hal.o(.data) for uwTickPrio
    stm32h7xx_hal_rcc.o(i.HAL_RCC_DeInit) refers to stm32h7xx_hal.o(i.HAL_GetTick) for HAL_GetTick
    stm32h7xx_hal_rcc.o(i.HAL_RCC_DeInit) refers to stm32h7xx_hal.o(i.HAL_InitTick) for HAL_InitTick
[...]
    Removing stm32h7xx_hal_pwr_ex.o(i.HAL_PWREx_PVD_AVD_IRQHandler), (176 bytes).
    Removing stm32h7xx_hal_pwr_ex.o(i.HAL_PWREx_ReleaseCore), (28 bytes).
    Removing stm32h7xx_hal_pwr_ex.o(i.HAL_PWREx_WAKEUP_PIN_IRQHandler), (124 bytes).
    Removing stm32h7xx_hal_pwr_ex.o(i.HAL_PWREx_WKUP1_Callback), (2 bytes).
    Removing stm32h7xx_hal_pwr_ex.o(i.HAL_PWREx_WKUP2_Callback), (2 bytes).
    Removing stm32h7xx_hal_pwr_ex.o(i.HAL_PWREx_WKUP3_Callback), (2 bytes).
    Removing stm32h7xx_hal_pwr_ex.o(i.HAL_PWREx_WKUP4_Callback), (2 bytes).
    Removing stm32h7xx_hal_pwr_ex.o(i.HAL_PWREx_WKUP5_Callback), (2 bytes).
    Removing stm32h7xx_hal_pwr_ex.o(i.HAL_PWREx_WKUP6_Callback), (2 bytes).
    Removing stm32h7xx_hal.o(.rev16_text), (4 bytes).
    Removing stm32h7xx_hal.o(.revsh_text), (4 bytes).
    Removing stm32h7xx_hal.o(.rrx_text), (6 bytes).
    Removing stm32h7xx_hal.o(i.HAL_DBGMCU_DisableDBGSleepMode), (16 bytes).
    Removing stm32h7xx_hal.o(i.HAL_DBGMCU_DisableDBGStandbyMode), (16 bytes).
    Removing stm32h7xx_hal.o(i.HAL_DBGMCU_DisableDBGStopMode), (16 bytes).
    Removing stm32h7xx_hal.o(i.HAL_DBGMCU_EnableDBGSleepMode), (16 bytes).
    Removing stm32h7xx_hal.o(i.HAL_DBGMCU_EnableDBGStandbyMode), (16 bytes).
    Removing stm32h7xx_hal.o(i.HAL_DBGMCU_EnableDBGStopMode), (16 bytes).
    Removing stm32h7xx_hal.o(i.HAL_DeInit), (116 bytes).
    Removing stm32h7xx_hal.o(i.HAL_Delay), (36 bytes).
    Removing stm32h7xx_hal.o(i.HAL_DisableCompensationCell), (16 bytes).
    Removing stm32h7xx_hal.o(i.HAL_DisableDomain2DBGSleepMode), (16 bytes).
    Removing stm32h7xx_hal.o(i.HAL_DisableDomain2DBGStandbyMode), (16 bytes).
    Removing stm32h7xx_hal.o(i.HAL_DisableDomain2DBGStopMode), (16 bytes).
    Removing stm32h7xx_hal.o(i.HAL_EXTI_D1_ClearFlag), (22 bytes).
    Removing stm32h7xx_hal.o(i.HAL_EXTI_D1_EventInputConfig), (68 bytes).
    Removing stm32h7xx_hal.o(i.HAL_EXTI_D2_ClearFlag), (22 bytes).
    Removing stm32h7xx_hal.o(i.HAL_EXTI_D2_EventInputConfig), (68 bytes).
    Removing stm32h7xx_hal.o(i.HAL_EXTI_D3_EventInputConfig), (68 bytes).
    Removing stm32h7xx_hal.o(i.HAL_EXTI_EdgeConfig), (52 bytes).
    Removing stm32h7xx_hal.o(i.HAL_EXTI_GenerateSWInterrupt), (24 bytes).
    Removing stm32h7xx_hal.o(i.HAL_EnableCompensationCell), (16 bytes).
    Removing stm32h7xx_hal.o(i.HAL_EnableDomain2DBGSleepMode), (16 bytes).
    Removing stm32h7xx_hal.o(i.HAL_EnableDomain2DBGStandbyMode), (16 bytes).
    Removing stm32h7xx_hal.o(i.HAL_EnableDomain2DBGStopMode), (16 bytes).
    Removing stm32h7xx_hal.o(i.HAL_GetDEVID), (16 bytes).
    Removing stm32h7xx_hal.o(i.HAL_GetFMCMemorySwappingConfig), (16 bytes).
    Removing stm32h7xx_hal.o(i.HAL_GetHalVersion), (8 bytes).
    Removing stm32h7xx_hal.o(i.HAL_GetTickFreq), (12 bytes).
    Removing stm32h7xx_hal.o(i.HAL_GetTickPrio), (12 bytes).
    Removing stm32h7xx_hal.o(i.HAL_GetUIDw0), (12 bytes).
    Removing stm32h7xx_hal.o(i.HAL_GetUIDw1), (12 bytes).
    Removing stm32h7xx_hal.o(i.HAL_GetUIDw2), (12 bytes).
    Removing stm32h7xx_hal.o(i.HAL_MspDeInit), (2 bytes).
    Removing stm32h7xx_hal.o(i.HAL_MspInit), (2 bytes).
    Removing stm32h7xx_hal.o(i.HAL_ResumeTick), (14 bytes).
    Removing stm32h7xx_hal.o(i.HAL_SYSCFG_CM4BootAddConfig), (36 bytes).
    Removing stm32h7xx_hal.o(i.HAL_SYSCFG_CM7BootAddConfig), (36 bytes).
    Removing stm32h7xx_hal.o(i.HAL_SYSCFG_CompensationCodeConfig), (24 bytes).
    Removing stm32h7xx_hal.o(i.HAL_SYSCFG_CompensationCodeSelect), (20 bytes).
    Removing stm32h7xx_hal.o(i.HAL_SYSCFG_DisableBOOST), (16 bytes).
    Removing stm32h7xx_hal.o(i.HAL_SYSCFG_DisableCM4BOOT), (16 bytes).
    Removing stm32h7xx_hal.o(i.HAL_SYSCFG_DisableCM7BOOT), (16 bytes).
    Removing stm32h7xx_hal.o(i.HAL_SYSCFG_DisableIOSpeedOptimize), (16 bytes).
    Removing stm32h7xx_hal.o(i.HAL_SYSCFG_DisableVREFBUF), (16 bytes).
    Removing stm32h7xx_hal.o(i.HAL_SYSCFG_ETHInterfaceSelect), (20 bytes).
    Removing stm32h7xx_hal.o(i.HAL_SYSCFG_EnableBOOST), (16 bytes).
    Removing stm32h7xx_hal.o(i.HAL_SYSCFG_EnableCM4BOOT), (16 bytes).
    Removing stm32h7xx_hal.o(i.HAL_SYSCFG_EnableCM7BOOT), (16 bytes).
    Removing stm32h7xx_hal.o(i.HAL_SYSCFG_EnableIOSpeedOptimize), (16 bytes).
    Removing stm32h7xx_hal.o(i.HAL_SYSCFG_EnableVREFBUF), (48 bytes).
    Removing stm32h7xx_hal.o(i.HAL_SYSCFG_VREFBUF_HighImpedanceConfig), (20 bytes).
    Removing stm32h7xx_hal.o(i.HAL_SYSCFG_VREFBUF_TrimmingConfig), (20 bytes).
    Removing stm32h7xx_hal.o(i.HAL_SYSCFG_VREFBUF_VoltageScalingConfig), (20 bytes).
    Removing stm32h7xx_hal.o(i.HAL_SetFMCMemorySwappingConfig), (20 bytes).
    Removing stm32h7xx_hal.o(i.HAL_SetTickFreq), (36 bytes).
    Removing stm32h7xx_hal.o(i.HAL_SuspendTick), (14 bytes).
    Removing stm32h7xx_hal_i2c.o(.rev16_text), (4 bytes).
    Removing stm32h7xx_hal_i2c.o(.revsh_text), (4 bytes).
    Removing stm32h7xx_hal_i2c.o(.rrx_text), (6 bytes).
    Removing stm32h7xx_hal_i2c.o(i.HAL_I2C_AbortCpltCallback), (2 bytes).
    Removing stm32h7xx_hal_i2c.o(i.HAL_I2C_AddrCallback), (2 bytes).
    Removing stm32h7xx_hal_i2c.o(i.HAL_I2C_DeInit), (50 bytes).
    Removing stm32h7xx_hal_i2c.o(i.HAL_I2C_DisableListen_IT), (56 bytes).
    Removing stm32h7xx_hal_i2c.o(i.HAL_I2C_ER_IRQHandler), (104 bytes).
    Removing stm32h7xx_hal_i2c.o(i.HAL_I2C_EV_IRQHandler), (16 bytes).
    Removing stm32h7xx_hal_i2c.o(i.HAL_I2C_EnableListen_IT), (40 bytes).
    Removing stm32h7xx_hal_i2c.o(i.HAL_I2C_ErrorCallback), (2 bytes).
    Removing stm32h7xx_hal_i2c.o(i.HAL_I2C_GetError), (4 bytes).
    Removing stm32h7xx_hal_i2c.o(i.HAL_I2C_GetMode), (6 bytes).
    Removing stm32h7xx_hal_i2c.o(i.HAL_I2C_GetState), (6 bytes).
    Removing stm32h7xx_hal_i2c.o(i.HAL_I2C_Init), (188 bytes).
    Removing stm32h7xx_hal_i2c.o(i.HAL_I2C_IsDeviceReady), (276 bytes).
    Removing stm32h7xx_hal_i2c.o(i.HAL_I2C_ListenCpltCallback), (2 bytes).
    Removing stm32h7xx_hal_i2c.o(i.HAL_I2C_MasterRxCpltCallback), (2 bytes).
    Removing stm32h7xx_hal_i2c.o(i.HAL_I2C_MasterTxCpltCallback), (2 bytes).
    Removing stm32h7xx_hal_i2c.o(i.HAL_I2C_Master_Abort_IT), (128 bytes).
    Removing stm32h7xx_hal_i2c.o(i.HAL_I2C_Master_Receive), (292 bytes).
    Removing stm32h7xx_hal_i2c.o(i.HAL_I2C_Master_Receive_DMA), (304 bytes).
    Removing stm32h7xx_hal_i2c.o(i.HAL_I2C_Master_Receive_IT), (136 bytes).
    Removing stm32h7xx_hal_i2c.o(i.HAL_I2C_Master_Seq_Receive_DMA), (336 bytes).
    Removing stm32h7xx_hal_i2c.o(i.HAL_I2C_Master_Seq_Receive_IT), (164 bytes).
    Removing stm32h7xx_hal_i2c.o(i.HAL_I2C_Master_Seq_Transmit_DMA), (400 bytes).
    Removing stm32h7xx_hal_i2c.o(i.HAL_I2C_Master_Seq_Transmit_IT), (224 bytes).
    Removing stm32h7xx_hal_i2c.o(i.HAL_I2C_Master_Transmit), (332 bytes).
    Removing stm32h7xx_hal_i2c.o(i.HAL_I2C_Master_Transmit_DMA), (340 bytes).
    Removing stm32h7xx_hal_i2c.o(i.HAL_I2C_Master_Transmit_IT), (164 bytes).
    Removing stm32h7xx_hal_i2c.o(i.HAL_I2C_MemRxCpltCallback), (2 bytes).
    Removing stm32h7xx_hal_i2c.o(i.HAL_I2C_MemTxCpltCallback), (2 bytes).
    Removing stm32h7xx_hal_i2c.o(i.HAL_I2C_Mem_Read), (356 bytes).
    Removing stm32h7xx_hal_i2c.o(i.HAL_I2C_Mem_Read_DMA), (268 bytes).
    Removing stm32h7xx_hal_i2c.o(i.HAL_I2C_Mem_Read_IT), (152 bytes).
    Removing stm32h7xx_hal_i2c.o(i.HAL_I2C_Mem_Write), (344 bytes).
    Removing stm32h7xx_hal_i2c.o(i.HAL_I2C_Mem_Write_DMA), (268 bytes).
    Removing stm32h7xx_hal_i2c.o(i.HAL_I2C_Mem_Write_IT), (156 bytes).
    Removing stm32h7xx_hal_i2c.o(i.HAL_I2C_MspDeInit), (2 bytes).
    Removing stm32h7xx_hal_i2c.o(i.HAL_I2C_MspInit), (2 bytes).
    Removing stm32h7xx_hal_i2c.o(i.HAL_I2C_SlaveRxCpltCallback), (2 bytes).
    Removing stm32h7xx_hal_i2c.o(i.HAL_I2C_SlaveTxCpltCallback), (2 bytes).
    Removing stm32h7xx_hal_i2c.o(i.HAL_I2C_Slave_Receive), (314 bytes).
    Removing stm32h7xx_hal_i2c.o(i.HAL_I2C_Slave_Receive_DMA), (224 bytes).
    Removing stm32h7xx_hal_i2c.o(i.HAL_I2C_Slave_Receive_IT), (96 bytes).
    Removing stm32h7xx_hal_i2c.o(i.HAL_I2C_Slave_Seq_Receive_DMA), (372 bytes).
    Removing stm32h7xx_hal_i2c.o(i.HAL_I2C_Slave_Seq_Receive_IT), (208 bytes).
    Removing stm32h7xx_hal_i2c.o(i.HAL_I2C_Slave_Seq_Transmit_DMA), (372 bytes).
    Removing stm32h7xx_hal_i2c.o(i.HAL_I2C_Slave_Seq_Transmit_IT), (208 bytes).
    Removing stm32h7xx_hal_i2c.o(i.HAL_I2C_Slave_Transmit), (382 bytes).
    Removing stm32h7xx_hal_i2c.o(i.HAL_I2C_Slave_Transmit_DMA), (288 bytes).
    Removing stm32h7xx_hal_i2c.o(i.HAL_I2C_Slave_Transmit_IT), (128 bytes).
    Removing stm32h7xx_hal_i2c.o(i.I2C_ConvertOtherXferOptions), (26 bytes).
    Removing stm32h7xx_hal_i2c.o(i.I2C_DMAAbort), (20 bytes).
    Removing stm32h7xx_hal_i2c.o(i.I2C_DMAError), (332 bytes).
    Removing stm32h7xx_hal_i2c.o(i.I2C_DMAMasterReceiveCplt), (82 bytes).
    Removing stm32h7xx_hal_i2c.o(i.I2C_DMAMasterTransmitCplt), (82 bytes).
    Removing stm32h7xx_hal_i2c.o(i.I2C_DMASlaveReceiveCplt), (164 bytes).
    Removing stm32h7xx_hal_i2c.o(i.I2C_DMASlaveTransmitCplt), (30 bytes).
    Removing stm32h7xx_hal_i2c.o(i.I2C_Disable_IRQ), (94 bytes).
    Removing stm32h7xx_hal_i2c.o(i.I2C_Enable_IRQ), (136 bytes).
    Removing stm32h7xx_hal_i2c.o(i.I2C_Flush_TXDR), (34 bytes).
    Removing stm32h7xx_hal_i2c.o(i.I2C_ITAddrCplt), (140 bytes).
    Removing stm32h7xx_hal_i2c.o(i.I2C_ITError), (284 bytes).
    Removing stm32h7xx_hal_i2c.o(i.I2C_ITListenCplt), (100 bytes).
    Removing stm32h7xx_hal_i2c.o(i.I2C_ITMasterCplt), (240 bytes).
    Removing stm32h7xx_hal_i2c.o(i.I2C_ITMasterSeqCplt), (76 bytes).
    Removing stm32h7xx_hal_i2c.o(i.I2C_ITSlaveCplt), (592 bytes).
    Removing stm32h7xx_hal_i2c.o(i.I2C_ITSlaveSeqCplt), (114 bytes).
    Removing stm32h7xx_hal_i2c.o(i.I2C_IsErrorOccurred), (268 bytes).
    Removing stm32h7xx_hal_i2c.o(i.I2C_Master_ISR_DMA), (272 bytes).
    Removing stm32h7xx_hal_i2c.o(i.I2C_Master_ISR_IT), (304 bytes).
    Removing stm32h7xx_hal_i2c.o(i.I2C_Mem_ISR_DMA), (312 bytes).
    Removing stm32h7xx_hal_i2c.o(i.I2C_Mem_ISR_IT), (328 bytes).
    Removing stm32h7xx_hal_i2c.o(i.I2C_RequestMemoryRead), (100 bytes).
    Removing stm32h7xx_hal_i2c.o(i.I2C_RequestMemoryWrite), (100 bytes).
    Removing stm32h7xx_hal_i2c.o(i.I2C_Slave_ISR_DMA), (524 bytes).
    Removing stm32h7xx_hal_i2c.o(i.I2C_Slave_ISR_IT), (280 bytes).
    Removing stm32h7xx_hal_i2c.o(i.I2C_TransferConfig), (48 bytes).
    Removing stm32h7xx_hal_i2c.o(i.I2C_TreatErrorCallback), (42 bytes).
    Removing stm32h7xx_hal_i2c.o(i.I2C_WaitOnFlagUntilTimeout), (122 bytes).
    Removing stm32h7xx_hal_i2c.o(i.I2C_WaitOnRXNEFlagUntilTimeout), (168 bytes).
    Removing stm32h7xx_hal_i2c.o(i.I2C_WaitOnSTOPFlagUntilTimeout), (86 bytes).
    Removing stm32h7xx_hal_i2c.o(i.I2C_WaitOnTXISFlagUntilTimeout), (90 bytes).
    Removing stm32h7xx_hal_i2c_ex.o(.rev16_text), (4 bytes).
    Removing stm32h7xx_hal_i2c_ex.o(.revsh_text), (4 bytes).
    Removing stm32h7xx_hal_i2c_ex.o(.rrx_text), (6 bytes).
    Removing stm32h7xx_hal_i2c_ex.o(i.HAL_I2CEx_ConfigAnalogFilter), (86 bytes).
    Removing stm32h7xx_hal_i2c_ex.o(i.HAL_I2CEx_ConfigDigitalFilter), (82 bytes).
    Removing stm32h7xx_hal_i2c_ex.o(i.HAL_I2CEx_DisableFastModePlus), (40 bytes).
    Removing stm32h7xx_hal_i2c_ex.o(i.HAL_I2CEx_DisableWakeUp), (78 bytes).
    Removing stm32h7xx_hal_i2c_ex.o(i.HAL_I2CEx_EnableFastModePlus), (40 bytes).
    Removing stm32h7xx_hal_i2c_ex.o(i.HAL_I2CEx_EnableWakeUp), (78 bytes).
    Removing stm32h7xx_hal_exti.o(.rev16_text), (4 bytes).
    Removing stm32h7xx_hal_exti.o(.revsh_text), (4 bytes).
    Removing stm32h7xx_hal_exti.o(.rrx_text), (6 bytes).
    Removing stm32h7xx_hal_exti.o(i.HAL_EXTI_ClearConfigLine), (232 bytes).
    Removing stm32h7xx_hal_exti.o(i.HAL_EXTI_ClearPending), (48 bytes).
    Removing stm32h7xx_hal_exti.o(i.HAL_EXTI_GenerateSWI), (28 bytes).
    Removing stm32h7xx_hal_exti.o(i.HAL_EXTI_GetConfigLine), (280 bytes).
    Removing stm32h7xx_hal_exti.o(i.HAL_EXTI_GetHandle), (12 bytes).
    Removing stm32h7xx_hal_exti.o(i.HAL_EXTI_GetPending), (52 bytes).
    Removing stm32h7xx_hal_exti.o(i.HAL_EXTI_IRQHandler), (64 bytes).
    Removing stm32h7xx_hal_exti.o(i.HAL_EXTI_RegisterCallback), (18 bytes).
    Removing stm32h7xx_hal_exti.o(i.HAL_EXTI_SetConfigLine), (316 bytes).
    Removing stm32h7xx_hal_adc.o(.rev16_text), (4 bytes).
    Removing stm32h7xx_hal_adc.o(.revsh_text), (4 bytes).
    Removing stm32h7xx_hal_adc.o(.rrx_text), (6 bytes).
    Removing stm32h7xx_hal_adc.o(i.ADC_ConversionStop), (228 bytes).
    Removing stm32h7xx_hal_adc.o(i.ADC_DMAConvCplt), (104 bytes).
    Removing stm32h7xx_hal_adc.o(i.ADC_DMAError), (26 bytes).
    Removing stm32h7xx_hal_adc.o(i.ADC_DMAHalfConvCplt), (10 bytes).
    Removing stm32h7xx_hal_adc.o(i.ADC_Disable), (112 bytes).
    Removing stm32h7xx_hal_adc.o(i.ADC_Enable), (168 bytes).
    Removing stm32h7xx_hal_adc.o(i.HAL_ADC_AnalogWDGConfig), (728 bytes).
    Removing stm32h7xx_hal_adc.o(i.HAL_ADC_ConvCpltCallback), (2 bytes).
    Removing stm32h7xx_hal_adc.o(i.HAL_ADC_ConvHalfCpltCallback), (2 bytes).
    Removing stm32h7xx_hal_adc.o(i.HAL_ADC_DeInit), (468 bytes).
    Removing stm32h7xx_hal_adc.o(i.HAL_ADC_ErrorCallback), (2 bytes).
    Removing stm32h7xx_hal_adc.o(i.HAL_ADC_GetError), (4 bytes).
    Removing stm32h7xx_hal_adc.o(i.HAL_ADC_GetState), (4 bytes).
    Removing stm32h7xx_hal_adc.o(i.HAL_ADC_GetValue), (6 bytes).
    Removing stm32h7xx_hal_adc.o(i.HAL_ADC_IRQHandler), (656 bytes).
    Removing stm32h7xx_hal_adc.o(i.HAL_ADC_LevelOutOfWindowCallback), (2 bytes).
    Removing stm32h7xx_hal_adc.o(i.HAL_ADC_MspDeInit), (2 bytes).
    Removing stm32h7xx_hal_adc.o(i.HAL_ADC_MspInit), (2 bytes).
    Removing stm32h7xx_hal_adc.o(i.HAL_ADC_PollForConversion), (292 bytes).
    Removing stm32h7xx_hal_adc.o(i.HAL_ADC_PollForEvent), (200 bytes).
    Removing stm32h7xx_hal_adc.o(i.HAL_ADC_Start), (260 bytes).
    Removing stm32h7xx_hal_adc.o(i.HAL_ADC_Start_DMA), (260 bytes).
    Removing stm32h7xx_hal_adc.o(i.HAL_ADC_Start_IT), (388 bytes).
    Removing stm32h7xx_hal_adc.o(i.HAL_ADC_Stop), (62 bytes).
    Removing stm32h7xx_hal_adc.o(i.HAL_ADC_Stop_DMA), (122 bytes).
    Removing stm32h7xx_hal_adc.o(i.HAL_ADC_Stop_IT), (72 bytes).
    Removing stm32h7xx_hal_adc.o(i.LL_ADC_REG_IsTriggerSourceSWStart), (16 bytes).
    Removing stm32h7xx_hal_adc.o(i.LL_ADC_SetAnalogWDMonitChannels), (44 bytes).
    Removing stm32h7xx_hal_adc_ex.o(.rev16_text), (4 bytes).
    Removing stm32h7xx_hal_adc_ex.o(.revsh_text), (4 bytes).
    Removing stm32h7xx_hal_adc_ex.o(.rrx_text), (6 bytes).
    Removing stm32h7xx_hal_adc_ex.o(i.HAL_ADCEx_Calibration_GetValue), (22 bytes).
    Removing stm32h7xx_hal_adc_ex.o(i.HAL_ADCEx_Calibration_SetValue), (122 bytes).
    Removing stm32h7xx_hal_adc_ex.o(i.HAL_ADCEx_Calibration_Start), (156 bytes).
    Removing stm32h7xx_hal_adc_ex.o(i.HAL_ADCEx_DisableInjectedQueue), (48 bytes).
    Removing stm32h7xx_hal_adc_ex.o(i.HAL_ADCEx_DisableVoltageRegulator), (32 bytes).
    Removing stm32h7xx_hal_adc_ex.o(i.HAL_ADCEx_EnableInjectedQueue), (48 bytes).
    Removing stm32h7xx_hal_adc_ex.o(i.HAL_ADCEx_EndOfSamplingCallback), (2 bytes).
    Removing stm32h7xx_hal_adc_ex.o(i.HAL_ADCEx_EnterADCDeepPowerDownMode), (36 bytes).
    Removing stm32h7xx_hal_adc_ex.o(i.HAL_ADCEx_InjectedConfigChannel), (1472 bytes).
    Removing stm32h7xx_hal_adc_ex.o(i.HAL_ADCEx_InjectedConvCpltCallback), (2 bytes).
    Removing stm32h7xx_hal_adc_ex.o(i.HAL_ADCEx_InjectedGetValue), (46 bytes).
    Removing stm32h7xx_hal_adc_ex.o(i.HAL_ADCEx_InjectedPollForConversion), (272 bytes).
    Removing stm32h7xx_hal_adc_ex.o(i.HAL_ADCEx_InjectedQueueOverflowCallback), (2 bytes).
    Removing stm32h7xx_hal_adc_ex.o(i.HAL_ADCEx_InjectedStart), (252 bytes).
    Removing stm32h7xx_hal_adc_ex.o(i.HAL_ADCEx_InjectedStart_IT), (308 bytes).
    Removing stm32h7xx_hal_adc_ex.o(i.HAL_ADCEx_InjectedStop), (84 bytes).
    Removing stm32h7xx_hal_adc_ex.o(i.HAL_ADCEx_InjectedStop_IT), (94 bytes).
    Removing stm32h7xx_hal_adc_ex.o(i.HAL_ADCEx_LevelOutOfWindow2Callback), (2 bytes).
    Removing stm32h7xx_hal_adc_ex.o(i.HAL_ADCEx_LevelOutOfWindow3Callback), (2 bytes).
    Removing stm32h7xx_hal_adc_ex.o(i.HAL_ADCEx_LinearCalibration_FactorLoad), (84 bytes).
    Removing stm32h7xx_hal_adc_ex.o(i.HAL_ADCEx_LinearCalibration_GetValue), (156 bytes).
    Removing stm32h7xx_hal_adc_ex.o(i.HAL_ADCEx_LinearCalibration_SetValue), (248 bytes).
    Removing stm32h7xx_hal_adc_ex.o(i.HAL_ADCEx_MultiModeGetValue), (40 bytes).
    Removing stm32h7xx_hal_adc_ex.o(i.HAL_ADCEx_MultiModeStart_DMA), (280 bytes).
    Removing stm32h7xx_hal_adc_ex.o(i.HAL_ADCEx_MultiModeStop_DMA), (236 bytes).
    Removing stm32h7xx_hal_adc_ex.o(i.HAL_ADCEx_RegularMultiModeStop_DMA), (256 bytes).
    Removing stm32h7xx_hal_adc_ex.o(i.HAL_ADCEx_RegularStop), (92 bytes).
    Removing stm32h7xx_hal_adc_ex.o(i.HAL_ADCEx_RegularStop_DMA), (138 bytes).
    Removing stm32h7xx_hal_adc_ex.o(i.HAL_ADCEx_RegularStop_IT), (102 bytes).
    Removing stm32h7xx_hal_adc_ex.o(i.LL_ADC_GetOffsetChannel), (12 bytes).
    Removing stm32h7xx_hal_adc_ex.o(i.LL_ADC_INJ_IsConversionOngoing), (8 bytes).
    Removing stm32h7xx_hal_adc_ex.o(i.LL_ADC_SetCalibrationLinearFactor), (48 bytes).
    Removing stm32h7xx_hal_adc_ex.o(i.LL_ADC_SetOffset), (22 bytes).
    Removing system_stm32h7xx_dualcore_boot_cm4_cm7.o(.rev16_text), (4 bytes).
    Removing system_stm32h7xx_dualcore_boot_cm4_cm7.o(.revsh_text), (4 bytes).
    Removing system_stm32h7xx_dualcore_boot_cm4_cm7.o(.rrx_text), (6 bytes).
    Removing system_stm32h7xx_dualcore_boot_cm4_cm7.o(i.SystemCoreClockUpdate), (312 bytes).

488 unused section(s) (total 50760 bytes) removed from the image.

==============================================================================

Image Symbol Table

    Local Symbols

    Symbol Name                              Value     Ov Type        Size  Object(Section)

    ../CM4/Core/Src/main.c                   0x00000000   Number         0  main.o ABSOLUTE
    ../CM4/Core/Src/stm32h7xx_hal_msp.c      0x00000000   Number         0  stm32h7xx_hal_msp.o ABSOLUTE
    ../CM4/Core/Src/stm32h7xx_it.c           0x00000000   Number         0  stm32h7xx_it.o ABSOLUTE
    ../Common/Src/system_stm32h7xx_dualcore_boot_cm4_cm7.c 0x00000000   Number         0  system_stm32h7xx_dualcore_boot_cm4_cm7.o ABSOLUTE
    ../Drivers/STM32H7xx_HAL_Driver/Src/stm32h7xx_hal.c 0x00000000   Number         0  stm32h7xx_hal.o ABSOLUTE
    ../Drivers/STM32H7xx_HAL_Driver/Src/stm32h7xx_hal_adc.c 0x00000000   Number         0  stm32h7xx_hal_adc.o ABSOLUTE
    ../Drivers/STM32H7xx_HAL_Driver/Src/stm32h7xx_hal_adc_ex.c 0x00000000   Number         0  stm32h7xx_hal_adc_ex.o ABSOLUTE
    ../Drivers/STM32H7xx_HAL_Driver/Src/stm32h7xx_hal_cortex.c 0x00000000   Number         0  stm32h7xx_hal_cortex.o ABSOLUTE
    ../Drivers/STM32H7xx_HAL_Driver/Src/stm32h7xx_hal_dma.c 0x00000000   Number         0  stm32h7xx_hal_dma.o ABSOLUTE
    ../Drivers/STM32H7xx_HAL_Driver/Src/stm32h7xx_hal_dma_ex.c 0x00000000   Number         0  stm32h7xx_hal_dma_ex.o ABSOLUTE
    ../Drivers/STM32H7xx_HAL_Driver/Src/stm32h7xx_hal_exti.c 0x00000000   Number         0  stm32h7xx_hal_exti.o ABSOLUTE
    ../Drivers/STM32H7xx_HAL_Driver/Src/stm32h7xx_hal_flash.c 0x00000000   Number         0  stm32h7xx_hal_flash.o ABSOLUTE
    ../Drivers/STM32H7xx_HAL_Driver/Src/stm32h7xx_hal_flash_ex.c 0x00000000   Number         0  stm32h7xx_hal_flash_ex.o ABSOLUTE
    ../Drivers/STM32H7xx_HAL_Driver/Src/stm32h7xx_hal_gpio.c 0x00000000   Number         0  stm32h7xx_hal_gpio.o ABSOLUTE
    ../Drivers/STM32H7xx_HAL_Driver/Src/stm32h7xx_hal_hsem.c 0x00000000   Number         0  stm32h7xx_hal_hsem.o ABSOLUTE
    ../Drivers/STM32H7xx_HAL_Driver/Src/stm32h7xx_hal_i2c.c 0x00000000   Number         0  stm32h7xx_hal_i2c.o ABSOLUTE
    ../Drivers/STM32H7xx_HAL_Driver/Src/stm32h7xx_hal_i2c_ex.c 0x00000000   Number         0  stm32h7xx_hal_i2c_ex.o ABSOLUTE
    ../Drivers/STM32H7xx_HAL_Driver/Src/stm32h7xx_hal_mdma.c 0x00000000   Number         0  stm32h7xx_hal_mdma.o ABSOLUTE
    ../Drivers/STM32H7xx_HAL_Driver/Src/stm32h7xx_hal_pwr.c 0x00000000   Number         0  stm32h7xx_hal_pwr.o ABSOLUTE
    ../Drivers/STM32H7xx_HAL_Driver/Src/stm32h7xx_hal_pwr_ex.c 0x00000000   Number         0  stm32h7xx_hal_pwr_ex.o ABSOLUTE
    ../Drivers/STM32H7xx_HAL_Driver/Src/stm32h7xx_hal_rcc.c 0x00000000   Number         0  stm32h7xx_hal_rcc.o ABSOLUTE
    ../Drivers/STM32H7xx_HAL_Driver/Src/stm32h7xx_hal_rcc_ex.c 0x00000000   Number         0  stm32h7xx_hal_rcc_ex.o ABSOLUTE
    ../Drivers/STM32H7xx_HAL_Driver/Src/stm32h7xx_hal_tim.c 0x00000000   Number         0  stm32h7xx_hal_tim.o ABSOLUTE
    ../Drivers/STM32H7xx_HAL_Driver/Src/stm32h7xx_hal_tim_ex.c 0x00000000   Number         0  stm32h7xx_hal_tim_ex.o ABSOLUTE
    ../clib/angel/boardlib.s                 0x00000000   Number         0  boardinit3.o ABSOLUTE
    ../clib/angel/boardlib.s                 0x00000000   Number         0  boardinit1.o ABSOLUTE
    ../clib/angel/boardlib.s                 0x00000000   Number         0  boardshut.o ABSOLUTE
    ../clib/angel/boardlib.s                 0x00000000   Number         0  boardinit2.o ABSOLUTE
    ../clib/angel/handlers.s                 0x00000000   Number         0  __scatter_copy.o ABSOLUTE
    ../clib/angel/handlers.s                 0x00000000   Number         0  __scatter_zi.o ABSOLUTE
    ../clib/angel/kernel.s                   0x00000000   Number         0  __rtentry.o ABSOLUTE
    ../clib/angel/kernel.s                   0x00000000   Number         0  rtexit.o ABSOLUTE
    ../clib/angel/kernel.s                   0x00000000   Number         0  __rtentry2.o ABSOLUTE
    ../clib/angel/kernel.s                   0x00000000   Number         0  __rtentry4.o ABSOLUTE
    ../clib/angel/kernel.s                   0x00000000   Number         0  rtexit2.o ABSOLUTE
    ../clib/angel/rt.s                       0x00000000   Number         0  rt_raise.o ABSOLUTE
    ../clib/angel/scatter.s                  0x00000000   Number         0  __scatter.o ABSOLUTE
    ../clib/angel/startup.s                  0x00000000   Number         0  __main.o ABSOLUTE
    ../clib/angel/sys.s                      0x00000000   Number         0  sys_stackheap_outer.o ABSOLUTE
    ../clib/angel/sys.s                      0x00000000   Number         0  indicate_semi.o ABSOLUTE
    ../clib/angel/sys.s                      0x00000000   Number         0  use_no_semi.o ABSOLUTE
    ../clib/angel/sys.s                      0x00000000   Number         0  libspace.o ABSOLUTE
    ../clib/angel/sysapp.c                   0x00000000   Number         0  sys_command.o ABSOLUTE
    ../clib/angel/sysapp.c                   0x00000000   Number         0  sys_exit.o ABSOLUTE
    ../clib/angel/sysapp.c                   0x00000000   Number         0  sys_wrch.o ABSOLUTE
    ../clib/armsys.c                         0x00000000   Number         0  argv_veneer.o ABSOLUTE
    ../clib/armsys.c                         0x00000000   Number         0  no_argv.o ABSOLUTE
    ../clib/armsys.c                         0x00000000   Number         0  _get_argv_nomalloc.o ABSOLUTE
    ../clib/armsys.c                         0x00000000   Number         0  argv_veneer.o ABSOLUTE
    ../clib/heapalloc.c                      0x00000000   Number         0  hrguard.o ABSOLUTE
    ../clib/heapaux.c                        0x00000000   Number         0  heapauxi.o ABSOLUTE
    ../clib/libinit.s                        0x00000000   Number         0  libshutdown.o ABSOLUTE
    ../clib/libinit.s                        0x00000000   Number         0  libinit.o ABSOLUTE
    ../clib/libinit.s                        0x00000000   Number         0  libinit2.o ABSOLUTE
    ../clib/libinit.s                        0x00000000   Number         0  libshutdown2.o ABSOLUTE
    ../clib/memcpset.s                       0x00000000   Number         0  rt_memclr_w.o ABSOLUTE
    ../clib/signal.c                         0x00000000   Number         0  defsig_abrt_inner.o ABSOLUTE
    ../clib/signal.c                         0x00000000   Number         0  defsig_other.o ABSOLUTE
    ../clib/signal.c                         0x00000000   Number         0  defsig_general.o ABSOLUTE
    ../clib/signal.c                         0x00000000   Number         0  defsig_segv_inner.o ABSOLUTE
    ../clib/signal.c                         0x00000000   Number         0  __raise.o ABSOLUTE
    ../clib/signal.c                         0x00000000   Number         0  defsig_cppl_inner.o ABSOLUTE
    ../clib/signal.c                         0x00000000   Number         0  defsig_pvfn_inner.o ABSOLUTE
    ../clib/signal.c                         0x00000000   Number         0  defsig_exit.o ABSOLUTE
    ../clib/signal.c                         0x00000000   Number         0  defsig_stak_inner.o ABSOLUTE
    ../clib/signal.c                         0x00000000   Number         0  defsig_rtred_inner.o ABSOLUTE
    ../clib/signal.c                         0x00000000   Number         0  defsig_rtmem_inner.o ABSOLUTE
    ../clib/signal.c                         0x00000000   Number         0  defsig_rtmem_formal.o ABSOLUTE
    ../clib/signal.c                         0x00000000   Number         0  defsig_rtmem_outer.o ABSOLUTE
    ../clib/signal.c                         0x00000000   Number         0  defsig_fpe_inner.o ABSOLUTE
    ../clib/signal.s                         0x00000000   Number         0  defsig.o ABSOLUTE
    ../clib/stdlib.c                         0x00000000   Number         0  exit.o ABSOLUTE
    ../fplib/fpinit.s                        0x00000000   Number         0  fpinit.o ABSOLUTE
    ../startup_stm32h747xx_CM4.s             0x00000000   Number         0  startup_stm32h747xx_cm4.o ABSOLUTE
    ..\CM4\Core\Src\main.c                   0x00000000   Number         0  main.o ABSOLUTE
    ..\CM4\Core\Src\stm32h7xx_hal_msp.c      0x00000000   Number         0  stm32h7xx_hal_msp.o ABSOLUTE
    ..\CM4\Core\Src\stm32h7xx_it.c           0x00000000   Number         0  stm32h7xx_it.o ABSOLUTE
    ..\Common\Src\system_stm32h7xx_dualcore_boot_cm4_cm7.c 0x00000000   Number         0  system_stm32h7xx_dualcore_boot_cm4_cm7.o ABSOLUTE
    ..\Drivers\STM32H7xx_HAL_Driver\Src\stm32h7xx_hal.c 0x00000000   Number         0  stm32h7xx_hal.o ABSOLUTE
    ..\Drivers\STM32H7xx_HAL_Driver\Src\stm32h7xx_hal_adc.c 0x00000000   Number         0  stm32h7xx_hal_adc.o ABSOLUTE
    ..\Drivers\STM32H7xx_HAL_Driver\Src\stm32h7xx_hal_adc_ex.c 0x00000000   Number         0  stm32h7xx_hal_adc_ex.o ABSOLUTE
    ..\Drivers\STM32H7xx_HAL_Driver\Src\stm32h7xx_hal_cortex.c 0x00000000   Number         0  stm32h7xx_hal_cortex.o ABSOLUTE
    ..\Drivers\STM32H7xx_HAL_Driver\Src\stm32h7xx_hal_dma.c 0x00000000   Number         0  stm32h7xx_hal_dma.o ABSOLUTE
    ..\Drivers\STM32H7xx_HAL_Driver\Src\stm32h7xx_hal_dma_ex.c 0x00000000   Number         0  stm32h7xx_hal_dma_ex.o ABSOLUTE
    ..\Drivers\STM32H7xx_HAL_Driver\Src\stm32h7xx_hal_exti.c 0x00000000   Number         0  stm32h7xx_hal_exti.o ABSOLUTE
    ..\Drivers\STM32H7xx_HAL_Driver\Src\stm32h7xx_hal_flash.c 0x00000000   Number         0  stm32h7xx_hal_flash.o ABSOLUTE
    ..\Drivers\STM32H7xx_HAL_Driver\Src\stm32h7xx_hal_flash_ex.c 0x00000000   Number         0  stm32h7xx_hal_flash_ex.o ABSOLUTE
    ..\Drivers\STM32H7xx_HAL_Driver\Src\stm32h7xx_hal_gpio.c 0x00000000   Number         0  stm32h7xx_hal_gpio.o ABSOLUTE
    ..\Drivers\STM32H7xx_HAL_Driver\Src\stm32h7xx_hal_hsem.c 0x00000000   Number         0  stm32h7xx_hal_hsem.o ABSOLUTE
    ..\Drivers\STM32H7xx_HAL_Driver\Src\stm32h7xx_hal_i2c.c 0x00000000   Number         0  stm32h7xx_hal_i2c.o ABSOLUTE
    ..\Drivers\STM32H7xx_HAL_Driver\Src\stm32h7xx_hal_i2c_ex.c 0x00000000   Number         0  stm32h7xx_hal_i2c_ex.o ABSOLUTE
    ..\Drivers\STM32H7xx_HAL_Driver\Src\stm32h7xx_hal_mdma.c 0x00000000   Number         0  stm32h7xx_hal_mdma.o ABSOLUTE
    ..\Drivers\STM32H7xx_HAL_Driver\Src\stm32h7xx_hal_pwr.c 0x00000000   Number         0  stm32h7xx_hal_pwr.o ABSOLUTE
    ..\Drivers\STM32H7xx_HAL_Driver\Src\stm32h7xx_hal_pwr_ex.c 0x00000000   Number         0  stm32h7xx_hal_pwr_ex.o ABSOLUTE
    ..\Drivers\STM32H7xx_HAL_Driver\Src\stm32h7xx_hal_rcc.c 0x00000000   Number         0  stm32h7xx_hal_rcc.o ABSOLUTE
    ..\Drivers\STM32H7xx_HAL_Driver\Src\stm32h7xx_hal_rcc_ex.c 0x00000000   Number         0  stm32h7xx_hal_rcc_ex.o ABSOLUTE
    ..\Drivers\STM32H7xx_HAL_Driver\Src\stm32h7xx_hal_tim.c 0x00000000   Number         0  stm32h7xx_hal_tim.o ABSOLUTE
    ..\Drivers\STM32H7xx_HAL_Driver\Src\stm32h7xx_hal_tim_ex.c 0x00000000   Number         0  stm32h7xx_hal_tim_ex.o ABSOLUTE
    dc.s                                     0x00000000   Number         0  dc.o ABSOLUTE
    RESET                                    0x08100000   Section      664  startup_stm32h747xx_cm4.o(RESET)
    !!!main                                  0x08100298   Section        8  __main.o(!!!main)
    !!!scatter                               0x081002a0   Section       52  __scatter.o(!!!scatter)
    !!handler_copy                           0x081002d4   Section       26  __scatter_copy.o(!!handler_copy)
    !!handler_zi                             0x081002f0   Section       28  __scatter_zi.o(!!handler_zi)
    .ARM.Collect$$libinit$$00000000          0x0810030c   Section        2  libinit.o(.ARM.Collect$$libinit$$00000000)
    .ARM.Collect$$libinit$$00000001          0x0810030e   Section        4  libinit2.o(.ARM.Collect$$libinit$$00000001)
    .ARM.Collect$$libinit$$00000004          0x08100312   Section        0  libinit2.o(.ARM.Collect$$libinit$$00000004)
    .ARM.Collect$$libinit$$0000000A          0x08100312   Section        0  libinit2.o(.ARM.Collect$$libinit$$0000000A)
    .ARM.Collect$$libinit$$0000000C          0x08100312   Section        0  libinit2.o(.ARM.Collect$$libinit$$0000000C)
    .ARM.Collect$$libinit$$0000000E          0x08100312   Section        0  libinit2.o(.ARM.Collect$$libinit$$0000000E)
    .ARM.Collect$$libinit$$00000011          0x08100312   Section        0  libinit2.o(.ARM.Collect$$libinit$$00000011)
    .ARM.Collect$$libinit$$00000013          0x08100312   Section        0  libinit2.o(.ARM.Collect$$libinit$$00000013)
    .ARM.Collect$$libinit$$00000015          0x08100312   Section        0  libinit2.o(.ARM.Collect$$libinit$$00000015)
    .ARM.Collect$$libinit$$00000017          0x08100312   Section        0  libinit2.o(.ARM.Collect$$libinit$$00000017)
    .ARM.Collect$$libinit$$00000019          0x08100312   Section        0  libinit2.o(.ARM.Collect$$libinit$$00000019)
    .ARM.Collect$$libinit$$0000001B          0x08100312   Section        0  libinit2.o(.ARM.Collect$$libinit$$0000001B)
    .ARM.Collect$$libinit$$0000001D          0x08100312   Section        0  libinit2.o(.ARM.Collect$$libinit$$0000001D)
    .ARM.Collect$$libinit$$0000001F          0x08100312   Section        0  libinit2.o(.ARM.Collect$$libinit$$0000001F)
    .ARM.Collect$$libinit$$00000021          0x08100312   Section        0  libinit2.o(.ARM.Collect$$libinit$$00000021)
    .ARM.Collect$$libinit$$00000023          0x08100312   Section        0  libinit2.o(.ARM.Collect$$libinit$$00000023)
    .ARM.Collect$$libinit$$00000025          0x08100312   Section        0  libinit2.o(.ARM.Collect$$libinit$$00000025)
    .ARM.Collect$$libinit$$0000002C          0x08100312   Section        0  libinit2.o(.ARM.Collect$$libinit$$0000002C)
    .ARM.Collect$$libinit$$0000002E          0x08100312   Section        0  libinit2.o(.ARM.Collect$$libinit$$0000002E)
    .ARM.Collect$$libinit$$00000030          0x08100312   Section        0  libinit2.o(.ARM.Collect$$libinit$$00000030)
    .ARM.Collect$$libinit$$00000032          0x08100312   Section        0  libinit2.o(.ARM.Collect$$libinit$$00000032)
    .ARM.Collect$$libinit$$00000033          0x08100312   Section        2  libinit2.o(.ARM.Collect$$libinit$$00000033)
    .ARM.Collect$$libshutdown$$00000000      0x08100314   Section        2  libshutdown.o(.ARM.Collect$$libshutdown$$00000000)
    .ARM.Collect$$libshutdown$$00000002      0x08100316   Section        0  libshutdown2.o(.ARM.Collect$$libshutdown$$00000002)
    .ARM.Collect$$libshutdown$$00000004      0x08100316   Section        0  libshutdown2.o(.ARM.Collect$$libshutdown$$00000004)
    .ARM.Collect$$libshutdown$$00000006      0x08100316   Section        0  libshutdown2.o(.ARM.Collect$$libshutdown$$00000006)
    .ARM.Collect$$libshutdown$$00000009      0x08100316   Section        0  libshutdown2.o(.ARM.Collect$$libshutdown$$00000009)
    .ARM.Collect$$libshutdown$$0000000C      0x08100316   Section        0  libshutdown2.o(.ARM.Collect$$libshutdown$$0000000C)
    .ARM.Collect$$libshutdown$$0000000E      0x08100316   Section        0  libshutdown2.o(.ARM.Collect$$libshutdown$$0000000E)
    .ARM.Collect$$libshutdown$$00000011      0x08100316   Section        0  libshutdown2.o(.ARM.Collect$$libshutdown$$00000011)
    .ARM.Collect$$libshutdown$$00000012      0x08100316   Section        2  libshutdown2.o(.ARM.Collect$$libshutdown$$00000012)
    .ARM.Collect$$rtentry$$00000000          0x08100318   Section        0  __rtentry.o(.ARM.Collect$$rtentry$$00000000)
    .ARM.Collect$$rtentry$$00000002          0x08100318   Section        0  __rtentry2.o(.ARM.Collect$$rtentry$$00000002)
    .ARM.Collect$$rtentry$$00000004          0x08100318   Section        6  __rtentry4.o(.ARM.Collect$$rtentry$$00000004)
    .ARM.Collect$$rtentry$$00000009          0x0810031e   Section        0  __rtentry2.o(.ARM.Collect$$rtentry$$00000009)
    .ARM.Collect$$rtentry$$0000000A          0x0810031e   Section        4  __rtentry2.o(.ARM.Collect$$rtentry$$0000000A)
    .ARM.Collect$$rtentry$$0000000C          0x08100322   Section        0  __rtentry2.o(.ARM.Collect$$rtentry$$0000000C)
    .ARM.Collect$$rtentry$$0000000D          0x08100322   Section        8  __rtentry2.o(.ARM.Collect$$rtentry$$0000000D)
    .ARM.Collect$$rtexit$$00000000           0x0810032a   Section        2  rtexit.o(.ARM.Collect$$rtexit$$00000000)
    .ARM.Collect$$rtexit$$00000002           0x0810032c   Section        0  rtexit2.o(.ARM.Collect$$rtexit$$00000002)
    .ARM.Collect$$rtexit$$00000003           0x0810032c   Section        4  rtexit2.o(.ARM.Collect$$rtexit$$00000003)
    .ARM.Collect$$rtexit$$00000004           0x08100330   Section        6  rtexit2.o(.ARM.Collect$$rtexit$$00000004)
    .text                                    0x08100338   Section       72  startup_stm32h747xx_cm4.o(.text)
    $v0                                      0x08100338   Number         0  startup_stm32h747xx_cm4.o(.text)
    .text                                    0x08100380   Section       78  rt_memclr_w.o(.text)
    .text                                    0x081003ce   Section        0  heapauxi.o(.text)
    .text                                    0x081003d4   Section       74  sys_stackheap_outer.o(.text)
    .text                                    0x0810041e   Section        0  exit.o(.text)
    .text                                    0x08100430   Section        8  libspace.o(.text)
    .text                                    0x08100438   Section        0  sys_exit.o(.text)
    .text                                    0x08100444   Section        2  use_no_semi.o(.text)
    .text                                    0x08100446   Section        0  indicate_semi.o(.text)
    i.ADC_ConfigureBoostMode                 0x08100448   Section        0  stm32h7xx_hal_adc.o(i.ADC_ConfigureBoostMode)
    i.BusFault_Handler                       0x08100550   Section        0  stm32h7xx_it.o(i.BusFault_Handler)
    i.DebugMon_Handler                       0x08100552   Section        0  stm32h7xx_it.o(i.DebugMon_Handler)
    i.Error_Handler                          0x08100554   Section        0  main.o(i.Error_Handler)
    i.ExitRun0Mode                           0x08100558   Section        0  system_stm32h7xx_dualcore_boot_cm4_cm7.o(i.ExitRun0Mode)
    i.HAL_ADCEx_MultiModeConfigChannel       0x08100574   Section        0  stm32h7xx_hal_adc_ex.o(i.HAL_ADCEx_MultiModeConfigChannel)
    i.HAL_ADC_ConfigChannel                  0x0810069c   Section        0  stm32h7xx_hal_adc.o(i.HAL_ADC_ConfigChannel)
    i.HAL_ADC_Init                           0x08100ab0   Section        0  stm32h7xx_hal_adc.o(i.HAL_ADC_Init)
    i.HAL_ADC_MspInit                        0x08100cd4   Section        0  stm32h7xx_hal_msp.o(i.HAL_ADC_MspInit)
    i.HAL_GetCurrentCPUID                    0x08100d64   Section        0  stm32h7xx_hal_cortex.o(i.HAL_GetCurrentCPUID)
    i.HAL_GetREVID                           0x08100d7c   Section        0  stm32h7xx_hal.o(i.HAL_GetREVID)
    i.HAL_GetTick                            0x08100d88   Section        0  stm32h7xx_hal.o(i.HAL_GetTick)
    i.HAL_HSEM_ActivateNotification          0x08100d94   Section        0  stm32h7xx_hal_hsem.o(i.HAL_HSEM_ActivateNotification)
    i.HAL_IncTick                            0x08100da4   Section        0  stm32h7xx_hal.o(i.HAL_IncTick)
    i.HAL_Init                               0x08100db4   Section        0  stm32h7xx_hal.o(i.HAL_Init)
    i.HAL_InitTick                           0x08100e40   Section        0  stm32h7xx_hal.o(i.HAL_InitTick)
    i.HAL_MspInit                            0x08100e80   Section        0  stm32h7xx_hal_msp.o(i.HAL_MspInit)
    i.HAL_NVIC_SetPriority                   0x08100e9c   Section        0  stm32h7xx_hal_cortex.o(i.HAL_NVIC_SetPriority)
    i.HAL_NVIC_SetPriorityGrouping           0x08100edc   Section        0  stm32h7xx_hal_cortex.o(i.HAL_NVIC_SetPriorityGrouping)
    i.HAL_PWREx_ClearPendingEvent            0x08100f00   Section        0  stm32h7xx_hal_pwr_ex.o(i.HAL_PWREx_ClearPendingEvent)
    i.HAL_PWREx_EnterSTOPMode                0x08100f10   Section        0  stm32h7xx_hal_pwr_ex.o(i.HAL_PWREx_EnterSTOPMode)
    i.HAL_RCCEx_GetD3PCLK1Freq               0x08100fa0   Section        0  stm32h7xx_hal_rcc_ex.o(i.HAL_RCCEx_GetD3PCLK1Freq)
    i.HAL_RCCEx_GetPLL1ClockFreq             0x08100fc4   Section        0  stm32h7xx_hal_rcc_ex.o(i.HAL_RCCEx_GetPLL1ClockFreq)
    i.HAL_RCCEx_GetPLL2ClockFreq             0x08101104   Section        0  stm32h7xx_hal_rcc_ex.o(i.HAL_RCCEx_GetPLL2ClockFreq)
    i.HAL_RCCEx_GetPLL3ClockFreq             0x08101240   Section        0  stm32h7xx_hal_rcc_ex.o(i.HAL_RCCEx_GetPLL3ClockFreq)
    i.HAL_RCCEx_GetPeriphCLKFreq             0x0810137c   Section        0  stm32h7xx_hal_rcc_ex.o(i.HAL_RCCEx_GetPeriphCLKFreq)
    i.HAL_RCCEx_PeriphCLKConfig              0x08101644   Section        0  stm32h7xx_hal_rcc_ex.o(i.HAL_RCCEx_PeriphCLKConfig)
    i.HAL_RCC_GetHCLKFreq                    0x08102028   Section        0  stm32h7xx_hal_rcc.o(i.HAL_RCC_GetHCLKFreq)
    i.HAL_RCC_GetPCLK1Freq                   0x08102068   Section        0  stm32h7xx_hal_rcc.o(i.HAL_RCC_GetPCLK1Freq)
    i.HAL_RCC_GetSysClockFreq                0x0810208c   Section        0  stm32h7xx_hal_rcc.o(i.HAL_RCC_GetSysClockFreq)
    i.HAL_SYSCFG_AnalogSwitchConfig          0x081021bc   Section        0  stm32h7xx_hal.o(i.HAL_SYSCFG_AnalogSwitchConfig)
    i.HAL_SYSTICK_Config                     0x081021cc   Section        0  stm32h7xx_hal_cortex.o(i.HAL_SYSTICK_Config)
    i.HardFault_Handler                      0x081021f4   Section        0  stm32h7xx_it.o(i.HardFault_Handler)
    i.LL_ADC_INJ_IsConversionOngoing         0x081021f6   Section        0  stm32h7xx_hal_adc.o(i.LL_ADC_INJ_IsConversionOngoing)
    LL_ADC_INJ_IsConversionOngoing           0x081021f7   Thumb Code     8  stm32h7xx_hal_adc.o(i.LL_ADC_INJ_IsConversionOngoing)
    i.LL_ADC_REG_IsConversionOngoing         0x081021fe   Section        0  stm32h7xx_hal_adc.o(i.LL_ADC_REG_IsConversionOngoing)
    LL_ADC_REG_IsConversionOngoing           0x081021ff   Thumb Code     8  stm32h7xx_hal_adc.o(i.LL_ADC_REG_IsConversionOngoing)
    i.LL_ADC_REG_IsConversionOngoing         0x08102206   Section        0  stm32h7xx_hal_adc_ex.o(i.LL_ADC_REG_IsConversionOngoing)
    LL_ADC_REG_IsConversionOngoing           0x08102207   Thumb Code     8  stm32h7xx_hal_adc_ex.o(i.LL_ADC_REG_IsConversionOngoing)
    i.MX_ADC1_Init                           0x08102210   Section        0  main.o(i.MX_ADC1_Init)
    MX_ADC1_Init                             0x08102211   Thumb Code   132  main.o(i.MX_ADC1_Init)
    i.MemManage_Handler                      0x081022a0   Section        0  stm32h7xx_it.o(i.MemManage_Handler)
    i.NMI_Handler                            0x081022a2   Section        0  stm32h7xx_it.o(i.NMI_Handler)
    i.PendSV_Handler                         0x081022a4   Section        0  stm32h7xx_it.o(i.PendSV_Handler)
    i.RCCEx_PLL2_Config                      0x081022a8   Section        0  stm32h7xx_hal_rcc_ex.o(i.RCCEx_PLL2_Config)
    RCCEx_PLL2_Config                        0x081022a9   Thumb Code   272  stm32h7xx_hal_rcc_ex.o(i.RCCEx_PLL2_Config)
    i.RCCEx_PLL3_Config                      0x081023bc   Section        0  stm32h7xx_hal_rcc_ex.o(i.RCCEx_PLL3_Config)
    RCCEx_PLL3_Config                        0x081023bd   Thumb Code   272  stm32h7xx_hal_rcc_ex.o(i.RCCEx_PLL3_Config)
    i.SVC_Handler                            0x081024d0   Section        0  stm32h7xx_it.o(i.SVC_Handler)
    i.SysTick_Handler                        0x081024d2   Section        0  stm32h7xx_it.o(i.SysTick_Handler)
    i.SystemInit                             0x081024d8   Section        0  system_stm32h7xx_dualcore_boot_cm4_cm7.o(i.SystemInit)
    i.UsageFault_Handler                     0x081024f4   Section        0  stm32h7xx_it.o(i.UsageFault_Handler)
    i.__NVIC_SetPriority                     0x081024f6   Section        0  stm32h7xx_hal_cortex.o(i.__NVIC_SetPriority)
    __NVIC_SetPriority                       0x081024f7   Thumb Code    32  stm32h7xx_hal_cortex.o(i.__NVIC_SetPriority)
    i.main                                   0x08102518   Section        0  main.o(i.main)
    x$fpl$fpinit                             0x08102584   Section       10  fpinit.o(x$fpl$fpinit)
    $v0                                      0x08102584   Number         0  fpinit.o(x$fpl$fpinit)
    .constdata                               0x0810258e   Section       16  system_stm32h7xx_dualcore_boot_cm4_cm7.o(.constdata)
    .data                                    0x10000000   Section       12  stm32h7xx_hal.o(.data)
    .data                                    0x1000000c   Section        8  system_stm32h7xx_dualcore_boot_cm4_cm7.o(.data)
    .bss                                     0x10000014   Section      100  main.o(.bss)
    .bss                                     0x10000078   Section       96  libspace.o(.bss)
    HEAP                                     0x100000d8   Section      512  startup_stm32h747xx_cm4.o(HEAP)
    Heap_Mem                                 0x100000d8   Data         512  startup_stm32h747xx_cm4.o(HEAP)
    STACK                                    0x100002d8   Section     1024  startup_stm32h747xx_cm4.o(STACK)
    Stack_Mem                                0x100002d8   Data        1024  startup_stm32h747xx_cm4.o(STACK)
    __initial_sp                             0x100006d8   Data           0  startup_stm32h747xx_cm4.o(STACK)

    Global Symbols

    Symbol Name                              Value     Ov Type        Size  Object(Section)

    BuildAttributes$$THM_ISAv4$E$P$D$K$B$S$7EM$VFPi3$EXTD16$VFPS$VFMA$PE$A:L22UL41UL21$X:L11$S22US41US21$IEEE1$IW$USESV6$~STKCKD$USESV7$~SHL$OSPACE$ROPI$EBA8$UX$STANDARDLIB$REQ8$PRES8$EABIv2 0x00000000   Number         0  anon$$obj.o ABSOLUTE
    __ARM_use_no_argv                        0x00000000   Number         0  main.o ABSOLUTE
    __ARM_exceptions_init                     - Undefined Weak Reference
    __alloca_initialize                       - Undefined Weak Reference
    __arm_fini_                               - Undefined Weak Reference
    __arm_preinit_                            - Undefined Weak Reference
    __cpp_initialize__aeabi_                  - Undefined Weak Reference
    __cxa_finalize                            - Undefined Weak Reference
    __rt_locale                               - Undefined Weak Reference
    __sigvec_lookup                           - Undefined Weak Reference
    _atexit_init                              - Undefined Weak Reference
    _call_atexit_fns                          - Undefined Weak Reference
    _clock_init                               - Undefined Weak Reference
    _fp_trap_init                             - Undefined Weak Reference
    _fp_trap_shutdown                         - Undefined Weak Reference
    _get_lc_collate                           - Undefined Weak Reference
    _get_lc_ctype                             - Undefined Weak Reference
    _get_lc_monetary                          - Undefined Weak Reference
    _get_lc_numeric                           - Undefined Weak Reference
    _get_lc_time                              - Undefined Weak Reference
    _getenv_init                              - Undefined Weak Reference
    _handle_redirection                       - Undefined Weak Reference
    _init_alloc                               - Undefined Weak Reference
    _init_user_alloc                          - Undefined Weak Reference
    _initio                                   - Undefined Weak Reference
    _rand_init                                - Undefined Weak Reference
    _signal_finish                            - Undefined Weak Reference
    _signal_init                              - Undefined Weak Reference
    _terminate_alloc                          - Undefined Weak Reference
    _terminate_user_alloc                     - Undefined Weak Reference
    _terminateio                              - Undefined Weak Reference
    __Vectors_Size                           0x00000298   Number         0  startup_stm32h747xx_cm4.o ABSOLUTE
    __Vectors                                0x08100000   Data           4  startup_stm32h747xx_cm4.o(RESET)
    __Vectors_End                            0x08100298   Data           0  startup_stm32h747xx_cm4.o(RESET)
    __main                                   0x08100299   Thumb Code     8  __main.o(!!!main)
    __scatterload                            0x081002a1   Thumb Code     0  __scatter.o(!!!scatter)
    __scatterload_rt2                        0x081002a1   Thumb Code    44  __scatter.o(!!!scatter)
    __scatterload_rt2_thumb_only             0x081002a1   Thumb Code     0  __scatter.o(!!!scatter)
    __scatterload_null                       0x081002af   Thumb Code     0  __scatter.o(!!!scatter)
    __scatterload_copy                       0x081002d5   Thumb Code    26  __scatter_copy.o(!!handler_copy)
    __scatterload_zeroinit                   0x081002f1   Thumb Code    28  __scatter_zi.o(!!handler_zi)
    __rt_lib_init                            0x0810030d   Thumb Code     0  libinit.o(.ARM.Collect$$libinit$$00000000)
    __rt_lib_init_fp_1                       0x0810030f   Thumb Code     0  libinit2.o(.ARM.Collect$$libinit$$00000001)
    __rt_lib_init_alloca_1                   0x08100313   Thumb Code     0  libinit2.o(.ARM.Collect$$libinit$$0000002E)
    __rt_lib_init_argv_1                     0x08100313   Thumb Code     0  libinit2.o(.ARM.Collect$$libinit$$0000002C)
    __rt_lib_init_atexit_1                   0x08100313   Thumb Code     0  libinit2.o(.ARM.Collect$$libinit$$0000001B)
    __rt_lib_init_clock_1                    0x08100313   Thumb Code     0  libinit2.o(.ARM.Collect$$libinit$$00000021)
    __rt_lib_init_cpp_1                      0x08100313   Thumb Code     0  libinit2.o(.ARM.Collect$$libinit$$00000032)
    __rt_lib_init_exceptions_1               0x08100313   Thumb Code     0  libinit2.o(.ARM.Collect$$libinit$$00000030)
    __rt_lib_init_fp_trap_1                  0x08100313   Thumb Code     0  libinit2.o(.ARM.Collect$$libinit$$0000001F)
    __rt_lib_init_getenv_1                   0x08100313   Thumb Code     0  libinit2.o(.ARM.Collect$$libinit$$00000023)
    __rt_lib_init_heap_1                     0x08100313   Thumb Code     0  libinit2.o(.ARM.Collect$$libinit$$0000000A)
    __rt_lib_init_lc_collate_1               0x08100313   Thumb Code     0  libinit2.o(.ARM.Collect$$libinit$$00000011)
    __rt_lib_init_lc_ctype_1                 0x08100313   Thumb Code     0  libinit2.o(.ARM.Collect$$libinit$$00000013)
    __rt_lib_init_lc_monetary_1              0x08100313   Thumb Code     0  libinit2.o(.ARM.Collect$$libinit$$00000015)
    __rt_lib_init_lc_numeric_1               0x08100313   Thumb Code     0  libinit2.o(.ARM.Collect$$libinit$$00000017)
    __rt_lib_init_lc_time_1                  0x08100313   Thumb Code     0  libinit2.o(.ARM.Collect$$libinit$$00000019)
    __rt_lib_init_preinit_1                  0x08100313   Thumb Code     0  libinit2.o(.ARM.Collect$$libinit$$00000004)
    __rt_lib_init_rand_1                     0x08100313   Thumb Code     0  libinit2.o(.ARM.Collect$$libinit$$0000000E)
    __rt_lib_init_return                     0x08100313   Thumb Code     0  libinit2.o(.ARM.Collect$$libinit$$00000033)
    __rt_lib_init_signal_1                   0x08100313   Thumb Code     0  libinit2.o(.ARM.Collect$$libinit$$0000001D)
    __rt_lib_init_stdio_1                    0x08100313   Thumb Code     0  libinit2.o(.ARM.Collect$$libinit$$00000025)
    __rt_lib_init_user_alloc_1               0x08100313   Thumb Code     0  libinit2.o(.ARM.Collect$$libinit$$0000000C)
    __rt_lib_shutdown                        0x08100315   Thumb Code     0  libshutdown.o(.ARM.Collect$$libshutdown$$00000000)
    __rt_lib_shutdown_cpp_1                  0x08100317   Thumb Code     0  libshutdown2.o(.ARM.Collect$$libshutdown$$00000004)
    __rt_lib_shutdown_fini_1                 0x08100317   Thumb Code     0  libshutdown2.o(.ARM.Collect$$libshutdown$$00000002)
    __rt_lib_shutdown_fp_trap_1              0x08100317   Thumb Code     0  libshutdown2.o(.ARM.Collect$$libshutdown$$00000009)
    __rt_lib_shutdown_heap_1                 0x08100317   Thumb Code     0  libshutdown2.o(.ARM.Collect$$libshutdown$$00000011)
    __rt_lib_shutdown_return                 0x08100317   Thumb Code     0  libshutdown2.o(.ARM.Collect$$libshutdown$$00000012)
    __rt_lib_shutdown_signal_1               0x08100317   Thumb Code     0  libshutdown2.o(.ARM.Collect$$libshutdown$$0000000C)
    __rt_lib_shutdown_stdio_1                0x08100317   Thumb Code     0  libshutdown2.o(.ARM.Collect$$libshutdown$$00000006)
    __rt_lib_shutdown_user_alloc_1           0x08100317   Thumb Code     0  libshutdown2.o(.ARM.Collect$$libshutdown$$0000000E)
    __rt_entry                               0x08100319   Thumb Code     0  __rtentry.o(.ARM.Collect$$rtentry$$00000000)
    __rt_entry_presh_1                       0x08100319   Thumb Code     0  __rtentry2.o(.ARM.Collect$$rtentry$$00000002)
    __rt_entry_sh                            0x08100319   Thumb Code     0  __rtentry4.o(.ARM.Collect$$rtentry$$00000004)
    __rt_entry_li                            0x0810031f   Thumb Code     0  __rtentry2.o(.ARM.Collect$$rtentry$$0000000A)
    __rt_entry_postsh_1                      0x0810031f   Thumb Code     0  __rtentry2.o(.ARM.Collect$$rtentry$$00000009)
    __rt_entry_main                          0x08100323   Thumb Code     0  __rtentry2.o(.ARM.Collect$$rtentry$$0000000D)
    __rt_entry_postli_1                      0x08100323   Thumb Code     0  __rtentry2.o(.ARM.Collect$$rtentry$$0000000C)
    __rt_exit                                0x0810032b   Thumb Code     0  rtexit.o(.ARM.Collect$$rtexit$$00000000)
    __rt_exit_ls                             0x0810032d   Thumb Code     0  rtexit2.o(.ARM.Collect$$rtexit$$00000003)
    __rt_exit_prels_1                        0x0810032d   Thumb Code     0  rtexit2.o(.ARM.Collect$$rtexit$$00000002)
    __rt_exit_exit                           0x08100331   Thumb Code     0  rtexit2.o(.ARM.Collect$$rtexit$$00000004)
    Reset_Handler                            0x08100339   Thumb Code    12  startup_stm32h747xx_cm4.o(.text)
    ADC3_IRQHandler                          0x08100357   Thumb Code     0  startup_stm32h747xx_cm4.o(.text)
    ADC_IRQHandler                           0x08100357   Thumb Code     0  startup_stm32h747xx_cm4.o(.text)
    BDMA_Channel0_IRQHandler                 0x08100357   Thumb Code     0  startup_stm32h747xx_cm4.o(.text)
    BDMA_Channel1_IRQHandler                 0x08100357   Thumb Code     0  startup_stm32h747xx_cm4.o(.text)
    BDMA_Channel2_IRQHandler                 0x08100357   Thumb Code     0  startup_stm32h747xx_cm4.o(.text)
    BDMA_Channel3_IRQHandler                 0x08100357   Thumb Code     0  startup_stm32h747xx_cm4.o(.text)
    BDMA_Channel4_IRQHandler                 0x08100357   Thumb Code     0  startup_stm32h747xx_cm4.o(.text)
    BDMA_Channel5_IRQHandler                 0x08100357   Thumb Code     0  startup_stm32h747xx_cm4.o(.text)
    BDMA_Channel6_IRQHandler                 0x08100357   Thumb Code     0  startup_stm32h747xx_cm4.o(.text)
    BDMA_Channel7_IRQHandler                 0x08100357   Thumb Code     0  startup_stm32h747xx_cm4.o(.text)
    CEC_IRQHandler                           0x08100357   Thumb Code     0  startup_stm32h747xx_cm4.o(.text)
    CM4_SEV_IRQHandler                       0x08100357   Thumb Code     0  startup_stm32h747xx_cm4.o(.text)
    CM7_SEV_IRQHandler                       0x08100357   Thumb Code     0  startup_stm32h747xx_cm4.o(.text)
    COMP1_IRQHandler                         0x08100357   Thumb Code     0  startup_stm32h747xx_cm4.o(.text)
    CRS_IRQHandler                           0x08100357   Thumb Code     0  startup_stm32h747xx_cm4.o(.text)
    DCMI_IRQHandler                          0x08100357   Thumb Code     0  startup_stm32h747xx_cm4.o(.text)
    DFSDM1_FLT0_IRQHandler                   0x08100357   Thumb Code     0  startup_stm32h747xx_cm4.o(.text)
    DFSDM1_FLT1_IRQHandler                   0x08100357   Thumb Code     0  startup_stm32h747xx_cm4.o(.text)
    DFSDM1_FLT2_IRQHandler                   0x08100357   Thumb Code     0  startup_stm32h747xx_cm4.o(.text)
    DFSDM1_FLT3_IRQHandler                   0x08100357   Thumb Code     0  startup_stm32h747xx_cm4.o(.text)
    DMA1_Stream0_IRQHandler                  0x08100357   Thumb Code     0  startup_stm32h747xx_cm4.o(.text)
    DMA1_Stream1_IRQHandler                  0x08100357   Thumb Code     0  startup_stm32h747xx_cm4.o(.text)
    DMA1_Stream2_IRQHandler                  0x08100357   Thumb Code     0  startup_stm32h747xx_cm4.o(.text)
    DMA1_Stream3_IRQHandler                  0x08100357   Thumb Code     0  startup_stm32h747xx_cm4.o(.text)
    DMA1_Stream4_IRQHandler                  0x08100357   Thumb Code     0  startup_stm32h747xx_cm4.o(.text)
    DMA1_Stream5_IRQHandler                  0x08100357   Thumb Code     0  startup_stm32h747xx_cm4.o(.text)
    DMA1_Stream6_IRQHandler                  0x08100357   Thumb Code     0  startup_stm32h747xx_cm4.o(.text)
    DMA1_Stream7_IRQHandler                  0x08100357   Thumb Code     0  startup_stm32h747xx_cm4.o(.text)
    DMA2D_IRQHandler                         0x08100357   Thumb Code     0  startup_stm32h747xx_cm4.o(.text)
    DMA2_Stream0_IRQHandler                  0x08100357   Thumb Code     0  startup_stm32h747xx_cm4.o(.text)
    DMA2_Stream1_IRQHandler                  0x08100357   Thumb Code     0  startup_stm32h747xx_cm4.o(.text)
    DMA2_Stream2_IRQHandler                  0x08100357   Thumb Code     0  startup_stm32h747xx_cm4.o(.text)
    DMA2_Stream3_IRQHandler                  0x08100357   Thumb Code     0  startup_stm32h747xx_cm4.o(.text)
    DMA2_Stream4_IRQHandler                  0x08100357   Thumb Code     0  startup_stm32h747xx_cm4.o(.text)
    DMA2_Stream5_IRQHandler                  0x08100357   Thumb Code     0  startup_stm32h747xx_cm4.o(.text)
    DMA2_Stream6_IRQHandler                  0x08100357   Thumb Code     0  startup_stm32h747xx_cm4.o(.text)
    DMA2_Stream7_IRQHandler                  0x08100357   Thumb Code     0  startup_stm32h747xx_cm4.o(.text)
    DMAMUX1_OVR_IRQHandler                   0x08100357   Thumb Code     0  startup_stm32h747xx_cm4.o(.text)
    DMAMUX2_OVR_IRQHandler                   0x08100357   Thumb Code     0  startup_stm32h747xx_cm4.o(.text)
    DSI_IRQHandler                           0x08100357   Thumb Code     0  startup_stm32h747xx_cm4.o(.text)
    ECC_IRQHandler                           0x08100357   Thumb Code     0  startup_stm32h747xx_cm4.o(.text)
    ETH_IRQHandler                           0x08100357   Thumb Code     0  startup_stm32h747xx_cm4.o(.text)
    ETH_WKUP_IRQHandler                      0x08100357   Thumb Code     0  startup_stm32h747xx_cm4.o(.text)
    EXTI0_IRQHandler                         0x08100357   Thumb Code     0  startup_stm32h747xx_cm4.o(.text)
    EXTI15_10_IRQHandler                     0x08100357   Thumb Code     0  startup_stm32h747xx_cm4.o(.text)
    EXTI1_IRQHandler                         0x08100357   Thumb Code     0  startup_stm32h747xx_cm4.o(.text)
    EXTI2_IRQHandler                         0x08100357   Thumb Code     0  startup_stm32h747xx_cm4.o(.text)
    EXTI3_IRQHandler                         0x08100357   Thumb Code     0  startup_stm32h747xx_cm4.o(.text)
    EXTI4_IRQHandler                         0x08100357   Thumb Code     0  startup_stm32h747xx_cm4.o(.text)
    EXTI9_5_IRQHandler                       0x08100357   Thumb Code     0  startup_stm32h747xx_cm4.o(.text)
    FDCAN1_IT0_IRQHandler                    0x08100357   Thumb Code     0  startup_stm32h747xx_cm4.o(.text)
    FDCAN1_IT1_IRQHandler                    0x08100357   Thumb Code     0  startup_stm32h747xx_cm4.o(.text)
    FDCAN2_IT0_IRQHandler                    0x08100357   Thumb Code     0  startup_stm32h747xx_cm4.o(.text)
    FDCAN2_IT1_IRQHandler                    0x08100357   Thumb Code     0  startup_stm32h747xx_cm4.o(.text)
    FDCAN_CAL_IRQHandler                     0x08100357   Thumb Code     0  startup_stm32h747xx_cm4.o(.text)
    FLASH_IRQHandler                         0x08100357   Thumb Code     0  startup_stm32h747xx_cm4.o(.text)
    FMC_IRQHandler                           0x08100357   Thumb Code     0  startup_stm32h747xx_cm4.o(.text)
    FPU_IRQHandler                           0x08100357   Thumb Code     0  startup_stm32h747xx_cm4.o(.text)
    HOLD_CORE_IRQHandler                     0x08100357   Thumb Code     0  startup_stm32h747xx_cm4.o(.text)
    HRTIM1_FLT_IRQHandler                    0x08100357   Thumb Code     0  startup_stm32h747xx_cm4.o(.text)
    HRTIM1_Master_IRQHandler                 0x08100357   Thumb Code     0  startup_stm32h747xx_cm4.o(.text)
    HRTIM1_TIMA_IRQHandler                   0x08100357   Thumb Code     0  startup_stm32h747xx_cm4.o(.text)
    HRTIM1_TIMB_IRQHandler                   0x08100357   Thumb Code     0  startup_stm32h747xx_cm4.o(.text)
    HRTIM1_TIMC_IRQHandler                   0x08100357   Thumb Code     0  startup_stm32h747xx_cm4.o(.text)
    HRTIM1_TIMD_IRQHandler                   0x08100357   Thumb Code     0  startup_stm32h747xx_cm4.o(.text)
    HRTIM1_TIME_IRQHandler                   0x08100357   Thumb Code     0  startup_stm32h747xx_cm4.o(.text)
    HSEM1_IRQHandler                         0x08100357   Thumb Code     0  startup_stm32h747xx_cm4.o(.text)
    HSEM2_IRQHandler                         0x08100357   Thumb Code     0  startup_stm32h747xx_cm4.o(.text)
    I2C1_ER_IRQHandler                       0x08100357   Thumb Code     0  startup_stm32h747xx_cm4.o(.text)
    I2C1_EV_IRQHandler                       0x08100357   Thumb Code     0  startup_stm32h747xx_cm4.o(.text)
    I2C2_ER_IRQHandler                       0x08100357   Thumb Code     0  startup_stm32h747xx_cm4.o(.text)
    I2C2_EV_IRQHandler                       0x08100357   Thumb Code     0  startup_stm32h747xx_cm4.o(.text)
    I2C3_ER_IRQHandler                       0x08100357   Thumb Code     0  startup_stm32h747xx_cm4.o(.text)
    I2C3_EV_IRQHandler                       0x08100357   Thumb Code     0  startup_stm32h747xx_cm4.o(.text)
    I2C4_ER_IRQHandler                       0x08100357   Thumb Code     0  startup_stm32h747xx_cm4.o(.text)
    I2C4_EV_IRQHandler                       0x08100357   Thumb Code     0  startup_stm32h747xx_cm4.o(.text)
    JPEG_IRQHandler                          0x08100357   Thumb Code     0  startup_stm32h747xx_cm4.o(.text)
    LPTIM1_IRQHandler                        0x08100357   Thumb Code     0  startup_stm32h747xx_cm4.o(.text)
    LPTIM2_IRQHandler                        0x08100357   Thumb Code     0  startup_stm32h747xx_cm4.o(.text)
    LPTIM3_IRQHandler                        0x08100357   Thumb Code     0  startup_stm32h747xx_cm4.o(.text)
    LPTIM4_IRQHandler                        0x08100357   Thumb Code     0  startup_stm32h747xx_cm4.o(.text)
    LPTIM5_IRQHandler                        0x08100357   Thumb Code     0  startup_stm32h747xx_cm4.o(.text)
    LPUART1_IRQHandler                       0x08100357   Thumb Code     0  startup_stm32h747xx_cm4.o(.text)
    LTDC_ER_IRQHandler                       0x08100357   Thumb Code     0  startup_stm32h747xx_cm4.o(.text)
    LTDC_IRQHandler                          0x08100357   Thumb Code     0  startup_stm32h747xx_cm4.o(.text)
    MDIOS_IRQHandler                         0x08100357   Thumb Code     0  startup_stm32h747xx_cm4.o(.text)
    MDIOS_WKUP_IRQHandler                    0x08100357   Thumb Code     0  startup_stm32h747xx_cm4.o(.text)
    MDMA_IRQHandler                          0x08100357   Thumb Code     0  startup_stm32h747xx_cm4.o(.text)
    OTG_FS_EP1_IN_IRQHandler                 0x08100357   Thumb Code     0  startup_stm32h747xx_cm4.o(.text)
    OTG_FS_EP1_OUT_IRQHandler                0x08100357   Thumb Code     0  startup_stm32h747xx_cm4.o(.text)
    OTG_FS_IRQHandler                        0x08100357   Thumb Code     0  startup_stm32h747xx_cm4.o(.text)
    OTG_FS_WKUP_IRQHandler                   0x08100357   Thumb Code     0  startup_stm32h747xx_cm4.o(.text)
    OTG_HS_EP1_IN_IRQHandler                 0x08100357   Thumb Code     0  startup_stm32h747xx_cm4.o(.text)
    OTG_HS_EP1_OUT_IRQHandler                0x08100357   Thumb Code     0  startup_stm32h747xx_cm4.o(.text)
    OTG_HS_IRQHandler                        0x08100357   Thumb Code     0  startup_stm32h747xx_cm4.o(.text)
    OTG_HS_WKUP_IRQHandler                   0x08100357   Thumb Code     0  startup_stm32h747xx_cm4.o(.text)
    PVD_AVD_IRQHandler                       0x08100357   Thumb Code     0  startup_stm32h747xx_cm4.o(.text)
    QUADSPI_IRQHandler                       0x08100357   Thumb Code     0  startup_stm32h747xx_cm4.o(.text)
    RCC_IRQHandler                           0x08100357   Thumb Code     0  startup_stm32h747xx_cm4.o(.text)
    RNG_IRQHandler                           0x08100357   Thumb Code     0  startup_stm32h747xx_cm4.o(.text)
    RTC_Alarm_IRQHandler                     0x08100357   Thumb Code     0  startup_stm32h747xx_cm4.o(.text)
    RTC_WKUP_IRQHandler                      0x08100357   Thumb Code     0  startup_stm32h747xx_cm4.o(.text)
    SAI1_IRQHandler                          0x08100357   Thumb Code     0  startup_stm32h747xx_cm4.o(.text)
    SAI2_IRQHandler                          0x08100357   Thumb Code     0  startup_stm32h747xx_cm4.o(.text)
    SAI3_IRQHandler                          0x08100357   Thumb Code     0  startup_stm32h747xx_cm4.o(.text)
    SAI4_IRQHandler                          0x08100357   Thumb Code     0  startup_stm32h747xx_cm4.o(.text)
    SDMMC1_IRQHandler                        0x08100357   Thumb Code     0  startup_stm32h747xx_cm4.o(.text)
    SDMMC2_IRQHandler                        0x08100357   Thumb Code     0  startup_stm32h747xx_cm4.o(.text)
    SPDIF_RX_IRQHandler                      0x08100357   Thumb Code     0  startup_stm32h747xx_cm4.o(.text)
    SPI1_IRQHandler                          0x08100357   Thumb Code     0  startup_stm32h747xx_cm4.o(.text)
    SPI2_IRQHandler                          0x08100357   Thumb Code     0  startup_stm32h747xx_cm4.o(.text)
    SPI3_IRQHandler                          0x08100357   Thumb Code     0  startup_stm32h747xx_cm4.o(.text)
    SPI4_IRQHandler                          0x08100357   Thumb Code     0  startup_stm32h747xx_cm4.o(.text)
    SPI5_IRQHandler                          0x08100357   Thumb Code     0  startup_stm32h747xx_cm4.o(.text)
    SPI6_IRQHandler                          0x08100357   Thumb Code     0  startup_stm32h747xx_cm4.o(.text)
    SWPMI1_IRQHandler                        0x08100357   Thumb Code     0  startup_stm32h747xx_cm4.o(.text)
    TAMP_STAMP_IRQHandler                    0x08100357   Thumb Code     0  startup_stm32h747xx_cm4.o(.text)
    TIM15_IRQHandler                         0x08100357   Thumb Code     0  startup_stm32h747xx_cm4.o(.text)
    TIM16_IRQHandler                         0x08100357   Thumb Code     0  startup_stm32h747xx_cm4.o(.text)
    TIM17_IRQHandler                         0x08100357   Thumb Code     0  startup_stm32h747xx_cm4.o(.text)
    TIM1_BRK_IRQHandler                      0x08100357   Thumb Code     0  startup_stm32h747xx_cm4.o(.text)
    TIM1_CC_IRQHandler                       0x08100357   Thumb Code     0  startup_stm32h747xx_cm4.o(.text)
    TIM1_TRG_COM_IRQHandler                  0x08100357   Thumb Code     0  startup_stm32h747xx_cm4.o(.text)
    TIM1_UP_IRQHandler                       0x08100357   Thumb Code     0  startup_stm32h747xx_cm4.o(.text)
    TIM2_IRQHandler                          0x08100357   Thumb Code     0  startup_stm32h747xx_cm4.o(.text)
    TIM3_IRQHandler                          0x08100357   Thumb Code     0  startup_stm32h747xx_cm4.o(.text)
    TIM4_IRQHandler                          0x08100357   Thumb Code     0  startup_stm32h747xx_cm4.o(.text)
    TIM5_IRQHandler                          0x08100357   Thumb Code     0  startup_stm32h747xx_cm4.o(.text)
    TIM6_DAC_IRQHandler                      0x08100357   Thumb Code     0  startup_stm32h747xx_cm4.o(.text)
    TIM7_IRQHandler                          0x08100357   Thumb Code     0  startup_stm32h747xx_cm4.o(.text)
    TIM8_BRK_TIM12_IRQHandler                0x08100357   Thumb Code     0  startup_stm32h747xx_cm4.o(.text)
    TIM8_CC_IRQHandler                       0x08100357   Thumb Code     0  startup_stm32h747xx_cm4.o(.text)
    TIM8_TRG_COM_TIM14_IRQHandler            0x08100357   Thumb Code     0  startup_stm32h747xx_cm4.o(.text)
    TIM8_UP_TIM13_IRQHandler                 0x08100357   Thumb Code     0  startup_stm32h747xx_cm4.o(.text)
    UART4_IRQHandler                         0x08100357   Thumb Code     0  startup_stm32h747xx_cm4.o(.text)
    UART5_IRQHandler                         0x08100357   Thumb Code     0  startup_stm32h747xx_cm4.o(.text)
    UART7_IRQHandler                         0x08100357   Thumb Code     0  startup_stm32h747xx_cm4.o(.text)
    UART8_IRQHandler                         0x08100357   Thumb Code     0  startup_stm32h747xx_cm4.o(.text)
    USART1_IRQHandler                        0x08100357   Thumb Code     0  startup_stm32h747xx_cm4.o(.text)
    USART2_IRQHandler                        0x08100357   Thumb Code     0  startup_stm32h747xx_cm4.o(.text)
    USART3_IRQHandler                        0x08100357   Thumb Code     0  startup_stm32h747xx_cm4.o(.text)
    USART6_IRQHandler                        0x08100357   Thumb Code     0  startup_stm32h747xx_cm4.o(.text)
    WAKEUP_PIN_IRQHandler                    0x08100357   Thumb Code     0  startup_stm32h747xx_cm4.o(.text)
    WWDG_IRQHandler                          0x08100357   Thumb Code     0  startup_stm32h747xx_cm4.o(.text)
    WWDG_RST_IRQHandler                      0x08100357   Thumb Code     0  startup_stm32h747xx_cm4.o(.text)
    __user_initial_stackheap                 0x08100359   Thumb Code     0  startup_stm32h747xx_cm4.o(.text)
    __aeabi_memclr4                          0x08100381   Thumb Code     0  rt_memclr_w.o(.text)
    __aeabi_memclr8                          0x08100381   Thumb Code     0  rt_memclr_w.o(.text)
    __rt_memclr_w                            0x08100381   Thumb Code    78  rt_memclr_w.o(.text)
    _memset_w                                0x08100385   Thumb Code     0  rt_memclr_w.o(.text)
    __use_two_region_memory                  0x081003cf   Thumb Code     2  heapauxi.o(.text)
    __rt_heap_escrow$2region                 0x081003d1   Thumb Code     2  heapauxi.o(.text)
    __rt_heap_expand$2region                 0x081003d3   Thumb Code     2  heapauxi.o(.text)
    __user_setup_stackheap                   0x081003d5   Thumb Code    74  sys_stackheap_outer.o(.text)
    exit                                     0x0810041f   Thumb Code    18  exit.o(.text)
    __user_libspace                          0x08100431   Thumb Code     8  libspace.o(.text)
    __user_perproc_libspace                  0x08100431   Thumb Code     0  libspace.o(.text)
    __user_perthread_libspace                0x08100431   Thumb Code     0  libspace.o(.text)
    _sys_exit                                0x08100439   Thumb Code     8  sys_exit.o(.text)
    __I$use$semihosting                      0x08100445   Thumb Code     0  use_no_semi.o(.text)
    __use_no_semihosting_swi                 0x08100445   Thumb Code     2  use_no_semi.o(.text)
    __semihosting_library_function           0x08100447   Thumb Code     0  indicate_semi.o(.text)
    ADC_ConfigureBoostMode                   0x08100449   Thumb Code   236  stm32h7xx_hal_adc.o(i.ADC_ConfigureBoostMode)
    BusFault_Handler                         0x08100551   Thumb Code     2  stm32h7xx_it.o(i.BusFault_Handler)
    DebugMon_Handler                         0x08100553   Thumb Code     2  stm32h7xx_it.o(i.DebugMon_Handler)
    Error_Handler                            0x08100555   Thumb Code     4  main.o(i.Error_Handler)
    ExitRun0Mode                             0x08100559   Thumb Code    22  system_stm32h7xx_dualcore_boot_cm4_cm7.o(i.ExitRun0Mode)
    HAL_ADCEx_MultiModeConfigChannel         0x08100575   Thumb Code   274  stm32h7xx_hal_adc_ex.o(i.HAL_ADCEx_MultiModeConfigChannel)
    HAL_ADC_ConfigChannel                    0x0810069d   Thumb Code   936  stm32h7xx_hal_adc.o(i.HAL_ADC_ConfigChannel)
    HAL_ADC_Init                             0x08100ab1   Thumb Code   494  stm32h7xx_hal_adc.o(i.HAL_ADC_Init)
    HAL_ADC_MspInit                          0x08100cd5   Thumb Code   136  stm32h7xx_hal_msp.o(i.HAL_ADC_MspInit)
    HAL_GetCurrentCPUID                      0x08100d65   Thumb Code    20  stm32h7xx_hal_cortex.o(i.HAL_GetCurrentCPUID)
    HAL_GetREVID                             0x08100d7d   Thumb Code     8  stm32h7xx_hal.o(i.HAL_GetREVID)
    HAL_GetTick                              0x08100d89   Thumb Code     6  stm32h7xx_hal.o(i.HAL_GetTick)
    HAL_HSEM_ActivateNotification            0x08100d95   Thumb Code    10  stm32h7xx_hal_hsem.o(i.HAL_HSEM_ActivateNotification)
    HAL_IncTick                              0x08100da5   Thumb Code    12  stm32h7xx_hal.o(i.HAL_IncTick)
    HAL_Init                                 0x08100db5   Thumb Code   114  stm32h7xx_hal.o(i.HAL_Init)
    HAL_InitTick                             0x08100e41   Thumb Code    56  stm32h7xx_hal.o(i.HAL_InitTick)
    HAL_MspInit                              0x08100e81   Thumb Code    22  stm32h7xx_hal_msp.o(i.HAL_MspInit)
    HAL_NVIC_SetPriority                     0x08100e9d   Thumb Code    60  stm32h7xx_hal_cortex.o(i.HAL_NVIC_SetPriority)
    HAL_NVIC_SetPriorityGrouping             0x08100edd   Thumb Code    26  stm32h7xx_hal_cortex.o(i.HAL_NVIC_SetPriorityGrouping)
    HAL_PWREx_ClearPendingEvent              0x08100f01   Thumb Code    16  stm32h7xx_hal_pwr_ex.o(i.HAL_PWREx_ClearPendingEvent)
    HAL_PWREx_EnterSTOPMode                  0x08100f11   Thumb Code   134  stm32h7xx_hal_pwr_ex.o(i.HAL_PWREx_EnterSTOPMode)
    HAL_RCCEx_GetD3PCLK1Freq                 0x08100fa1   Thumb Code    26  stm32h7xx_hal_rcc_ex.o(i.HAL_RCCEx_GetD3PCLK1Freq)
    HAL_RCCEx_GetPLL1ClockFreq               0x08100fc5   Thumb Code   294  stm32h7xx_hal_rcc_ex.o(i.HAL_RCCEx_GetPLL1ClockFreq)
    HAL_RCCEx_GetPLL2ClockFreq               0x08101105   Thumb Code   290  stm32h7xx_hal_rcc_ex.o(i.HAL_RCCEx_GetPLL2ClockFreq)
    HAL_RCCEx_GetPLL3ClockFreq               0x08101241   Thumb Code   290  stm32h7xx_hal_rcc_ex.o(i.HAL_RCCEx_GetPLL3ClockFreq)
    HAL_RCCEx_GetPeriphCLKFreq               0x0810137d   Thumb Code   694  stm32h7xx_hal_rcc_ex.o(i.HAL_RCCEx_GetPeriphCLKFreq)
    HAL_RCCEx_PeriphCLKConfig                0x08101645   Thumb Code  2528  stm32h7xx_hal_rcc_ex.o(i.HAL_RCCEx_PeriphCLKConfig)
    HAL_RCC_GetHCLKFreq                      0x08102029   Thumb Code    48  stm32h7xx_hal_rcc.o(i.HAL_RCC_GetHCLKFreq)
    HAL_RCC_GetPCLK1Freq                     0x08102069   Thumb Code    26  stm32h7xx_hal_rcc.o(i.HAL_RCC_GetPCLK1Freq)
    HAL_RCC_GetSysClockFreq                  0x0810208d   Thumb Code   270  stm32h7xx_hal_rcc.o(i.HAL_RCC_GetSysClockFreq)
    HAL_SYSCFG_AnalogSwitchConfig            0x081021bd   Thumb Code    12  stm32h7xx_hal.o(i.HAL_SYSCFG_AnalogSwitchConfig)
    HAL_SYSTICK_Config                       0x081021cd   Thumb Code    40  stm32h7xx_hal_cortex.o(i.HAL_SYSTICK_Config)
    HardFault_Handler                        0x081021f5   Thumb Code     2  stm32h7xx_it.o(i.HardFault_Handler)
    MemManage_Handler                        0x081022a1   Thumb Code     2  stm32h7xx_it.o(i.MemManage_Handler)
    NMI_Handler                              0x081022a3   Thumb Code     2  stm32h7xx_it.o(i.NMI_Handler)
    PendSV_Handler                           0x081022a5   Thumb Code     2  stm32h7xx_it.o(i.PendSV_Handler)
    SVC_Handler                              0x081024d1   Thumb Code     2  stm32h7xx_it.o(i.SVC_Handler)
    SysTick_Handler                          0x081024d3   Thumb Code     4  stm32h7xx_it.o(i.SysTick_Handler)
    SystemInit                               0x081024d9   Thumb Code    24  system_stm32h7xx_dualcore_boot_cm4_cm7.o(i.SystemInit)
    UsageFault_Handler                       0x081024f5   Thumb Code     2  stm32h7xx_it.o(i.UsageFault_Handler)
    main                                     0x08102519   Thumb Code    94  main.o(i.main)
    _fp_init                                 0x08102585   Thumb Code    10  fpinit.o(x$fpl$fpinit)
    __fplib_config_fpu_vfp                   0x0810258d   Thumb Code     0  fpinit.o(x$fpl$fpinit)
    __fplib_config_pureend_doubles           0x0810258d   Thumb Code     0  fpinit.o(x$fpl$fpinit)
    D1CorePrescTable                         0x0810258e   Data          16  system_stm32h7xx_dualcore_boot_cm4_cm7.o(.constdata)
    Region$$Table$$Base                      0x081025a0   Number         0  anon$$obj.o(Region$$Table)
    Region$$Table$$Limit                     0x081025c0   Number         0  anon$$obj.o(Region$$Table)
    uwTickFreq                               0x10000000   Data           1  stm32h7xx_hal.o(.data)
    uwTickPrio                               0x10000004   Data           4  stm32h7xx_hal.o(.data)
    uwTick                                   0x10000008   Data           4  stm32h7xx_hal.o(.data)
    SystemCoreClock                          0x1000000c   Data           4  system_stm32h7xx_dualcore_boot_cm4_cm7.o(.data)
    SystemD2Clock                            0x10000010   Data           4  system_stm32h7xx_dualcore_boot_cm4_cm7.o(.data)
    hadc1                                    0x10000014   Data         100  main.o(.bss)
    __libspace_start                         0x10000078   Data          96  libspace.o(.bss)
    __temporary_stack_top$libspace           0x100000d8   Data           0  libspace.o(.bss)



==============================================================================

Memory Map of the image

  Image Entry point : 0x08100299

  Load Region LR_IROM1 (Base: 0x08100000, Size: 0x000025d4, Max: 0x00100000, ABSOLUTE)

    Execution Region ER_IROM1 (Exec base: 0x08100000, Load base: 0x08100000, Size: 0x000025c0, Max: 0x00100000, ABSOLUTE)

    Exec Addr    Load Addr    Size         Type   Attr      Idx    E Section Name        Object

    0x08100000   0x08100000   0x00000298   Data   RO            3    RESET               startup_stm32h747xx_cm4.o
    0x08100298   0x08100298   0x00000008   Code   RO         3310  * !!!main             c_w.l(__main.o)
    0x081002a0   0x081002a0   0x00000034   Code   RO         3469    !!!scatter          c_w.l(__scatter.o)
    0x081002d4   0x081002d4   0x0000001a   Code   RO         3471    !!handler_copy      c_w.l(__scatter_copy.o)
    0x081002ee   0x081002ee   0x00000002   PAD
    0x081002f0   0x081002f0   0x0000001c   Code   RO         3473    !!handler_zi        c_w.l(__scatter_zi.o)
    0x0810030c   0x0810030c   0x00000002   Code   RO         3337    .ARM.Collect$$libinit$$00000000  c_w.l(libinit.o)
    0x0810030e   0x0810030e   0x00000004   Code   RO         3343    .ARM.Collect$$libinit$$00000001  c_w.l(libinit2.o)
    0x08100312   0x08100312   0x00000000   Code   RO         3346    .ARM.Collect$$libinit$$00000004  c_w.l(libinit2.o)
    0x08100312   0x08100312   0x00000000   Code   RO         3349    .ARM.Collect$$libinit$$0000000A  c_w.l(libinit2.o)
    0x08100312   0x08100312   0x00000000   Code   RO         3351    .ARM.Collect$$libinit$$0000000C  c_w.l(libinit2.o)
    0x08100312   0x08100312   0x00000000   Code   RO         3353    .ARM.Collect$$libinit$$0000000E  c_w.l(libinit2.o)
    0x08100312   0x08100312   0x00000000   Code   RO         3356    .ARM.Collect$$libinit$$00000011  c_w.l(libinit2.o)
    0x08100312   0x08100312   0x00000000   Code   RO         3358    .ARM.Collect$$libinit$$00000013  c_w.l(libinit2.o)
    0x08100312   0x08100312   0x00000000   Code   RO         3360    .ARM.Collect$$libinit$$00000015  c_w.l(libinit2.o)
    0x08100312   0x08100312   0x00000000   Code   RO         3362    .ARM.Collect$$libinit$$00000017  c_w.l(libinit2.o)
    0x08100312   0x08100312   0x00000000   Code   RO         3364    .ARM.Collect$$libinit$$00000019  c_w.l(libinit2.o)
    0x08100312   0x08100312   0x00000000   Code   RO         3366    .ARM.Collect$$libinit$$0000001B  c_w.l(libinit2.o)
    0x08100312   0x08100312   0x00000000   Code   RO         3368    .ARM.Collect$$libinit$$0000001D  c_w.l(libinit2.o)
    0x08100312   0x08100312   0x00000000   Code   RO         3370    .ARM.Collect$$libinit$$0000001F  c_w.l(libinit2.o)
    0x08100312   0x08100312   0x00000000   Code   RO         3372    .ARM.Collect$$libinit$$00000021  c_w.l(libinit2.o)
    0x08100312   0x08100312   0x00000000   Code   RO         3374    .ARM.Collect$$libinit$$00000023  c_w.l(libinit2.o)
    0x08100312   0x08100312   0x00000000   Code   RO         3376    .ARM.Collect$$libinit$$00000025  c_w.l(libinit2.o)
    0x08100312   0x08100312   0x00000000   Code   RO         3380    .ARM.Collect$$libinit$$0000002C  c_w.l(libinit2.o)
    0x08100312   0x08100312   0x00000000   Code   RO         3382    .ARM.Collect$$libinit$$0000002E  c_w.l(libinit2.o)
    0x08100312   0x08100312   0x00000000   Code   RO         3384    .ARM.Collect$$libinit$$00000030  c_w.l(libinit2.o)
    0x08100312   0x08100312   0x00000000   Code   RO         3386    .ARM.Collect$$libinit$$00000032  c_w.l(libinit2.o)
    0x08100312   0x08100312   0x00000002   Code   RO         3387    .ARM.Collect$$libinit$$00000033  c_w.l(libinit2.o)
    0x08100314   0x08100314   0x00000002   Code   RO         3407    .ARM.Collect$$libshutdown$$00000000  c_w.l(libshutdown.o)
    0x08100316   0x08100316   0x00000000   Code   RO         3420    .ARM.Collect$$libshutdown$$00000002  c_w.l(libshutdown2.o)
    0x08100316   0x08100316   0x00000000   Code   RO         3422    .ARM.Collect$$libshutdown$$00000004  c_w.l(libshutdown2.o)
    0x08100316   0x08100316   0x00000000   Code   RO         3424    .ARM.Collect$$libshutdown$$00000006  c_w.l(libshutdown2.o)
    0x08100316   0x08100316   0x00000000   Code   RO         3427    .ARM.Collect$$libshutdown$$00000009  c_w.l(libshutdown2.o)
    0x08100316   0x08100316   0x00000000   Code   RO         3430    .ARM.Collect$$libshutdown$$0000000C  c_w.l(libshutdown2.o)
    0x08100316   0x08100316   0x00000000   Code   RO         3432    .ARM.Collect$$libshutdown$$0000000E  c_w.l(libshutdown2.o)
    0x08100316   0x08100316   0x00000000   Code   RO         3435    .ARM.Collect$$libshutdown$$00000011  c_w.l(libshutdown2.o)
    0x08100316   0x08100316   0x00000002   Code   RO         3436    .ARM.Collect$$libshutdown$$00000012  c_w.l(libshutdown2.o)
    0x08100318   0x08100318   0x00000000   Code   RO         3312    .ARM.Collect$$rtentry$$00000000  c_w.l(__rtentry.o)
    0x08100318   0x08100318   0x00000000   Code   RO         3314    .ARM.Collect$$rtentry$$00000002  c_w.l(__rtentry2.o)
    0x08100318   0x08100318   0x00000006   Code   RO         3326    .ARM.Collect$$rtentry$$00000004  c_w.l(__rtentry4.o)
    0x0810031e   0x0810031e   0x00000000   Code   RO         3316    .ARM.Collect$$rtentry$$00000009  c_w.l(__rtentry2.o)
    0x0810031e   0x0810031e   0x00000004   Code   RO         3317    .ARM.Collect$$rtentry$$0000000A  c_w.l(__rtentry2.o)
    0x08100322   0x08100322   0x00000000   Code   RO         3319    .ARM.Collect$$rtentry$$0000000C  c_w.l(__rtentry2.o)
    0x08100322   0x08100322   0x00000008   Code   RO         3320    .ARM.Collect$$rtentry$$0000000D  c_w.l(__rtentry2.o)
    0x0810032a   0x0810032a   0x00000002   Code   RO         3341    .ARM.Collect$$rtexit$$00000000  c_w.l(rtexit.o)
    0x0810032c   0x0810032c   0x00000000   Code   RO         3389    .ARM.Collect$$rtexit$$00000002  c_w.l(rtexit2.o)
    0x0810032c   0x0810032c   0x00000004   Code   RO         3390    .ARM.Collect$$rtexit$$00000003  c_w.l(rtexit2.o)
    0x08100330   0x08100330   0x00000006   Code   RO         3391    .ARM.Collect$$rtexit$$00000004  c_w.l(rtexit2.o)
    0x08100336   0x08100336   0x00000002   PAD
    0x08100338   0x08100338   0x00000048   Code   RO            4    .text               startup_stm32h747xx_cm4.o
    0x08100380   0x08100380   0x0000004e   Code   RO         3306    .text               c_w.l(rt_memclr_w.o)
    0x081003ce   0x081003ce   0x00000006   Code   RO         3308    .text               c_w.l(heapauxi.o)
    0x081003d4   0x081003d4   0x0000004a   Code   RO         3328    .text               c_w.l(sys_stackheap_outer.o)
    0x0810041e   0x0810041e   0x00000012   Code   RO         3330    .text               c_w.l(exit.o)
    0x08100430   0x08100430   0x00000008   Code   RO         3338    .text               c_w.l(libspace.o)
    0x08100438   0x08100438   0x0000000c   Code   RO         3399    .text               c_w.l(sys_exit.o)
    0x08100444   0x08100444   0x00000002   Code   RO         3410    .text               c_w.l(use_no_semi.o)
    0x08100446   0x08100446   0x00000000   Code   RO         3412    .text               c_w.l(indicate_semi.o)
    0x08100446   0x08100446   0x00000002   PAD
    0x08100448   0x08100448   0x00000108   Code   RO         2823    i.ADC_ConfigureBoostMode  stm32h7xx_hal_adc.o
    0x08100550   0x08100550   0x00000002   Code   RO          162    i.BusFault_Handler  stm32h7xx_it.o
    0x08100552   0x08100552   0x00000002   Code   RO          163    i.DebugMon_Handler  stm32h7xx_it.o
    0x08100554   0x08100554   0x00000004   Code   RO           13    i.Error_Handler     main.o
    0x08100558   0x08100558   0x0000001c   Code   RO         3264    i.ExitRun0Mode      system_stm32h7xx_dualcore_boot_cm4_cm7.o
    0x08100574   0x08100574   0x00000128   Code   RO         3060    i.HAL_ADCEx_MultiModeConfigChannel  stm32h7xx_hal_adc_ex.o
    0x0810069c   0x0810069c   0x00000414   Code   RO         2831    i.HAL_ADC_ConfigChannel  stm32h7xx_hal_adc.o
    0x08100ab0   0x08100ab0   0x00000224   Code   RO         2840    i.HAL_ADC_Init      stm32h7xx_hal_adc.o
    0x08100cd4   0x08100cd4   0x00000090   Code   RO          238    i.HAL_ADC_MspInit   stm32h7xx_hal_msp.o
    0x08100d64   0x08100d64   0x00000018   Code   RO          273    i.HAL_GetCurrentCPUID  stm32h7xx_hal_cortex.o
    0x08100d7c   0x08100d7c   0x0000000c   Code   RO         1861    i.HAL_GetREVID      stm32h7xx_hal.o
    0x08100d88   0x08100d88   0x0000000c   Code   RO         1862    i.HAL_GetTick       stm32h7xx_hal.o
    0x08100d94   0x08100d94   0x00000010   Code   RO         1026    i.HAL_HSEM_ActivateNotification  stm32h7xx_hal_hsem.o
    0x08100da4   0x08100da4   0x00000010   Code   RO         1868    i.HAL_IncTick       stm32h7xx_hal.o
    0x08100db4   0x08100db4   0x0000008c   Code   RO         1869    i.HAL_Init          stm32h7xx_hal.o
    0x08100e40   0x08100e40   0x00000040   Code   RO         1870    i.HAL_InitTick      stm32h7xx_hal.o
    0x08100e80   0x08100e80   0x0000001c   Code   RO          239    i.HAL_MspInit       stm32h7xx_hal_msp.o
    0x08100e9c   0x08100e9c   0x00000040   Code   RO          287    i.HAL_NVIC_SetPriority  stm32h7xx_hal_cortex.o
    0x08100edc   0x08100edc   0x00000024   Code   RO          288    i.HAL_NVIC_SetPriorityGrouping  stm32h7xx_hal_cortex.o
    0x08100f00   0x08100f00   0x00000010   Code   RO         1561    i.HAL_PWREx_ClearPendingEvent  stm32h7xx_hal_pwr_ex.o
    0x08100f10   0x08100f10   0x00000090   Code   RO         1585    i.HAL_PWREx_EnterSTOPMode  stm32h7xx_hal_pwr_ex.o
    0x08100fa0   0x08100fa0   0x00000024   Code   RO          579    i.HAL_RCCEx_GetD3PCLK1Freq  stm32h7xx_hal_rcc_ex.o
    0x08100fc4   0x08100fc4   0x00000140   Code   RO          580    i.HAL_RCCEx_GetPLL1ClockFreq  stm32h7xx_hal_rcc_ex.o
    0x08101104   0x08101104   0x0000013c   Code   RO          581    i.HAL_RCCEx_GetPLL2ClockFreq  stm32h7xx_hal_rcc_ex.o
    0x08101240   0x08101240   0x0000013c   Code   RO          582    i.HAL_RCCEx_GetPLL3ClockFreq  stm32h7xx_hal_rcc_ex.o
    0x0810137c   0x0810137c   0x000002c8   Code   RO          584    i.HAL_RCCEx_GetPeriphCLKFreq  stm32h7xx_hal_rcc_ex.o
    0x08101644   0x08101644   0x000009e4   Code   RO          588    i.HAL_RCCEx_PeriphCLKConfig  stm32h7xx_hal_rcc_ex.o
    0x08102028   0x08102028   0x00000040   Code   RO          468    i.HAL_RCC_GetHCLKFreq  stm32h7xx_hal_rcc.o
    0x08102068   0x08102068   0x00000024   Code   RO          470    i.HAL_RCC_GetPCLK1Freq  stm32h7xx_hal_rcc.o
    0x0810208c   0x0810208c   0x00000130   Code   RO          472    i.HAL_RCC_GetSysClockFreq  stm32h7xx_hal_rcc.o
    0x081021bc   0x081021bc   0x00000010   Code   RO         1874    i.HAL_SYSCFG_AnalogSwitchConfig  stm32h7xx_hal.o
    0x081021cc   0x081021cc   0x00000028   Code   RO          292    i.HAL_SYSTICK_Config  stm32h7xx_hal_cortex.o
    0x081021f4   0x081021f4   0x00000002   Code   RO          164    i.HardFault_Handler  stm32h7xx_it.o
    0x081021f6   0x081021f6   0x00000008   Code   RO         2852    i.LL_ADC_INJ_IsConversionOngoing  stm32h7xx_hal_adc.o
    0x081021fe   0x081021fe   0x00000008   Code   RO         2853    i.LL_ADC_REG_IsConversionOngoing  stm32h7xx_hal_adc.o
    0x08102206   0x08102206   0x00000008   Code   RO         3070    i.LL_ADC_REG_IsConversionOngoing  stm32h7xx_hal_adc_ex.o
    0x0810220e   0x0810220e   0x00000002   PAD
    0x08102210   0x08102210   0x00000090   Code   RO           14    i.MX_ADC1_Init      main.o
    0x081022a0   0x081022a0   0x00000002   Code   RO          165    i.MemManage_Handler  stm32h7xx_it.o
    0x081022a2   0x081022a2   0x00000002   Code   RO          166    i.NMI_Handler       stm32h7xx_it.o
    0x081022a4   0x081022a4   0x00000002   Code   RO          167    i.PendSV_Handler    stm32h7xx_it.o
    0x081022a6   0x081022a6   0x00000002   PAD
    0x081022a8   0x081022a8   0x00000114   Code   RO          591    i.RCCEx_PLL2_Config  stm32h7xx_hal_rcc_ex.o
    0x081023bc   0x081023bc   0x00000114   Code   RO          592    i.RCCEx_PLL3_Config  stm32h7xx_hal_rcc_ex.o
    0x081024d0   0x081024d0   0x00000002   Code   RO          168    i.SVC_Handler       stm32h7xx_it.o
    0x081024d2   0x081024d2   0x00000004   Code   RO          169    i.SysTick_Handler   stm32h7xx_it.o
    0x081024d6   0x081024d6   0x00000002   PAD
    0x081024d8   0x081024d8   0x0000001c   Code   RO         3266    i.SystemInit        system_stm32h7xx_dualcore_boot_cm4_cm7.o
    0x081024f4   0x081024f4   0x00000002   Code   RO          170    i.UsageFault_Handler  stm32h7xx_it.o
    0x081024f6   0x081024f6   0x00000020   Code   RO          294    i.__NVIC_SetPriority  stm32h7xx_hal_cortex.o
    0x08102516   0x08102516   0x00000002   PAD
    0x08102518   0x08102518   0x0000006c   Code   RO           15    i.main              main.o
    0x08102584   0x08102584   0x0000000a   Code   RO         3397    x$fpl$fpinit        fz_wm.l(fpinit.o)
    0x0810258e   0x0810258e   0x00000010   Data   RO         3267    .constdata          system_stm32h7xx_dualcore_boot_cm4_cm7.o
    0x0810259e   0x0810259e   0x00000002   PAD
    0x081025a0   0x081025a0   0x00000020   Data   RO         3467    Region$$Table       anon$$obj.o


    Execution Region RW_IRAM1 (Exec base: 0x10000000, Load base: 0x081025c0, Size: 0x000006d8, Max: 0x00048000, ABSOLUTE)

    Exec Addr    Load Addr    Size         Type   Attr      Idx    E Section Name        Object

    0x10000000   0x081025c0   0x0000000c   Data   RW         1896    .data               stm32h7xx_hal.o
    0x1000000c   0x081025cc   0x00000008   Data   RW         3268    .data               system_stm32h7xx_dualcore_boot_cm4_cm7.o
    0x10000014        -       0x00000064   Zero   RW           16    .bss                main.o
    0x10000078        -       0x00000060   Zero   RW         3339    .bss                c_w.l(libspace.o)
    0x100000d8        -       0x00000200   Zero   RW            2    HEAP                startup_stm32h747xx_cm4.o
    0x100002d8        -       0x00000400   Zero   RW            1    STACK               startup_stm32h747xx_cm4.o


==============================================================================

Image component sizes


      Code (inc. data)   RO Data    RW Data    ZI Data      Debug   Object Name

       256         26          0          0        100    1283674   main.o
        72         30        664          0       1536        860   startup_stm32h747xx_cm4.o
       260         52          0         12          0      31356   stm32h7xx_hal.o
      1872        202          0          0          0      67816   stm32h7xx_hal_adc.o
       304         22          0          0          0      63131   stm32h7xx_hal_adc_ex.o
       196         18          0          0          0      33768   stm32h7xx_hal_cortex.o
        16          6          0          0          0        592   stm32h7xx_hal_hsem.o
       172         14          0          0          0       1720   stm32h7xx_hal_msp.o
       160         10          0          0          0       1448   stm32h7xx_hal_pwr_ex.o
       404         60          0          0          0       2355   stm32h7xx_hal_rcc.o
      4784        178          0          0          0      10299   stm32h7xx_hal_rcc_ex.o
        20          0          0          0          0       4214   stm32h7xx_it.o
        56         10         16          8          0       1985   system_stm32h7xx_dualcore_boot_cm4_cm7.o

    ----------------------------------------------------------------------
      8580        628        714         20       1636    1503218   Object Totals
         0          0         32          0          0          0   (incl. Generated)
         8          0          2          0          0          0   (incl. Padding)

    ----------------------------------------------------------------------

      Code (inc. data)   RO Data    RW Data    ZI Data      Debug   Library Member Name

         8          0          0          0          0         68   __main.o
         0          0          0          0          0          0   __rtentry.o
        12          0          0          0          0          0   __rtentry2.o
         6          0          0          0          0          0   __rtentry4.o
        52          8          0          0          0          0   __scatter.o
        26          0          0          0          0          0   __scatter_copy.o
        28          0          0          0          0          0   __scatter_zi.o
        18          0          0          0          0         80   exit.o
         6          0          0          0          0        152   heapauxi.o
         0          0          0          0          0          0   indicate_semi.o
         2          0          0          0          0          0   libinit.o
         6          0          0          0          0          0   libinit2.o
         2          0          0          0          0          0   libshutdown.o
         2          0          0          0          0          0   libshutdown2.o
         8          4          0          0         96         68   libspace.o
        78          0          0          0          0         80   rt_memclr_w.o
         2          0          0          0          0          0   rtexit.o
        10          0          0          0          0          0   rtexit2.o
        12          4          0          0          0         68   sys_exit.o
        74          0          0          0          0         80   sys_stackheap_outer.o
         2          0          0          0          0         68   use_no_semi.o
        10          0          0          0          0        116   fpinit.o

    ----------------------------------------------------------------------
       370         16          0          0         96        780   Library Totals
         6          0          0          0          0          0   (incl. Padding)

    ----------------------------------------------------------------------

      Code (inc. data)   RO Data    RW Data    ZI Data      Debug   Library Name

       354         16          0          0         96        664   c_w.l
        10          0          0          0          0        116   fz_wm.l

    ----------------------------------------------------------------------
       370         16          0          0         96        780   Library Totals

    ----------------------------------------------------------------------

==============================================================================


      Code (inc. data)   RO Data    RW Data    ZI Data      Debug   

      8950        644        714         20       1732    1499890   Grand Totals
      8950        644        714         20       1732    1499890   ELF Image Totals
      8950        644        714         20          0          0   ROM Totals

==============================================================================

    Total RO  Size (Code + RO Data)                 9664 (   9.44kB)
    Total RW  Size (RW Data + ZI Data)              1752 (   1.71kB)
    Total ROM Size (Code + RO Data + RW Data)       9684 (   9.46kB)

==============================================================================

